Component: ARM Compiler 5.06 update 7 (build 960) Tool: armlink [4d3601]

==============================================================================

Section Cross References

    startup_stm32f103xb.o(STACK) refers (Special) to heapauxi.o(.text) for __use_two_region_memory
    startup_stm32f103xb.o(HEAP) refers (Special) to heapauxi.o(.text) for __use_two_region_memory
    startup_stm32f103xb.o(RESET) refers (Special) to heapauxi.o(.text) for __use_two_region_memory
    startup_stm32f103xb.o(RESET) refers to startup_stm32f103xb.o(STACK) for __initial_sp
    startup_stm32f103xb.o(RESET) refers to startup_stm32f103xb.o(.text) for Reset_Handler
    startup_stm32f103xb.o(RESET) refers to stm32f1xx_it.o(i.NMI_Handler) for NMI_Handler
    startup_stm32f103xb.o(RESET) refers to stm32f1xx_it.o(i.HardFault_Handler) for HardFault_Handler
    startup_stm32f103xb.o(RESET) refers to stm32f1xx_it.o(i.MemManage_Handler) for MemManage_Handler
    startup_stm32f103xb.o(RESET) refers to stm32f1xx_it.o(i.BusFault_Handler) for BusFault_Handler
    startup_stm32f103xb.o(RESET) refers to stm32f1xx_it.o(i.UsageFault_Handler) for UsageFault_Handler
    startup_stm32f103xb.o(RESET) refers to stm32f1xx_it.o(i.SVC_Handler) for SVC_Handler
    startup_stm32f103xb.o(RESET) refers to stm32f1xx_it.o(i.DebugMon_Handler) for DebugMon_Handler
    startup_stm32f103xb.o(RESET) refers to stm32f1xx_it.o(i.PendSV_Handler) for PendSV_Handler
    startup_stm32f103xb.o(RESET) refers to stm32f1xx_it.o(i.SysTick_Handler) for SysTick_Handler
    startup_stm32f103xb.o(RESET) refers to stm32f1xx_it.o(i.TIM2_IRQHandler) for TIM2_IRQHandler
    startup_stm32f103xb.o(.text) refers (Special) to heapauxi.o(.text) for __use_two_region_memory
    startup_stm32f103xb.o(.text) refers to system_stm32f1xx.o(i.SystemInit) for SystemInit
    startup_stm32f103xb.o(.text) refers to __main.o(!!!main) for __main
    startup_stm32f103xb.o(.text) refers to startup_stm32f103xb.o(HEAP) for Heap_Mem
    startup_stm32f103xb.o(.text) refers to startup_stm32f103xb.o(STACK) for Stack_Mem
    main.o(i.SystemClock_Config) refers to rt_memclr_w.o(.text) for __aeabi_memclr4
    main.o(i.SystemClock_Config) refers to stm32f1xx_hal_rcc.o(i.HAL_RCC_OscConfig) for HAL_RCC_OscConfig
    main.o(i.SystemClock_Config) refers to stm32f1xx_hal_rcc.o(i.HAL_RCC_ClockConfig) for HAL_RCC_ClockConfig
    main.o(i.SystemClock_Config) refers to stm32f1xx_hal_rcc_ex.o(i.HAL_RCCEx_PeriphCLKConfig) for HAL_RCCEx_PeriphCLKConfig
    main.o(i.main) refers to stm32f1xx_hal.o(i.HAL_Init) for HAL_Init
    main.o(i.main) refers to main.o(i.SystemClock_Config) for SystemClock_Config
    main.o(i.main) refers to gpio.o(i.MX_GPIO_Init) for MX_GPIO_Init
    main.o(i.main) refers to rtc.o(i.MX_RTC_Init) for MX_RTC_Init
    main.o(i.main) refers to tim.o(i.MX_TIM1_Init) for MX_TIM1_Init
    main.o(i.main) refers to tim.o(i.MX_TIM2_Init) for MX_TIM2_Init
    main.o(i.main) refers to stm32f1xx_hal_tim.o(i.HAL_TIM_Base_Start_IT) for HAL_TIM_Base_Start_IT
    main.o(i.main) refers to stm32f1xx_hal_tim.o(i.HAL_TIM_PWM_Start) for HAL_TIM_PWM_Start
    main.o(i.main) refers to delay.o(i.delay_init) for delay_init
    main.o(i.main) refers to oled.o(i.OLED_Init) for OLED_Init
    main.o(i.main) refers to oled.o(i.OLED_Clear) for OLED_Clear
    main.o(i.main) refers to menu.o(i.menu_init) for menu_init
    main.o(i.main) refers to stm32f1xx_hal_gpio.o(i.HAL_GPIO_WritePin) for HAL_GPIO_WritePin
    main.o(i.main) refers to menu.o(i.home_page) for home_page
    main.o(i.main) refers to menu.o(i.set_page) for set_page
    main.o(i.main) refers to menu.o(i.menu_ui) for menu_ui
    main.o(i.main) refers to tim.o(.bss) for htim2
    gpio.o(i.MX_GPIO_Init) refers to stm32f1xx_hal_gpio.o(i.HAL_GPIO_WritePin) for HAL_GPIO_WritePin
    gpio.o(i.MX_GPIO_Init) refers to stm32f1xx_hal_gpio.o(i.HAL_GPIO_Init) for HAL_GPIO_Init
    rtc.o(i.HAL_RTC_MspInit) refers to stm32f1xx_hal_pwr.o(i.HAL_PWR_EnableBkUpAccess) for HAL_PWR_EnableBkUpAccess
    rtc.o(i.MX_RTC_Init) refers to stm32f1xx_hal_rtc.o(i.HAL_RTC_Init) for HAL_RTC_Init
    rtc.o(i.MX_RTC_Init) refers to main.o(i.Error_Handler) for Error_Handler
    rtc.o(i.MX_RTC_Init) refers to stm32f1xx_hal_rtc_ex.o(i.HAL_RTCEx_BKUPRead) for HAL_RTCEx_BKUPRead
    rtc.o(i.MX_RTC_Init) refers to stm32f1xx_hal_rtc.o(i.HAL_RTC_SetTime) for HAL_RTC_SetTime
    rtc.o(i.MX_RTC_Init) refers to stm32f1xx_hal_rtc.o(i.HAL_RTC_SetDate) for HAL_RTC_SetDate
    rtc.o(i.MX_RTC_Init) refers to rtc.o(.bss) for .bss
    tim.o(i.HAL_TIM_Base_MspDeInit) refers to stm32f1xx_hal_cortex.o(i.HAL_NVIC_DisableIRQ) for HAL_NVIC_DisableIRQ
    tim.o(i.HAL_TIM_Base_MspInit) refers to stm32f1xx_hal_cortex.o(i.HAL_NVIC_SetPriority) for HAL_NVIC_SetPriority
    tim.o(i.HAL_TIM_Base_MspInit) refers to stm32f1xx_hal_cortex.o(i.HAL_NVIC_EnableIRQ) for HAL_NVIC_EnableIRQ
    tim.o(i.HAL_TIM_MspPostInit) refers to stm32f1xx_hal_gpio.o(i.HAL_GPIO_Init) for HAL_GPIO_Init
[...]
    __lcnum_c_end                            0x080075e0   Data           0  lc_numeric_c.o(locale$$data)
    __lcctype_c_name                         0x080075e4   Data           2  lc_ctype_c.o(locale$$data)
    __lcctype_c_start                        0x080075ec   Data           0  lc_ctype_c.o(locale$$data)
    __lcctype_c_end                          0x080076f0   Data           0  lc_ctype_c.o(locale$$data)
    .data                                    0x20000000   Section       12  stm32f1xx_hal.o(.data)
    .data                                    0x2000000c   Section        4  system_stm32f1xx.o(.data)
    .data                                    0x20000010   Section       12  myrtc.o(.data)
    .data                                    0x2000001c   Section       16  menu.o(.data)
    .data                                    0x2000002c   Section        4  led.o(.data)
    direction                                0x2000002c   Data           1  led.o(.data)
    pwm_value                                0x2000002e   Data           2  led.o(.data)
    .data                                    0x20000030   Section        1  settim.o(.data)
    .bss                                     0x20000034   Section       20  rtc.o(.bss)
    .bss                                     0x20000048   Section      144  tim.o(.bss)
    .bss                                     0x200000d8   Section     1024  oled.o(.bss)
    .bss                                     0x200004d8   Section       24  key.o(.bss)
    .bss                                     0x200004f0   Section       44  localtime.o(.bss)
    _tms                                     0x200004f0   Data          44  localtime.o(.bss)
    .bss                                     0x2000051c   Section       96  libspace.o(.bss)
    HEAP                                     0x20000580   Section      512  startup_stm32f103xb.o(HEAP)
    Heap_Mem                                 0x20000580   Data         512  startup_stm32f103xb.o(HEAP)
    STACK                                    0x20000780   Section     1024  startup_stm32f103xb.o(STACK)
    Stack_Mem                                0x20000780   Data        1024  startup_stm32f103xb.o(STACK)
    __initial_sp                             0x20000b80   Data           0  startup_stm32f103xb.o(STACK)

    Global Symbols

    Symbol Name                              Value     Ov Type        Size  Object(Section)

    BuildAttributes$$THM_ISAv4$P$D$K$B$S$PE$A:L22UL41UL21$X:L11$S22US41US21$IEEE1$IW$USESV6$~STKCKD$USESV7$~SHL$OTIME$ROPI$IEEEX$EBA8$UX$STANDARDLIB$REQ8$PRES8$EABIv2 0x00000000   Number         0  anon$$obj.o ABSOLUTE
    __ARM_use_no_argv                        0x00000000   Number         0  main.o ABSOLUTE
    _printf_flags                            0x00000000   Number         0  printf_stubs.o ABSOLUTE
    _printf_return_value                     0x00000000   Number         0  printf_stubs.o ABSOLUTE
    _printf_sizespec                         0x00000000   Number         0  printf_stubs.o ABSOLUTE
    _printf_widthprec                        0x00000000   Number         0  printf_stubs.o ABSOLUTE
    __ARM_exceptions_init                     - Undefined Weak Reference
    __alloca_initialize                       - Undefined Weak Reference
    __arm_fini_                               - Undefined Weak Reference
    __arm_preinit_                            - Undefined Weak Reference
    __cpp_initialize__aeabi_                  - Undefined Weak Reference
    __cxa_finalize                            - Undefined Weak Reference
    __sigvec_lookup                           - Undefined Weak Reference
    _atexit_init                              - Undefined Weak Reference
    _call_atexit_fns                          - Undefined Weak Reference
    _clock_init                               - Undefined Weak Reference
    _fp_trap_init                             - Undefined Weak Reference
    _fp_trap_shutdown                         - Undefined Weak Reference
    _get_lc_collate                           - Undefined Weak Reference
    _get_lc_monetary                          - Undefined Weak Reference
    _get_lc_time                              - Undefined Weak Reference
    _getenv_init                              - Undefined Weak Reference
    _handle_redirection                       - Undefined Weak Reference
    _init_alloc                               - Undefined Weak Reference
    _init_user_alloc                          - Undefined Weak Reference
    _initio                                   - Undefined Weak Reference
    _printf_mbtowc                            - Undefined Weak Reference
    _printf_wc                                - Undefined Weak Reference
    _rand_init                                - Undefined Weak Reference
    _signal_finish                            - Undefined Weak Reference
    _signal_init                              - Undefined Weak Reference
    _terminate_alloc                          - Undefined Weak Reference
    _terminate_user_alloc                     - Undefined Weak Reference
    _terminateio                              - Undefined Weak Reference
    __Vectors_Size                           0x000000ec   Number         0  startup_stm32f103xb.o ABSOLUTE
    __Vectors                                0x08000000   Data           4  startup_stm32f103xb.o(RESET)
    __Vectors_End                            0x080000ec   Data           0  startup_stm32f103xb.o(RESET)
    __main                                   0x080000ed   Thumb Code     8  __main.o(!!!main)
    __scatterload                            0x080000f5   Thumb Code     0  __scatter.o(!!!scatter)
    __scatterload_rt2                        0x080000f5   Thumb Code    44  __scatter.o(!!!scatter)
    __scatterload_rt2_thumb_only             0x080000f5   Thumb Code     0  __scatter.o(!!!scatter)
    __scatterload_null                       0x08000103   Thumb Code     0  __scatter.o(!!!scatter)
    __scatterload_copy                       0x08000129   Thumb Code    26  __scatter_copy.o(!!handler_copy)
    __scatterload_zeroinit                   0x08000145   Thumb Code    28  __scatter_zi.o(!!handler_zi)
    _printf_n                                0x08000161   Thumb Code     0  _printf_n.o(.ARM.Collect$$_printf_percent$$00000001)
    _printf_percent                          0x08000161   Thumb Code     0  _printf_percent.o(.ARM.Collect$$_printf_percent$$00000000)
    _printf_p                                0x08000167   Thumb Code     0  _printf_p.o(.ARM.Collect$$_printf_percent$$00000002)
    _printf_f                                0x0800016d   Thumb Code     0  _printf_f.o(.ARM.Collect$$_printf_percent$$00000003)
    _printf_e                                0x08000173   Thumb Code     0  _printf_e.o(.ARM.Collect$$_printf_percent$$00000004)
    _printf_g                                0x08000179   Thumb Code     0  _printf_g.o(.ARM.Collect$$_printf_percent$$00000005)
    _printf_a                                0x0800017f   Thumb Code     0  _printf_a.o(.ARM.Collect$$_printf_percent$$00000006)
    _printf_ll                               0x08000185   Thumb Code     0  _printf_ll.o(.ARM.Collect$$_printf_percent$$00000007)
    _printf_i                                0x0800018f   Thumb Code     0  _printf_i.o(.ARM.Collect$$_printf_percent$$00000008)
    _printf_d                                0x08000195   Thumb Code     0  _printf_d.o(.ARM.Collect$$_printf_percent$$00000009)
    _printf_u                                0x0800019b   Thumb Code     0  _printf_u.o(.ARM.Collect$$_printf_percent$$0000000A)
    _printf_o                                0x080001a1   Thumb Code     0  _printf_o.o(.ARM.Collect$$_printf_percent$$0000000B)
    _printf_x                                0x080001a7   Thumb Code     0  _printf_x.o(.ARM.Collect$$_printf_percent$$0000000C)
    _printf_lli                              0x080001ad   Thumb Code     0  _printf_lli.o(.ARM.Collect$$_printf_percent$$0000000D)
    _printf_lld                              0x080001b3   Thumb Code     0  _printf_lld.o(.ARM.Collect$$_printf_percent$$0000000E)
    _printf_llu                              0x080001b9   Thumb Code     0  _printf_llu.o(.ARM.Collect$$_printf_percent$$0000000F)
    _printf_llo                              0x080001bf   Thumb Code     0  _printf_llo.o(.ARM.Collect$$_printf_percent$$00000010)
    _printf_llx                              0x080001c5   Thumb Code     0  _printf_llx.o(.ARM.Collect$$_printf_percent$$00000011)
    _printf_l                                0x080001cb   Thumb Code     0  _printf_l.o(.ARM.Collect$$_printf_percent$$00000012)
    _printf_c                                0x080001d5   Thumb Code     0  _printf_c.o(.ARM.Collect$$_printf_percent$$00000013)
    _printf_s                                0x080001db   Thumb Code     0  _printf_s.o(.ARM.Collect$$_printf_percent$$00000014)
    _printf_lc                               0x080001e1   Thumb Code     0  _printf_lc.o(.ARM.Collect$$_printf_percent$$00000015)
    _printf_ls                               0x080001e7   Thumb Code     0  _printf_ls.o(.ARM.Collect$$_printf_percent$$00000016)
    _printf_percent_end                      0x080001ed   Thumb Code     0  _printf_percent_end.o(.ARM.Collect$$_printf_percent$$00000017)
    __rt_lib_init                            0x080001f1   Thumb Code     0  libinit.o(.ARM.Collect$$libinit$$00000000)
    __rt_lib_init_fp_1                       0x080001f3   Thumb Code     0  libinit2.o(.ARM.Collect$$libinit$$00000002)
    __rt_lib_init_heap_1                     0x080001f3   Thumb Code     0  libinit2.o(.ARM.Collect$$libinit$$0000000A)
    __rt_lib_init_lc_common                  0x080001f3   Thumb Code     0  libinit2.o(.ARM.Collect$$libinit$$0000000F)
    __rt_lib_init_preinit_1                  0x080001f3   Thumb Code     0  libinit2.o(.ARM.Collect$$libinit$$00000004)
    __rt_lib_init_rand_1                     0x080001f3   Thumb Code     0  libinit2.o(.ARM.Collect$$libinit$$0000000E)
    __rt_lib_init_user_alloc_1               0x080001f3   Thumb Code     0  libinit2.o(.ARM.Collect$$libinit$$0000000C)
    __rt_lib_init_lc_collate_1               0x080001f9   Thumb Code     0  libinit2.o(.ARM.Collect$$libinit$$00000011)
    __rt_lib_init_lc_ctype_2                 0x080001f9   Thumb Code     0  libinit2.o(.ARM.Collect$$libinit$$00000012)
    __rt_lib_init_lc_ctype_1                 0x08000205   Thumb Code     0  libinit2.o(.ARM.Collect$$libinit$$00000013)
    __rt_lib_init_lc_monetary_1              0x08000205   Thumb Code     0  libinit2.o(.ARM.Collect$$libinit$$00000015)
    __rt_lib_init_lc_numeric_2               0x08000205   Thumb Code     0  libinit2.o(.ARM.Collect$$libinit$$00000016)
    __rt_lib_init_alloca_1                   0x0800020f   Thumb Code     0  libinit2.o(.ARM.Collect$$libinit$$0000002E)
    __rt_lib_init_argv_1                     0x0800020f   Thumb Code     0  libinit2.o(.ARM.Collect$$libinit$$0000002C)
    __rt_lib_init_atexit_1                   0x0800020f   Thumb Code     0  libinit2.o(.ARM.Collect$$libinit$$0000001B)
    __rt_lib_init_clock_1                    0x0800020f   Thumb Code     0  libinit2.o(.ARM.Collect$$libinit$$00000021)
    __rt_lib_init_cpp_1                      0x0800020f   Thumb Code     0  libinit2.o(.ARM.Collect$$libinit$$00000032)
    __rt_lib_init_exceptions_1               0x0800020f   Thumb Code     0  libinit2.o(.ARM.Collect$$libinit$$00000030)
    __rt_lib_init_fp_trap_1                  0x0800020f   Thumb Code     0  libinit2.o(.ARM.Collect$$libinit$$0000001F)
    __rt_lib_init_getenv_1                   0x0800020f   Thumb Code     0  libinit2.o(.ARM.Collect$$libinit$$00000023)
    __rt_lib_init_lc_numeric_1               0x0800020f   Thumb Code     0  libinit2.o(.ARM.Collect$$libinit$$00000017)
    __rt_lib_init_lc_time_1                  0x0800020f   Thumb Code     0  libinit2.o(.ARM.Collect$$libinit$$00000019)
    __rt_lib_init_return                     0x0800020f   Thumb Code     0  libinit2.o(.ARM.Collect$$libinit$$00000033)
    __rt_lib_init_signal_1                   0x0800020f   Thumb Code     0  libinit2.o(.ARM.Collect$$libinit$$0000001D)
    __rt_lib_init_stdio_1                    0x0800020f   Thumb Code     0  libinit2.o(.ARM.Collect$$libinit$$00000025)
    __rt_lib_shutdown                        0x08000211   Thumb Code     0  libshutdown.o(.ARM.Collect$$libshutdown$$00000000)
    __rt_lib_shutdown_cpp_1                  0x08000213   Thumb Code     0  libshutdown2.o(.ARM.Collect$$libshutdown$$00000004)
    __rt_lib_shutdown_fini_1                 0x08000213   Thumb Code     0  libshutdown2.o(.ARM.Collect$$libshutdown$$00000002)
    __rt_lib_shutdown_fp_trap_1              0x08000213   Thumb Code     0  libshutdown2.o(.ARM.Collect$$libshutdown$$00000009)
    __rt_lib_shutdown_heap_1                 0x08000213   Thumb Code     0  libshutdown2.o(.ARM.Collect$$libshutdown$$00000011)
    __rt_lib_shutdown_return                 0x08000213   Thumb Code     0  libshutdown2.o(.ARM.Collect$$libshutdown$$00000012)
    __rt_lib_shutdown_signal_1               0x08000213   Thumb Code     0  libshutdown2.o(.ARM.Collect$$libshutdown$$0000000C)
    __rt_lib_shutdown_stdio_1                0x08000213   Thumb Code     0  libshutdown2.o(.ARM.Collect$$libshutdown$$00000006)
    __rt_lib_shutdown_user_alloc_1           0x08000213   Thumb Code     0  libshutdown2.o(.ARM.Collect$$libshutdown$$0000000E)
    __rt_entry                               0x08000215   Thumb Code     0  __rtentry.o(.ARM.Collect$$rtentry$$00000000)
    __rt_entry_presh_1                       0x08000215   Thumb Code     0  __rtentry2.o(.ARM.Collect$$rtentry$$00000002)
    __rt_entry_sh                            0x08000215   Thumb Code     0  __rtentry4.o(.ARM.Collect$$rtentry$$00000004)
    __rt_entry_li                            0x0800021b   Thumb Code     0  __rtentry2.o(.ARM.Collect$$rtentry$$0000000A)
    __rt_entry_postsh_1                      0x0800021b   Thumb Code     0  __rtentry2.o(.ARM.Collect$$rtentry$$00000009)
    __rt_entry_main                          0x0800021f   Thumb Code     0  __rtentry2.o(.ARM.Collect$$rtentry$$0000000D)
    __rt_entry_postli_1                      0x0800021f   Thumb Code     0  __rtentry2.o(.ARM.Collect$$rtentry$$0000000C)
    __rt_exit                                0x08000227   Thumb Code     0  rtexit.o(.ARM.Collect$$rtexit$$00000000)
    __rt_exit_ls                             0x08000229   Thumb Code     0  rtexit2.o(.ARM.Collect$$rtexit$$00000003)
    __rt_exit_prels_1                        0x08000229   Thumb Code     0  rtexit2.o(.ARM.Collect$$rtexit$$00000002)
    __rt_exit_exit                           0x0800022d   Thumb Code     0  rtexit2.o(.ARM.Collect$$rtexit$$00000004)
    Reset_Handler                            0x08000235   Thumb Code     8  startup_stm32f103xb.o(.text)
    ADC1_2_IRQHandler                        0x0800024f   Thumb Code     0  startup_stm32f103xb.o(.text)
    CAN1_RX1_IRQHandler                      0x0800024f   Thumb Code     0  startup_stm32f103xb.o(.text)
    CAN1_SCE_IRQHandler                      0x0800024f   Thumb Code     0  startup_stm32f103xb.o(.text)
    DMA1_Channel1_IRQHandler                 0x0800024f   Thumb Code     0  startup_stm32f103xb.o(.text)
    DMA1_Channel2_IRQHandler                 0x0800024f   Thumb Code     0  startup_stm32f103xb.o(.text)
    DMA1_Channel3_IRQHandler                 0x0800024f   Thumb Code     0  startup_stm32f103xb.o(.text)
    DMA1_Channel4_IRQHandler                 0x0800024f   Thumb Code     0  startup_stm32f103xb.o(.text)
    DMA1_Channel5_IRQHandler                 0x0800024f   Thumb Code     0  startup_stm32f103xb.o(.text)
    DMA1_Channel6_IRQHandler                 0x0800024f   Thumb Code     0  startup_stm32f103xb.o(.text)
    DMA1_Channel7_IRQHandler                 0x0800024f   Thumb Code     0  startup_stm32f103xb.o(.text)
    EXTI0_IRQHandler                         0x0800024f   Thumb Code     0  startup_stm32f103xb.o(.text)
    EXTI15_10_IRQHandler                     0x0800024f   Thumb Code     0  startup_stm32f103xb.o(.text)
    EXTI1_IRQHandler                         0x0800024f   Thumb Code     0  startup_stm32f103xb.o(.text)
    EXTI2_IRQHandler                         0x0800024f   Thumb Code     0  startup_stm32f103xb.o(.text)
    EXTI3_IRQHandler                         0x0800024f   Thumb Code     0  startup_stm32f103xb.o(.text)
    EXTI4_IRQHandler                         0x0800024f   Thumb Code     0  startup_stm32f103xb.o(.text)
    EXTI9_5_IRQHandler                       0x0800024f   Thumb Code     0  startup_stm32f103xb.o(.text)
    FLASH_IRQHandler                         0x0800024f   Thumb Code     0  startup_stm32f103xb.o(.text)
    I2C1_ER_IRQHandler                       0x0800024f   Thumb Code     0  startup_stm32f103xb.o(.text)
    I2C1_EV_IRQHandler                       0x0800024f   Thumb Code     0  startup_stm32f103xb.o(.text)
    I2C2_ER_IRQHandler                       0x0800024f   Thumb Code     0  startup_stm32f103xb.o(.text)
    I2C2_EV_IRQHandler                       0x0800024f   Thumb Code     0  startup_stm32f103xb.o(.text)
    PVD_IRQHandler                           0x0800024f   Thumb Code     0  startup_stm32f103xb.o(.text)
    RCC_IRQHandler                           0x0800024f   Thumb Code     0  startup_stm32f103xb.o(.text)
    RTC_Alarm_IRQHandler                     0x0800024f   Thumb Code     0  startup_stm32f103xb.o(.text)
    RTC_IRQHandler                           0x0800024f   Thumb Code     0  startup_stm32f103xb.o(.text)
    SPI1_IRQHandler                          0x0800024f   Thumb Code     0  startup_stm32f103xb.o(.text)
    SPI2_IRQHandler                          0x0800024f   Thumb Code     0  startup_stm32f103xb.o(.text)
    TAMPER_IRQHandler                        0x0800024f   Thumb Code     0  startup_stm32f103xb.o(.text)
    TIM1_BRK_IRQHandler                      0x0800024f   Thumb Code     0  startup_stm32f103xb.o(.text)
    TIM1_CC_IRQHandler                       0x0800024f   Thumb Code     0  startup_stm32f103xb.o(.text)
    TIM1_TRG_COM_IRQHandler                  0x0800024f   Thumb Code     0  startup_stm32f103xb.o(.text)
    TIM1_UP_IRQHandler                       0x0800024f   Thumb Code     0  startup_stm32f103xb.o(.text)
    TIM3_IRQHandler                          0x0800024f   Thumb Code     0  startup_stm32f103xb.o(.text)
    TIM4_IRQHandler                          0x0800024f   Thumb Code     0  startup_stm32f103xb.o(.text)
    USART1_IRQHandler                        0x0800024f   Thumb Code     0  startup_stm32f103xb.o(.text)
    USART2_IRQHandler                        0x0800024f   Thumb Code     0  startup_stm32f103xb.o(.text)
    USART3_IRQHandler                        0x0800024f   Thumb Code     0  startup_stm32f103xb.o(.text)
    USBWakeUp_IRQHandler                     0x0800024f   Thumb Code     0  startup_stm32f103xb.o(.text)
    USB_HP_CAN1_TX_IRQHandler                0x0800024f   Thumb Code     0  startup_stm32f103xb.o(.text)
    USB_LP_CAN1_RX0_IRQHandler               0x0800024f   Thumb Code     0  startup_stm32f103xb.o(.text)
    WWDG_IRQHandler                          0x0800024f   Thumb Code     0  startup_stm32f103xb.o(.text)
    __user_initial_stackheap                 0x08000251   Thumb Code     0  startup_stm32f103xb.o(.text)
    vsprintf                                 0x08000275   Thumb Code    32  vsprintf.o(.text)
    __aeabi_memcpy4                          0x08000299   Thumb Code     0  rt_memcpy_w.o(.text)
    __aeabi_memcpy8                          0x08000299   Thumb Code     0  rt_memcpy_w.o(.text)
    __rt_memcpy_w                            0x08000299   Thumb Code   100  rt_memcpy_w.o(.text)
    _memcpy_lastbytes_aligned                0x080002e1   Thumb Code     0  rt_memcpy_w.o(.text)
    __aeabi_memclr4                          0x080002fd   Thumb Code     0  rt_memclr_w.o(.text)
    __aeabi_memclr8                          0x080002fd   Thumb Code     0  rt_memclr_w.o(.text)
    __rt_memclr_w                            0x080002fd   Thumb Code    78  rt_memclr_w.o(.text)
    _memset_w                                0x08000301   Thumb Code     0  rt_memclr_w.o(.text)
    strcmp                                   0x0800034d   Thumb Code   128  strcmpv7m.o(.text)
    localtime                                0x080003cd   Thumb Code     6  localtime.o(.text)
    mktime                                   0x08000417   Thumb Code   356  mktime.o(.text)
    __use_two_region_memory                  0x08000585   Thumb Code     2  heapauxi.o(.text)
    __rt_heap_escrow$2region                 0x08000587   Thumb Code     2  heapauxi.o(.text)
    __rt_heap_expand$2region                 0x08000589   Thumb Code     2  heapauxi.o(.text)
    _printf_pre_padding                      0x0800058b   Thumb Code    44  _printf_pad.o(.text)
    _printf_post_padding                     0x080005b7   Thumb Code    34  _printf_pad.o(.text)
    _printf_truncate_signed                  0x080005d9   Thumb Code    18  _printf_truncate.o(.text)
    _printf_truncate_unsigned                0x080005eb   Thumb Code    18  _printf_truncate.o(.text)
    _printf_str                              0x080005fd   Thumb Code    82  _printf_str.o(.text)
    _printf_int_dec                          0x08000651   Thumb Code   104  _printf_dec.o(.text)
    _printf_charcount                        0x080006c9   Thumb Code    40  _printf_charcount.o(.text)
    _printf_char_common                      0x080006fb   Thumb Code    32  _printf_char_common.o(.text)
    _sputc                                   0x08000721   Thumb Code    10  _sputc.o(.text)
    _printf_wctomb                           0x0800072d   Thumb Code   182  _printf_wctomb.o(.text)
    _printf_longlong_dec                     0x080007e9   Thumb Code   108  _printf_longlong_dec.o(.text)
    _printf_longlong_oct                     0x08000865   Thumb Code    66  _printf_oct_int_ll.o(.text)
    _printf_int_oct                          0x080008a7   Thumb Code    24  _printf_oct_int_ll.o(.text)
    _printf_ll_oct                           0x080008bf   Thumb Code    12  _printf_oct_int_ll.o(.text)
    _printf_longlong_hex                     0x080008d5   Thumb Code    86  _printf_hex_int_ll_ptr.o(.text)
    _printf_int_hex                          0x0800092b   Thumb Code    28  _printf_hex_int_ll_ptr.o(.text)
    _printf_ll_hex                           0x08000947   Thumb Code    12  _printf_hex_int_ll_ptr.o(.text)
    _printf_hex_ptr                          0x08000953   Thumb Code    18  _printf_hex_int_ll_ptr.o(.text)
    __printf                                 0x08000969   Thumb Code   388  __printf_flags_ss_wp.o(.text)
    _localtime_r                             0x08000af1   Thumb Code   178  localtime_internal.o(.text)
    _n$localtime_r                           0x08000af1   Thumb Code     0  localtime_internal.o(.text)
    _ll_udiv10                               0x08000ba9   Thumb Code   138  lludiv10.o(.text)
    _printf_int_common                       0x08000c33   Thumb Code   178  _printf_intcommon.o(.text)
    __lib_sel_fp_printf                      0x08000ce5   Thumb Code     2  _printf_fp_dec.o(.text)
    _printf_fp_dec_real                      0x08000e97   Thumb Code   620  _printf_fp_dec.o(.text)
    _printf_fp_hex_real                      0x08001105   Thumb Code   756  _printf_fp_hex.o(.text)
    _printf_cs_common                        0x08001401   Thumb Code    20  _printf_char.o(.text)
    _printf_char                             0x08001415   Thumb Code    16  _printf_char.o(.text)
    _printf_string                           0x08001425   Thumb Code     8  _printf_char.o(.text)
    _printf_lcs_common                       0x0800142d   Thumb Code    20  _printf_wchar.o(.text)
    _printf_wchar                            0x08001441   Thumb Code    16  _printf_wchar.o(.text)
    _printf_wstring                          0x08001451   Thumb Code     8  _printf_wchar.o(.text)
    _wcrtomb                                 0x08001459   Thumb Code    64  _wcrtomb.o(.text)
    __user_libspace                          0x08001499   Thumb Code     8  libspace.o(.text)
    __user_perproc_libspace                  0x08001499   Thumb Code     0  libspace.o(.text)
    __user_perthread_libspace                0x08001499   Thumb Code     0  libspace.o(.text)
    __user_setup_stackheap                   0x080014a1   Thumb Code    74  sys_stackheap_outer.o(.text)
    __rt_ctype_table                         0x080014ed   Thumb Code    16  rt_ctype_table.o(.text)
    __rt_locale                              0x080014fd   Thumb Code     8  rt_locale_intlibspace.o(.text)
    _printf_fp_infnan                        0x08001505   Thumb Code   112  _printf_fp_infnan.o(.text)
    _btod_etento                             0x08001585   Thumb Code   224  bigflt0.o(.text)
    exit                                     0x08001669   Thumb Code    18  exit.o(.text)
    _sys_exit                                0x0800167d   Thumb Code     8  sys_exit.o(.text)
    __I$use$semihosting                      0x08001689   Thumb Code     0  use_no_semi.o(.text)
    __use_no_semihosting_swi                 0x08001689   Thumb Code     2  use_no_semi.o(.text)
    __semihosting_library_function           0x0800168b   Thumb Code     0  indicate_semi.o(.text)
    _btod_d2e                                0x0800168b   Thumb Code    62  btod.o(CL$$btod_d2e)
    _d2e_denorm_low                          0x080016c9   Thumb Code    70  btod.o(CL$$btod_d2e_denorm_low)
    _d2e_norm_op1                            0x0800170f   Thumb Code    96  btod.o(CL$$btod_d2e_norm_op1)
    __btod_div_common                        0x0800176f   Thumb Code   696  btod.o(CL$$btod_div_common)
    _e2e                                     0x08001aa7   Thumb Code   220  btod.o(CL$$btod_e2e)
    _btod_ediv                               0x08001b83   Thumb Code    42  btod.o(CL$$btod_ediv)
    _btod_emul                               0x08001bad   Thumb Code    42  btod.o(CL$$btod_emul)
    __btod_mult_common                       0x08001bd7   Thumb Code   580  btod.o(CL$$btod_mult_common)
    BusFault_Handler                         0x08001e1b   Thumb Code     2  stm32f1xx_it.o(i.BusFault_Handler)
    DebugMon_Handler                         0x08001e1d   Thumb Code     2  stm32f1xx_it.o(i.DebugMon_Handler)
    Error_Handler                            0x08001e1f   Thumb Code     4  main.o(i.Error_Handler)
    HAL_GPIO_Init                            0x08001e25   Thumb Code   446  stm32f1xx_hal_gpio.o(i.HAL_GPIO_Init)
    HAL_GPIO_ReadPin                         0x08002005   Thumb Code    10  stm32f1xx_hal_gpio.o(i.HAL_GPIO_ReadPin)
    HAL_GPIO_WritePin                        0x0800200f   Thumb Code    10  stm32f1xx_hal_gpio.o(i.HAL_GPIO_WritePin)
    HAL_GetTick                              0x08002019   Thumb Code     6  stm32f1xx_hal.o(i.HAL_GetTick)
    HAL_IncTick                              0x08002025   Thumb Code    12  stm32f1xx_hal.o(i.HAL_IncTick)
    HAL_Init                                 0x08002035   Thumb Code    32  stm32f1xx_hal.o(i.HAL_Init)
    HAL_InitTick                             0x08002059   Thumb Code    54  stm32f1xx_hal.o(i.HAL_InitTick)
    HAL_MspInit                              0x08002099   Thumb Code    52  stm32f1xx_hal_msp.o(i.HAL_MspInit)
    HAL_NVIC_EnableIRQ                       0x080020d5   Thumb Code    26  stm32f1xx_hal_cortex.o(i.HAL_NVIC_EnableIRQ)
    HAL_NVIC_SetPriority                     0x080020f1   Thumb Code    60  stm32f1xx_hal_cortex.o(i.HAL_NVIC_SetPriority)
    HAL_NVIC_SetPriorityGrouping             0x08002131   Thumb Code    26  stm32f1xx_hal_cortex.o(i.HAL_NVIC_SetPriorityGrouping)
    HAL_PWR_EnableBkUpAccess                 0x08002155   Thumb Code     8  stm32f1xx_hal_pwr.o(i.HAL_PWR_EnableBkUpAccess)
    HAL_RCCEx_GetPeriphCLKFreq               0x08002161   Thumb Code   148  stm32f1xx_hal_rcc_ex.o(i.HAL_RCCEx_GetPeriphCLKFreq)
    HAL_RCCEx_PeriphCLKConfig                0x08002205   Thumb Code   224  stm32f1xx_hal_rcc_ex.o(i.HAL_RCCEx_PeriphCLKConfig)
    HAL_RCC_ClockConfig                      0x080022f1   Thumb Code   280  stm32f1xx_hal_rcc.o(i.HAL_RCC_ClockConfig)
    HAL_RCC_GetPCLK2Freq                     0x0800241d   Thumb Code    20  stm32f1xx_hal_rcc.o(i.HAL_RCC_GetPCLK2Freq)
    HAL_RCC_GetSysClockFreq                  0x0800243d   Thumb Code    58  stm32f1xx_hal_rcc.o(i.HAL_RCC_GetSysClockFreq)
    HAL_RCC_OscConfig                        0x08002489   Thumb Code   778  stm32f1xx_hal_rcc.o(i.HAL_RCC_OscConfig)
    HAL_RTCEx_BKUPRead                       0x080027a9   Thumb Code    10  stm32f1xx_hal_rtc_ex.o(i.HAL_RTCEx_BKUPRead)
    HAL_RTCEx_BKUPWrite                      0x080027b9   Thumb Code    12  stm32f1xx_hal_rtc_ex.o(i.HAL_RTCEx_BKUPWrite)
    HAL_RTC_Init                             0x080027c9   Thumb Code   144  stm32f1xx_hal_rtc.o(i.HAL_RTC_Init)
    HAL_RTC_MspInit                          0x0800285d   Thumb Code    40  rtc.o(i.HAL_RTC_MspInit)
    HAL_RTC_SetDate                          0x08002891   Thumb Code   192  stm32f1xx_hal_rtc.o(i.HAL_RTC_SetDate)
    HAL_RTC_SetTime                          0x08002955   Thumb Code   168  stm32f1xx_hal_rtc.o(i.HAL_RTC_SetTime)
    HAL_RTC_WaitForSynchro                   0x08002a01   Thumb Code    58  stm32f1xx_hal_rtc.o(i.HAL_RTC_WaitForSynchro)
    HAL_SYSTICK_Config                       0x08002a3b   Thumb Code    40  stm32f1xx_hal_cortex.o(i.HAL_SYSTICK_Config)
    HAL_TIMEx_BreakCallback                  0x08002a63   Thumb Code     2  stm32f1xx_hal_tim_ex.o(i.HAL_TIMEx_BreakCallback)
    HAL_TIMEx_CommutCallback                 0x08002a65   Thumb Code     2  stm32f1xx_hal_tim_ex.o(i.HAL_TIMEx_CommutCallback)
    HAL_TIMEx_ConfigBreakDeadTime            0x08002a67   Thumb Code    84  stm32f1xx_hal_tim_ex.o(i.HAL_TIMEx_ConfigBreakDeadTime)
    HAL_TIMEx_MasterConfigSynchronization    0x08002abd   Thumb Code    92  stm32f1xx_hal_tim_ex.o(i.HAL_TIMEx_MasterConfigSynchronization)
    HAL_TIM_Base_Init                        0x08002b25   Thumb Code    90  stm32f1xx_hal_tim.o(i.HAL_TIM_Base_Init)
    HAL_TIM_Base_MspInit                     0x08002b81   Thumb Code    72  tim.o(i.HAL_TIM_Base_MspInit)
    HAL_TIM_Base_Start_IT                    0x08002bd1   Thumb Code    76  stm32f1xx_hal_tim.o(i.HAL_TIM_Base_Start_IT)
    HAL_TIM_ConfigClockSource                0x08002c29   Thumb Code   220  stm32f1xx_hal_tim.o(i.HAL_TIM_ConfigClockSource)
    HAL_TIM_IC_CaptureCallback               0x08002d05   Thumb Code     2  stm32f1xx_hal_tim.o(i.HAL_TIM_IC_CaptureCallback)
    HAL_TIM_IRQHandler                       0x08002d07   Thumb Code   304  stm32f1xx_hal_tim.o(i.HAL_TIM_IRQHandler)
    HAL_TIM_MspPostInit                      0x08002e39   Thumb Code    64  tim.o(i.HAL_TIM_MspPostInit)
    HAL_TIM_OC_DelayElapsedCallback          0x08002e85   Thumb Code     2  stm32f1xx_hal_tim.o(i.HAL_TIM_OC_DelayElapsedCallback)
    HAL_TIM_PWM_ConfigChannel                0x08002e87   Thumb Code   204  stm32f1xx_hal_tim.o(i.HAL_TIM_PWM_ConfigChannel)
    HAL_TIM_PWM_Init                         0x08002f53   Thumb Code    90  stm32f1xx_hal_tim.o(i.HAL_TIM_PWM_Init)
    HAL_TIM_PWM_MspInit                      0x08002fad   Thumb Code     2  stm32f1xx_hal_tim.o(i.HAL_TIM_PWM_MspInit)
    HAL_TIM_PWM_PulseFinishedCallback        0x08002faf   Thumb Code     2  stm32f1xx_hal_tim.o(i.HAL_TIM_PWM_PulseFinishedCallback)
    HAL_TIM_PWM_Start                        0x08002fb1   Thumb Code   144  stm32f1xx_hal_tim.o(i.HAL_TIM_PWM_Start)
    HAL_TIM_PeriodElapsedCallback            0x0800304d   Thumb Code   152  key.o(i.HAL_TIM_PeriodElapsedCallback)
    HAL_TIM_TriggerCallback                  0x080030f1   Thumb Code     2  stm32f1xx_hal_tim.o(i.HAL_TIM_TriggerCallback)
    HardFault_Handler                        0x080030f3   Thumb Code     2  stm32f1xx_it.o(i.HardFault_Handler)
    MPU6050_ReadReg                          0x080030f5   Thumb Code    62  mpu6050.o(i.MPU6050_ReadReg)
    MPU6050_WriteReg                         0x08003133   Thumb Code    48  mpu6050.o(i.MPU6050_WriteReg)
    MX_GPIO_Init                             0x08003165   Thumb Code   208  gpio.o(i.MX_GPIO_Init)
    MX_RTC_Init                              0x08003245   Thumb Code   116  rtc.o(i.MX_RTC_Init)
    MX_TIM1_Init                             0x080032c1   Thumb Code   192  tim.o(i.MX_TIM1_Init)
    MX_TIM2_Init                             0x08003389   Thumb Code    98  tim.o(i.MX_TIM2_Init)
    MemManage_Handler                        0x080033f1   Thumb Code     2  stm32f1xx_it.o(i.MemManage_Handler)
    MyI2C_Init                               0x080033f5   Thumb Code    12  myi2c.o(i.MyI2C_Init)
    MyRTC_Init                               0x08003405   Thumb Code    38  myrtc.o(i.MyRTC_Init)
    MyRTC_ReadTime                           0x08003431   Thumb Code    76  myrtc.o(i.MyRTC_ReadTime)
    MyRTC_SetTime                            0x08003485   Thumb Code   100  myrtc.o(i.MyRTC_SetTime)
    NMI_Handler                              0x080034f5   Thumb Code     2  stm32f1xx_it.o(i.NMI_Handler)
    OLED_Clear                               0x080034f9   Thumb Code    34  oled.o(i.OLED_Clear)
    OLED_ClearArea                           0x08003521   Thumb Code    86  oled.o(i.OLED_ClearArea)
    OLED_GPIO_Init                           0x0800357d   Thumb Code    38  oled.o(i.OLED_GPIO_Init)
    OLED_I2C_SendByte                        0x080035a3   Thumb Code    58  oled.o(i.OLED_I2C_SendByte)
    OLED_I2C_Start                           0x080035dd   Thumb Code    30  oled.o(i.OLED_I2C_Start)
    OLED_I2C_Stop                            0x080035fb   Thumb Code    24  oled.o(i.OLED_I2C_Stop)
    OLED_Init                                0x08003613   Thumb Code   156  oled.o(i.OLED_Init)
    OLED_Pow                                 0x080036af   Thumb Code    14  oled.o(i.OLED_Pow)
    OLED_Printf                              0x080036bd   Thumb Code    42  oled.o(i.OLED_Printf)
    OLED_ReverseArea                         0x080036e9   Thumb Code    84  oled.o(i.OLED_ReverseArea)
    OLED_SetCursor                           0x08003741   Thumb Code    34  oled.o(i.OLED_SetCursor)
    OLED_ShowChar                            0x08003765   Thumb Code    78  oled.o(i.OLED_ShowChar)
    OLED_ShowImage                           0x080037c1   Thumb Code   182  oled.o(i.OLED_ShowImage)
    OLED_ShowSignedNum                       0x0800387d   Thumb Code    94  oled.o(i.OLED_ShowSignedNum)
    OLED_ShowString                          0x080038dd   Thumb Code   210  oled.o(i.OLED_ShowString)
    OLED_Update                              0x080039b9   Thumb Code    34  oled.o(i.OLED_Update)
    OLED_W_SCL                               0x080039e1   Thumb Code    20  oled.o(i.OLED_W_SCL)
    OLED_W_SDA                               0x080039f9   Thumb Code    20  oled.o(i.OLED_W_SDA)
    OLED_WriteCommand                        0x08003a11   Thumb Code    34  oled.o(i.OLED_WriteCommand)
    OLED_WriteData                           0x08003a33   Thumb Code    48  oled.o(i.OLED_WriteData)
    PendSV_Handler                           0x08003a63   Thumb Code     2  stm32f1xx_it.o(i.PendSV_Handler)
    SVC_Handler                              0x08003bb7   Thumb Code     2  stm32f1xx_it.o(i.SVC_Handler)
    SysTick_Handler                          0x08003bb9   Thumb Code     4  stm32f1xx_it.o(i.SysTick_Handler)
    SystemClock_Config                       0x08003bbd   Thumb Code   128  main.o(i.SystemClock_Config)
    SystemInit                               0x08003c3d   Thumb Code     2  system_stm32f1xx.o(i.SystemInit)
    TIM2_IRQHandler                          0x08003c41   Thumb Code     6  stm32f1xx_it.o(i.TIM2_IRQHandler)
    TIM_Base_SetConfig                       0x08003c4d   Thumb Code   108  stm32f1xx_hal_tim.o(i.TIM_Base_SetConfig)
    TIM_CCxChannelCmd                        0x08003cc5   Thumb Code    26  stm32f1xx_hal_tim.o(i.TIM_CCxChannelCmd)
    TIM_ETR_SetConfig                        0x08003cdf   Thumb Code    20  stm32f1xx_hal_tim.o(i.TIM_ETR_SetConfig)
    TIM_OC2_SetConfig                        0x08003d55   Thumb Code    84  stm32f1xx_hal_tim.o(i.TIM_OC2_SetConfig)
    UsageFault_Handler                       0x08003e8f   Thumb Code     2  stm32f1xx_it.o(i.UsageFault_Handler)
    __ARM_fpclassify                         0x08003e91   Thumb Code    40  fpclassify.o(i.__ARM_fpclassify)
    _is_digit                                0x08003ed9   Thumb Code    14  __printf_wp.o(i._is_digit)
    change_RTC_time                          0x08003ee9   Thumb Code    24  settim.o(i.change_RTC_time)
    delay_init                               0x08003f05   Thumb Code    26  delay.o(i.delay_init)
    delay_us                                 0x08003f29   Thumb Code    28  delay.o(i.delay_us)
    direction_move                           0x08003f51   Thumb Code    14  menu.o(i.direction_move)
    getID                                    0x08003f65   Thumb Code     6  mpu6050.o(i.getID)
    home_page                                0x08003f6d   Thumb Code   122  menu.o(i.home_page)
    led_control                              0x08003ff1   Thumb Code    70  led.o(i.led_control)
    light_ui                                 0x08004041   Thumb Code    52  menu.o(i.light_ui)
    light_ui_select                          0x08004089   Thumb Code   182  menu.o(i.light_ui_select)
    main                                     0x08004145   Thumb Code    88  main.o(i.main)
    menu_init                                0x080041a9   Thumb Code     4  menu.o(i.menu_init)
    menu_ui                                  0x080041ad   Thumb Code   194  menu.o(i.menu_ui)
    menuui_move                              0x08004279   Thumb Code   222  menu.o(i.menuui_move)
    mpu6050_GetValue                         0x08004365   Thumb Code   134  mpu6050.o(i.mpu6050_GetValue)
    mpu6050_init                             0x080043eb   Thumb Code    58  mpu6050.o(i.mpu6050_init)
    mpu6500_pages                            0x08004425   Thumb Code    40  menu.o(i.mpu6500_pages)
    mpu6500_ui                               0x08004451   Thumb Code   182  menu.o(i.mpu6500_ui)
    myi2c_R_SDA                              0x08004519   Thumb Code    24  myi2c.o(i.myi2c_R_SDA)
    myi2c_W_SCL                              0x08004535   Thumb Code    32  myi2c.o(i.myi2c_W_SCL)
    myi2c_W_SDA                              0x08004559   Thumb Code    32  myi2c.o(i.myi2c_W_SDA)
    myi2c_receiveByte                        0x0800457d   Thumb Code    58  myi2c.o(i.myi2c_receiveByte)
    myi2c_receiveack                         0x080045b7   Thumb Code    30  myi2c.o(i.myi2c_receiveack)
    myi2c_sendByte                           0x080045d5   Thumb Code    48  myi2c.o(i.myi2c_sendByte)
    myi2c_sendack                            0x08004605   Thumb Code    22  myi2c.o(i.myi2c_sendack)
    myi2c_start                              0x0800461b   Thumb Code    30  myi2c.o(i.myi2c_start)
    myi2c_stop                               0x08004639   Thumb Code    24  myi2c.o(i.myi2c_stop)
    setDay                                   0x08004651   Thumb Code   104  settim.o(i.setDay)
    setHour                                  0x080046c1   Thumb Code   100  settim.o(i.setHour)
    setMin                                   0x0800472d   Thumb Code   100  settim.o(i.setMin)
    setMonth                                 0x08004799   Thumb Code   104  settim.o(i.setMonth)
    setSecond                                0x08004809   Thumb Code   100  settim.o(i.setSecond)
    setYear                                  0x08004875   Thumb Code    76  settim.o(i.setYear)
    set_page                                 0x080048c5   Thumb Code   136  menu.o(i.set_page)
    set_view_UI                              0x08004955   Thumb Code    36  menu.o(i.set_view_UI)
    settim_first_page                        0x0800498d   Thumb Code    70  settim.o(i.settim_first_page)
    settim_second_page                       0x080049f5   Thumb Code    54  settim.o(i.settim_second_page)
    settim_view                              0x08004a49   Thumb Code   266  settim.o(i.settim_view)
    show_clock_UI                            0x08004b5d   Thumb Code    82  menu.o(i.show_clock_UI)
    watch_time_page                          0x08004be1   Thumb Code   138  menu.o(i.watch_time_page)
    watch_timer                              0x08004c75   Thumb Code    68  menu.o(i.watch_timer)
    watch_timer_ui                           0x08004cbd   Thumb Code    84  menu.o(i.watch_timer_ui)
    _get_lc_numeric                          0x08004d41   Thumb Code    44  lc_numeric_c.o(locale$$code)
    _get_lc_ctype                            0x08004d6d   Thumb Code    44  lc_ctype_c.o(locale$$code)
    __aeabi_dadd                             0x08004d99   Thumb Code     0  daddsub_clz.o(x$fpl$dadd)
    _dadd                                    0x08004d99   Thumb Code   332  daddsub_clz.o(x$fpl$dadd)
    __aeabi_ddiv                             0x08004ee9   Thumb Code     0  ddiv.o(x$fpl$ddiv)
    _ddiv                                    0x08004ee9   Thumb Code   552  ddiv.o(x$fpl$ddiv)
    __aeabi_d2iz                             0x08005199   Thumb Code     0  dfix.o(x$fpl$dfix)
    _dfix                                    0x08005199   Thumb Code    94  dfix.o(x$fpl$dfix)
    __aeabi_ui2d                             0x080051f7   Thumb Code     0  dflt_clz.o(x$fpl$dfltu)
    _dfltu                                   0x080051f7   Thumb Code    38  dflt_clz.o(x$fpl$dfltu)
    __fpl_dnaninf                            0x0800521d   Thumb Code   156  dnaninf.o(x$fpl$dnaninf)
    __fpl_dretinf                            0x080052b9   Thumb Code    12  dretinf.o(x$fpl$dretinf)
    __aeabi_dsub                             0x080052c5   Thumb Code     0  daddsub_clz.o(x$fpl$dsub)
    _dsub                                    0x080052c5   Thumb Code   464  daddsub_clz.o(x$fpl$dsub)
    _printf_fp_dec                           0x08005499   Thumb Code     4  printf1.o(x$fpl$printf1)
    _printf_fp_hex                           0x0800549d   Thumb Code     4  printf2.o(x$fpl$printf2)
    __I$use$fp                               0x080054a0   Number         0  usenofp.o(x$fpl$usenofp)
    AHBPrescTable                            0x080054c4   Data          16  system_stm32f1xx.o(.constdata)
    APBPrescTable                            0x080054d4   Data           8  system_stm32f1xx.o(.constdata)
    OLED_F8x16                               0x080054dc   Data        1520  font.o(.constdata)
    OLED_F6x8                                0x08005acc   Data         570  font.o(.constdata)
    OLED_F12x24                              0x08005d06   Data        3420  font.o(.constdata)
    OLED_CF16x16                             0x08006a62   Data        1295  font.o(.constdata)
    Return                                   0x08006f71   Data          32  font.o(.constdata)
    Menu_Graph                               0x08006f91   Data        1024  font.o(.constdata)
    Frame                                    0x08007391   Data         264  font.o(.constdata)
    _monlen                                  0x080074dd   Data          12  _monlen.o(.constdata)
    Region$$Table$$Base                      0x080075a4   Number         0  anon$$obj.o(Region$$Table)
    Region$$Table$$Limit                     0x080075c4   Number         0  anon$$obj.o(Region$$Table)
    __ctype                                  0x080075ed   Data           0  lc_ctype_c.o(locale$$data)
    uwTickFreq                               0x20000000   Data           1  stm32f1xx_hal.o(.data)
    uwTickPrio                               0x20000004   Data           4  stm32f1xx_hal.o(.data)
    uwTick                                   0x20000008   Data           4  stm32f1xx_hal.o(.data)
    SystemCoreClock                          0x2000000c   Data           4  system_stm32f1xx.o(.data)
    MyRTC_Time                               0x20000010   Data          12  myrtc.o(.data)
    select_flag                              0x2000001c   Data           1  menu.o(.data)
    set_flag                                 0x2000001d   Data           1  menu.o(.data)
    now_selection                            0x2000001e   Data           1  menu.o(.data)
    new_selection                            0x2000001f   Data           1  menu.o(.data)
    speed_move                               0x20000020   Data           1  menu.o(.data)
    x_now                                    0x20000021   Data           1  menu.o(.data)
    move_flag                                0x20000022   Data           1  menu.o(.data)
    menu_flag                                0x20000023   Data           1  menu.o(.data)
    second                                   0x20000024   Data           1  menu.o(.data)
    min                                      0x20000025   Data           1  menu.o(.data)
    hour                                     0x20000026   Data           1  menu.o(.data)
    watch_timer_flag                         0x20000027   Data           1  menu.o(.data)
    time_start                               0x20000028   Data           1  menu.o(.data)
    reset_flag                               0x20000029   Data           1  menu.o(.data)
    count                                    0x2000002a   Data           2  menu.o(.data)
    settim_flag                              0x20000030   Data           1  settim.o(.data)
    hrtc                                     0x20000034   Data          20  rtc.o(.bss)
    htim1                                    0x20000048   Data          72  tim.o(.bss)
    htim2                                    0x20000090   Data          72  tim.o(.bss)
    OLED_DisplayBuf                          0x200000d8   Data        1024  oled.o(.bss)
    key                                      0x200004d8   Data          24  key.o(.bss)
    __libspace_start                         0x2000051c   Data          96  libspace.o(.bss)
    __temporary_stack_top$libspace           0x2000057c   Data           0  libspace.o(.bss)



==============================================================================

Memory Map of the image

  Image Entry point : 0x080000ed

  Load Region LR_IROM1 (Base: 0x08000000, Size: 0x00007724, Max: 0x00010000, ABSOLUTE)

    Execution Region ER_IROM1 (Exec base: 0x08000000, Load base: 0x08000000, Size: 0x000076f0, Max: 0x00010000, ABSOLUTE)

    Exec Addr    Load Addr    Size         Type   Attr      Idx    E Section Name        Object

    0x08000000   0x08000000   0x000000ec   Data   RO            3    RESET               startup_stm32f103xb.o
    0x080000ec   0x080000ec   0x00000008   Code   RO         3540  * !!!main             c_w.l(__main.o)
    0x080000f4   0x080000f4   0x00000034   Code   RO         3978    !!!scatter          c_w.l(__scatter.o)
    0x08000128   0x08000128   0x0000001a   Code   RO         3980    !!handler_copy      c_w.l(__scatter_copy.o)
    0x08000142   0x08000142   0x00000002   PAD
    0x08000144   0x08000144   0x0000001c   Code   RO         3982    !!handler_zi        c_w.l(__scatter_zi.o)
    0x08000160   0x08000160   0x00000000   Code   RO         3684    .ARM.Collect$$_printf_percent$$00000000  c_w.l(_printf_percent.o)
    0x08000160   0x08000160   0x00000006   Code   RO         3673    .ARM.Collect$$_printf_percent$$00000001  c_w.l(_printf_n.o)
    0x08000166   0x08000166   0x00000006   Code   RO         3675    .ARM.Collect$$_printf_percent$$00000002  c_w.l(_printf_p.o)
    0x0800016c   0x0800016c   0x00000006   Code   RO         3680    .ARM.Collect$$_printf_percent$$00000003  c_w.l(_printf_f.o)
    0x08000172   0x08000172   0x00000006   Code   RO         3681    .ARM.Collect$$_printf_percent$$00000004  c_w.l(_printf_e.o)
    0x08000178   0x08000178   0x00000006   Code   RO         3682    .ARM.Collect$$_printf_percent$$00000005  c_w.l(_printf_g.o)
    0x0800017e   0x0800017e   0x00000006   Code   RO         3683    .ARM.Collect$$_printf_percent$$00000006  c_w.l(_printf_a.o)
    0x08000184   0x08000184   0x0000000a   Code   RO         3688    .ARM.Collect$$_printf_percent$$00000007  c_w.l(_printf_ll.o)
    0x0800018e   0x0800018e   0x00000006   Code   RO         3677    .ARM.Collect$$_printf_percent$$00000008  c_w.l(_printf_i.o)
    0x08000194   0x08000194   0x00000006   Code   RO         3678    .ARM.Collect$$_printf_percent$$00000009  c_w.l(_printf_d.o)
    0x0800019a   0x0800019a   0x00000006   Code   RO         3679    .ARM.Collect$$_printf_percent$$0000000A  c_w.l(_printf_u.o)
    0x080001a0   0x080001a0   0x00000006   Code   RO         3676    .ARM.Collect$$_printf_percent$$0000000B  c_w.l(_printf_o.o)
    0x080001a6   0x080001a6   0x00000006   Code   RO         3674    .ARM.Collect$$_printf_percent$$0000000C  c_w.l(_printf_x.o)
    0x080001ac   0x080001ac   0x00000006   Code   RO         3685    .ARM.Collect$$_printf_percent$$0000000D  c_w.l(_printf_lli.o)
    0x080001b2   0x080001b2   0x00000006   Code   RO         3686    .ARM.Collect$$_printf_percent$$0000000E  c_w.l(_printf_lld.o)
    0x080001b8   0x080001b8   0x00000006   Code   RO         3687    .ARM.Collect$$_printf_percent$$0000000F  c_w.l(_printf_llu.o)
    0x080001be   0x080001be   0x00000006   Code   RO         3692    .ARM.Collect$$_printf_percent$$00000010  c_w.l(_printf_llo.o)
    0x080001c4   0x080001c4   0x00000006   Code   RO         3693    .ARM.Collect$$_printf_percent$$00000011  c_w.l(_printf_llx.o)
    0x080001ca   0x080001ca   0x0000000a   Code   RO         3689    .ARM.Collect$$_printf_percent$$00000012  c_w.l(_printf_l.o)
    0x080001d4   0x080001d4   0x00000006   Code   RO         3671    .ARM.Collect$$_printf_percent$$00000013  c_w.l(_printf_c.o)
    0x080001da   0x080001da   0x00000006   Code   RO         3672    .ARM.Collect$$_printf_percent$$00000014  c_w.l(_printf_s.o)
    0x080001e0   0x080001e0   0x00000006   Code   RO         3690    .ARM.Collect$$_printf_percent$$00000015  c_w.l(_printf_lc.o)
    0x080001e6   0x080001e6   0x00000006   Code   RO         3691    .ARM.Collect$$_printf_percent$$00000016  c_w.l(_printf_ls.o)
    0x080001ec   0x080001ec   0x00000004   Code   RO         3780    .ARM.Collect$$_printf_percent$$00000017  c_w.l(_printf_percent_end.o)
    0x080001f0   0x080001f0   0x00000002   Code   RO         3838    .ARM.Collect$$libinit$$00000000  c_w.l(libinit.o)
    0x080001f2   0x080001f2   0x00000000   Code   RO         3849    .ARM.Collect$$libinit$$00000002  c_w.l(libinit2.o)
    0x080001f2   0x080001f2   0x00000000   Code   RO         3851    .ARM.Collect$$libinit$$00000004  c_w.l(libinit2.o)
    0x080001f2   0x080001f2   0x00000000   Code   RO         3854    .ARM.Collect$$libinit$$0000000A  c_w.l(libinit2.o)
    0x080001f2   0x080001f2   0x00000000   Code   RO         3856    .ARM.Collect$$libinit$$0000000C  c_w.l(libinit2.o)
    0x080001f2   0x080001f2   0x00000000   Code   RO         3858    .ARM.Collect$$libinit$$0000000E  c_w.l(libinit2.o)
    0x080001f2   0x080001f2   0x00000006   Code   RO         3859    .ARM.Collect$$libinit$$0000000F  c_w.l(libinit2.o)
    0x080001f8   0x080001f8   0x00000000   Code   RO         3861    .ARM.Collect$$libinit$$00000011  c_w.l(libinit2.o)
    0x080001f8   0x080001f8   0x0000000c   Code   RO         3862    .ARM.Collect$$libinit$$00000012  c_w.l(libinit2.o)
    0x08000204   0x08000204   0x00000000   Code   RO         3863    .ARM.Collect$$libinit$$00000013  c_w.l(libinit2.o)
    0x08000204   0x08000204   0x00000000   Code   RO         3865    .ARM.Collect$$libinit$$00000015  c_w.l(libinit2.o)
    0x08000204   0x08000204   0x0000000a   Code   RO         3866    .ARM.Collect$$libinit$$00000016  c_w.l(libinit2.o)
    0x0800020e   0x0800020e   0x00000000   Code   RO         3867    .ARM.Collect$$libinit$$00000017  c_w.l(libinit2.o)
    0x0800020e   0x0800020e   0x00000000   Code   RO         3869    .ARM.Collect$$libinit$$00000019  c_w.l(libinit2.o)
    0x0800020e   0x0800020e   0x00000000   Code   RO         3871    .ARM.Collect$$libinit$$0000001B  c_w.l(libinit2.o)
    0x0800020e   0x0800020e   0x00000000   Code   RO         3873    .ARM.Collect$$libinit$$0000001D  c_w.l(libinit2.o)
    0x0800020e   0x0800020e   0x00000000   Code   RO         3875    .ARM.Collect$$libinit$$0000001F  c_w.l(libinit2.o)
    0x0800020e   0x0800020e   0x00000000   Code   RO         3877    .ARM.Collect$$libinit$$00000021  c_w.l(libinit2.o)
    0x0800020e   0x0800020e   0x00000000   Code   RO         3879    .ARM.Collect$$libinit$$00000023  c_w.l(libinit2.o)
    0x0800020e   0x0800020e   0x00000000   Code   RO         3881    .ARM.Collect$$libinit$$00000025  c_w.l(libinit2.o)
    0x0800020e   0x0800020e   0x00000000   Code   RO         3885    .ARM.Collect$$libinit$$0000002C  c_w.l(libinit2.o)
    0x0800020e   0x0800020e   0x00000000   Code   RO         3887    .ARM.Collect$$libinit$$0000002E  c_w.l(libinit2.o)
    0x0800020e   0x0800020e   0x00000000   Code   RO         3889    .ARM.Collect$$libinit$$00000030  c_w.l(libinit2.o)
    0x0800020e   0x0800020e   0x00000000   Code   RO         3891    .ARM.Collect$$libinit$$00000032  c_w.l(libinit2.o)
    0x0800020e   0x0800020e   0x00000002   Code   RO         3892    .ARM.Collect$$libinit$$00000033  c_w.l(libinit2.o)
    0x08000210   0x08000210   0x00000002   Code   RO         3916    .ARM.Collect$$libshutdown$$00000000  c_w.l(libshutdown.o)
    0x08000212   0x08000212   0x00000000   Code   RO         3929    .ARM.Collect$$libshutdown$$00000002  c_w.l(libshutdown2.o)
    0x08000212   0x08000212   0x00000000   Code   RO         3931    .ARM.Collect$$libshutdown$$00000004  c_w.l(libshutdown2.o)
    0x08000212   0x08000212   0x00000000   Code   RO         3933    .ARM.Collect$$libshutdown$$00000006  c_w.l(libshutdown2.o)
    0x08000212   0x08000212   0x00000000   Code   RO         3936    .ARM.Collect$$libshutdown$$00000009  c_w.l(libshutdown2.o)
    0x08000212   0x08000212   0x00000000   Code   RO         3939    .ARM.Collect$$libshutdown$$0000000C  c_w.l(libshutdown2.o)
    0x08000212   0x08000212   0x00000000   Code   RO         3941    .ARM.Collect$$libshutdown$$0000000E  c_w.l(libshutdown2.o)
    0x08000212   0x08000212   0x00000000   Code   RO         3944    .ARM.Collect$$libshutdown$$00000011  c_w.l(libshutdown2.o)
    0x08000212   0x08000212   0x00000002   Code   RO         3945    .ARM.Collect$$libshutdown$$00000012  c_w.l(libshutdown2.o)
    0x08000214   0x08000214   0x00000000   Code   RO         3600    .ARM.Collect$$rtentry$$00000000  c_w.l(__rtentry.o)
    0x08000214   0x08000214   0x00000000   Code   RO         3746    .ARM.Collect$$rtentry$$00000002  c_w.l(__rtentry2.o)
    0x08000214   0x08000214   0x00000006   Code   RO         3758    .ARM.Collect$$rtentry$$00000004  c_w.l(__rtentry4.o)
    0x0800021a   0x0800021a   0x00000000   Code   RO         3748    .ARM.Collect$$rtentry$$00000009  c_w.l(__rtentry2.o)
    0x0800021a   0x0800021a   0x00000004   Code   RO         3749    .ARM.Collect$$rtentry$$0000000A  c_w.l(__rtentry2.o)
    0x0800021e   0x0800021e   0x00000000   Code   RO         3751    .ARM.Collect$$rtentry$$0000000C  c_w.l(__rtentry2.o)
    0x0800021e   0x0800021e   0x00000008   Code   RO         3752    .ARM.Collect$$rtentry$$0000000D  c_w.l(__rtentry2.o)
    0x08000226   0x08000226   0x00000002   Code   RO         3843    .ARM.Collect$$rtexit$$00000000  c_w.l(rtexit.o)
    0x08000228   0x08000228   0x00000000   Code   RO         3896    .ARM.Collect$$rtexit$$00000002  c_w.l(rtexit2.o)
    0x08000228   0x08000228   0x00000004   Code   RO         3897    .ARM.Collect$$rtexit$$00000003  c_w.l(rtexit2.o)
    0x0800022c   0x0800022c   0x00000006   Code   RO         3898    .ARM.Collect$$rtexit$$00000004  c_w.l(rtexit2.o)
    0x08000232   0x08000232   0x00000002   PAD
    0x08000234   0x08000234   0x00000040   Code   RO            4    .text               startup_stm32f103xb.o
    0x08000274   0x08000274   0x00000024   Code   RO         3525    .text               c_w.l(vsprintf.o)
    0x08000298   0x08000298   0x00000064   Code   RO         3527    .text               c_w.l(rt_memcpy_w.o)
    0x080002fc   0x080002fc   0x0000004e   Code   RO         3529    .text               c_w.l(rt_memclr_w.o)
    0x0800034a   0x0800034a   0x00000002   PAD
    0x0800034c   0x0800034c   0x00000080   Code   RO         3531    .text               c_w.l(strcmpv7m.o)
    0x080003cc   0x080003cc   0x0000000c   Code   RO         3533    .text               c_w.l(localtime.o)
    0x080003d8   0x080003d8   0x000001ac   Code   RO         3536    .text               c_w.l(mktime.o)
    0x08000584   0x08000584   0x00000006   Code   RO         3538    .text               c_w.l(heapauxi.o)
    0x0800058a   0x0800058a   0x0000004e   Code   RO         3605    .text               c_w.l(_printf_pad.o)
    0x080005d8   0x080005d8   0x00000024   Code   RO         3607    .text               c_w.l(_printf_truncate.o)
    0x080005fc   0x080005fc   0x00000052   Code   RO         3609    .text               c_w.l(_printf_str.o)
    0x0800064e   0x0800064e   0x00000002   PAD
    0x08000650   0x08000650   0x00000078   Code   RO         3611    .text               c_w.l(_printf_dec.o)
    0x080006c8   0x080006c8   0x00000028   Code   RO         3613    .text               c_w.l(_printf_charcount.o)
    0x080006f0   0x080006f0   0x00000030   Code   RO         3615    .text               c_w.l(_printf_char_common.o)
    0x08000720   0x08000720   0x0000000a   Code   RO         3617    .text               c_w.l(_sputc.o)
    0x0800072a   0x0800072a   0x00000002   PAD
    0x0800072c   0x0800072c   0x000000bc   Code   RO         3619    .text               c_w.l(_printf_wctomb.o)
    0x080007e8   0x080007e8   0x0000007c   Code   RO         3622    .text               c_w.l(_printf_longlong_dec.o)
    0x08000864   0x08000864   0x00000070   Code   RO         3628    .text               c_w.l(_printf_oct_int_ll.o)
    0x080008d4   0x080008d4   0x00000094   Code   RO         3648    .text               c_w.l(_printf_hex_int_ll_ptr.o)
    0x08000968   0x08000968   0x00000188   Code   RO         3668    .text               c_w.l(__printf_flags_ss_wp.o)
    0x08000af0   0x08000af0   0x000000b8   Code   RO         3695    .text               c_w.l(localtime_internal.o)
    0x08000ba8   0x08000ba8   0x0000008a   Code   RO         3765    .text               c_w.l(lludiv10.o)
    0x08000c32   0x08000c32   0x000000b2   Code   RO         3767    .text               c_w.l(_printf_intcommon.o)
    0x08000ce4   0x08000ce4   0x0000041e   Code   RO         3769    .text               c_w.l(_printf_fp_dec.o)
    0x08001102   0x08001102   0x00000002   PAD
    0x08001104   0x08001104   0x000002fc   Code   RO         3771    .text               c_w.l(_printf_fp_hex.o)
    0x08001400   0x08001400   0x0000002c   Code   RO         3776    .text               c_w.l(_printf_char.o)
    0x0800142c   0x0800142c   0x0000002c   Code   RO         3778    .text               c_w.l(_printf_wchar.o)
    0x08001458   0x08001458   0x00000040   Code   RO         3781    .text               c_w.l(_wcrtomb.o)
    0x08001498   0x08001498   0x00000008   Code   RO         3789    .text               c_w.l(libspace.o)
    0x080014a0   0x080014a0   0x0000004a   Code   RO         3792    .text               c_w.l(sys_stackheap_outer.o)
    0x080014ea   0x080014ea   0x00000002   PAD
    0x080014ec   0x080014ec   0x00000010   Code   RO         3794    .text               c_w.l(rt_ctype_table.o)
    0x080014fc   0x080014fc   0x00000008   Code   RO         3799    .text               c_w.l(rt_locale_intlibspace.o)
    0x08001504   0x08001504   0x00000080   Code   RO         3801    .text               c_w.l(_printf_fp_infnan.o)
    0x08001584   0x08001584   0x000000e4   Code   RO         3803    .text               c_w.l(bigflt0.o)
    0x08001668   0x08001668   0x00000012   Code   RO         3831    .text               c_w.l(exit.o)
    0x0800167a   0x0800167a   0x00000002   PAD
    0x0800167c   0x0800167c   0x0000000c   Code   RO         3908    .text               c_w.l(sys_exit.o)
    0x08001688   0x08001688   0x00000002   Code   RO         3919    .text               c_w.l(use_no_semi.o)
    0x0800168a   0x0800168a   0x00000000   Code   RO         3921    .text               c_w.l(indicate_semi.o)
    0x0800168a   0x0800168a   0x0000003e   Code   RO         3806    CL$$btod_d2e        c_w.l(btod.o)
    0x080016c8   0x080016c8   0x00000046   Code   RO         3808    CL$$btod_d2e_denorm_low  c_w.l(btod.o)
    0x0800170e   0x0800170e   0x00000060   Code   RO         3807    CL$$btod_d2e_norm_op1  c_w.l(btod.o)
    0x0800176e   0x0800176e   0x00000338   Code   RO         3816    CL$$btod_div_common  c_w.l(btod.o)
    0x08001aa6   0x08001aa6   0x000000dc   Code   RO         3813    CL$$btod_e2e        c_w.l(btod.o)
    0x08001b82   0x08001b82   0x0000002a   Code   RO         3810    CL$$btod_ediv       c_w.l(btod.o)
    0x08001bac   0x08001bac   0x0000002a   Code   RO         3809    CL$$btod_emul       c_w.l(btod.o)
    0x08001bd6   0x08001bd6   0x00000244   Code   RO         3815    CL$$btod_mult_common  c_w.l(btod.o)
    0x08001e1a   0x08001e1a   0x00000002   Code   RO          296    i.BusFault_Handler  stm32f1xx_it.o
    0x08001e1c   0x08001e1c   0x00000002   Code   RO          297    i.DebugMon_Handler  stm32f1xx_it.o
    0x08001e1e   0x08001e1e   0x00000004   Code   RO           13    i.Error_Handler     main.o
    0x08001e22   0x08001e22   0x00000002   PAD
    0x08001e24   0x08001e24   0x000001e0   Code   RO         1027    i.HAL_GPIO_Init     stm32f1xx_hal_gpio.o
    0x08002004   0x08002004   0x0000000a   Code   RO         1029    i.HAL_GPIO_ReadPin  stm32f1xx_hal_gpio.o
    0x0800200e   0x0800200e   0x0000000a   Code   RO         1031    i.HAL_GPIO_WritePin  stm32f1xx_hal_gpio.o
    0x08002018   0x08002018   0x0000000c   Code   RO          721    i.HAL_GetTick       stm32f1xx_hal.o
    0x08002024   0x08002024   0x00000010   Code   RO          727    i.HAL_IncTick       stm32f1xx_hal.o
    0x08002034   0x08002034   0x00000024   Code   RO          728    i.HAL_Init          stm32f1xx_hal.o
    0x08002058   0x08002058   0x00000040   Code   RO          729    i.HAL_InitTick      stm32f1xx_hal.o
    0x08002098   0x08002098   0x0000003c   Code   RO          378    i.HAL_MspInit       stm32f1xx_hal_msp.o
    0x080020d4   0x080020d4   0x0000001a   Code   RO         1187    i.HAL_NVIC_EnableIRQ  stm32f1xx_hal_cortex.o
    0x080020ee   0x080020ee   0x00000002   PAD
    0x080020f0   0x080020f0   0x00000040   Code   RO         1193    i.HAL_NVIC_SetPriority  stm32f1xx_hal_cortex.o
    0x08002130   0x08002130   0x00000024   Code   RO         1194    i.HAL_NVIC_SetPriorityGrouping  stm32f1xx_hal_cortex.o
    0x08002154   0x08002154   0x0000000c   Code   RO         1309    i.HAL_PWR_EnableBkUpAccess  stm32f1xx_hal_pwr.o
    0x08002160   0x08002160   0x000000a4   Code   RO          988    i.HAL_RCCEx_GetPeriphCLKFreq  stm32f1xx_hal_rcc_ex.o
    0x08002204   0x08002204   0x000000ec   Code   RO          989    i.HAL_RCCEx_PeriphCLKConfig  stm32f1xx_hal_rcc_ex.o
    0x080022f0   0x080022f0   0x0000012c   Code   RO          885    i.HAL_RCC_ClockConfig  stm32f1xx_hal_rcc.o
    0x0800241c   0x0800241c   0x00000020   Code   RO          893    i.HAL_RCC_GetPCLK2Freq  stm32f1xx_hal_rcc.o
    0x0800243c   0x0800243c   0x0000004c   Code   RO          894    i.HAL_RCC_GetSysClockFreq  stm32f1xx_hal_rcc.o
    0x08002488   0x08002488   0x00000320   Code   RO          897    i.HAL_RCC_OscConfig  stm32f1xx_hal_rcc.o
    0x080027a8   0x080027a8   0x00000010   Code   RO          608    i.HAL_RTCEx_BKUPRead  stm32f1xx_hal_rtc_ex.o
    0x080027b8   0x080027b8   0x00000010   Code   RO          609    i.HAL_RTCEx_BKUPWrite  stm32f1xx_hal_rtc_ex.o
    0x080027c8   0x080027c8   0x00000094   Code   RO          446    i.HAL_RTC_Init      stm32f1xx_hal_rtc.o
    0x0800285c   0x0800285c   0x00000034   Code   RO          201    i.HAL_RTC_MspInit   rtc.o
    0x08002890   0x08002890   0x000000c4   Code   RO          452    i.HAL_RTC_SetDate   stm32f1xx_hal_rtc.o
    0x08002954   0x08002954   0x000000ac   Code   RO          453    i.HAL_RTC_SetTime   stm32f1xx_hal_rtc.o
    0x08002a00   0x08002a00   0x0000003a   Code   RO          454    i.HAL_RTC_WaitForSynchro  stm32f1xx_hal_rtc.o
    0x08002a3a   0x08002a3a   0x00000028   Code   RO         1198    i.HAL_SYSTICK_Config  stm32f1xx_hal_cortex.o
    0x08002a62   0x08002a62   0x00000002   Code   RO         2393    i.HAL_TIMEx_BreakCallback  stm32f1xx_hal_tim_ex.o
    0x08002a64   0x08002a64   0x00000002   Code   RO         2394    i.HAL_TIMEx_CommutCallback  stm32f1xx_hal_tim_ex.o
    0x08002a66   0x08002a66   0x00000054   Code   RO         2396    i.HAL_TIMEx_ConfigBreakDeadTime  stm32f1xx_hal_tim_ex.o
    0x08002aba   0x08002aba   0x00000002   PAD
    0x08002abc   0x08002abc   0x00000068   Code   RO         2412    i.HAL_TIMEx_MasterConfigSynchronization  stm32f1xx_hal_tim_ex.o
    0x08002b24   0x08002b24   0x0000005a   Code   RO         1689    i.HAL_TIM_Base_Init  stm32f1xx_hal_tim.o
    0x08002b7e   0x08002b7e   0x00000002   PAD
    0x08002b80   0x08002b80   0x00000050   Code   RO          243    i.HAL_TIM_Base_MspInit  tim.o
    0x08002bd0   0x08002bd0   0x00000058   Code   RO         1694    i.HAL_TIM_Base_Start_IT  stm32f1xx_hal_tim.o
    0x08002c28   0x08002c28   0x000000dc   Code   RO         1698    i.HAL_TIM_ConfigClockSource  stm32f1xx_hal_tim.o
    0x08002d04   0x08002d04   0x00000002   Code   RO         1723    i.HAL_TIM_IC_CaptureCallback  stm32f1xx_hal_tim.o
    0x08002d06   0x08002d06   0x00000130   Code   RO         1737    i.HAL_TIM_IRQHandler  stm32f1xx_hal_tim.o
    0x08002e36   0x08002e36   0x00000002   PAD
    0x08002e38   0x08002e38   0x0000004c   Code   RO          244    i.HAL_TIM_MspPostInit  tim.o
    0x08002e84   0x08002e84   0x00000002   Code   RO         1740    i.HAL_TIM_OC_DelayElapsedCallback  stm32f1xx_hal_tim.o
    0x08002e86   0x08002e86   0x000000cc   Code   RO         1761    i.HAL_TIM_PWM_ConfigChannel  stm32f1xx_hal_tim.o
    0x08002f52   0x08002f52   0x0000005a   Code   RO         1764    i.HAL_TIM_PWM_Init  stm32f1xx_hal_tim.o
    0x08002fac   0x08002fac   0x00000002   Code   RO         1766    i.HAL_TIM_PWM_MspInit  stm32f1xx_hal_tim.o
    0x08002fae   0x08002fae   0x00000002   Code   RO         1767    i.HAL_TIM_PWM_PulseFinishedCallback  stm32f1xx_hal_tim.o
    0x08002fb0   0x08002fb0   0x0000009c   Code   RO         1769    i.HAL_TIM_PWM_Start  stm32f1xx_hal_tim.o
    0x0800304c   0x0800304c   0x000000a4   Code   RO         3250    i.HAL_TIM_PeriodElapsedCallback  key.o
    0x080030f0   0x080030f0   0x00000002   Code   RO         1780    i.HAL_TIM_TriggerCallback  stm32f1xx_hal_tim.o
    0x080030f2   0x080030f2   0x00000002   Code   RO          298    i.HardFault_Handler  stm32f1xx_it.o
    0x080030f4   0x080030f4   0x0000003e   Code   RO         3473    i.MPU6050_ReadReg   mpu6050.o
    0x08003132   0x08003132   0x00000030   Code   RO         3474    i.MPU6050_WriteReg  mpu6050.o
    0x08003162   0x08003162   0x00000002   PAD
    0x08003164   0x08003164   0x000000e0   Code   RO          176    i.MX_GPIO_Init      gpio.o
    0x08003244   0x08003244   0x0000007c   Code   RO          202    i.MX_RTC_Init       rtc.o
    0x080032c0   0x080032c0   0x000000c8   Code   RO          245    i.MX_TIM1_Init      tim.o
    0x08003388   0x08003388   0x00000068   Code   RO          246    i.MX_TIM2_Init      tim.o
    0x080033f0   0x080033f0   0x00000002   Code   RO          299    i.MemManage_Handler  stm32f1xx_it.o
    0x080033f2   0x080033f2   0x00000002   PAD
    0x080033f4   0x080033f4   0x00000010   Code   RO         3391    i.MyI2C_Init        myi2c.o
    0x08003404   0x08003404   0x0000002c   Code   RO         2829    i.MyRTC_Init        myrtc.o
    0x08003430   0x08003430   0x00000054   Code   RO         2830    i.MyRTC_ReadTime    myrtc.o
    0x08003484   0x08003484   0x00000070   Code   RO         2831    i.MyRTC_SetTime     myrtc.o
    0x080034f4   0x080034f4   0x00000002   Code   RO          300    i.NMI_Handler       stm32f1xx_it.o
    0x080034f6   0x080034f6   0x00000002   PAD
    0x080034f8   0x080034f8   0x00000028   Code   RO         2874    i.OLED_Clear        oled.o
    0x08003520   0x08003520   0x0000005c   Code   RO         2875    i.OLED_ClearArea    oled.o
    0x0800357c   0x0800357c   0x00000026   Code   RO         2883    i.OLED_GPIO_Init    oled.o
    0x080035a2   0x080035a2   0x0000003a   Code   RO         2885    i.OLED_I2C_SendByte  oled.o
    0x080035dc   0x080035dc   0x0000001e   Code   RO         2886    i.OLED_I2C_Start    oled.o
    0x080035fa   0x080035fa   0x00000018   Code   RO         2887    i.OLED_I2C_Stop     oled.o
    0x08003612   0x08003612   0x0000009c   Code   RO         2888    i.OLED_Init         oled.o
    0x080036ae   0x080036ae   0x0000000e   Code   RO         2890    i.OLED_Pow          oled.o
    0x080036bc   0x080036bc   0x0000002a   Code   RO         2891    i.OLED_Printf       oled.o
    0x080036e6   0x080036e6   0x00000002   PAD
    0x080036e8   0x080036e8   0x00000058   Code   RO         2893    i.OLED_ReverseArea  oled.o
    0x08003740   0x08003740   0x00000022   Code   RO         2894    i.OLED_SetCursor    oled.o
    0x08003762   0x08003762   0x00000002   PAD
    0x08003764   0x08003764   0x0000005c   Code   RO         2896    i.OLED_ShowChar     oled.o
    0x080037c0   0x080037c0   0x000000bc   Code   RO         2899    i.OLED_ShowImage    oled.o
    0x0800387c   0x0800387c   0x0000005e   Code   RO         2901    i.OLED_ShowSignedNum  oled.o
    0x080038da   0x080038da   0x00000002   PAD
    0x080038dc   0x080038dc   0x000000dc   Code   RO         2902    i.OLED_ShowString   oled.o
    0x080039b8   0x080039b8   0x00000028   Code   RO         2903    i.OLED_Update       oled.o
    0x080039e0   0x080039e0   0x00000018   Code   RO         2905    i.OLED_W_SCL        oled.o
    0x080039f8   0x080039f8   0x00000018   Code   RO         2906    i.OLED_W_SDA        oled.o
    0x08003a10   0x08003a10   0x00000022   Code   RO         2907    i.OLED_WriteCommand  oled.o
    0x08003a32   0x08003a32   0x00000030   Code   RO         2908    i.OLED_WriteData    oled.o
    0x08003a62   0x08003a62   0x00000002   Code   RO          301    i.PendSV_Handler    stm32f1xx_it.o
    0x08003a64   0x08003a64   0x00000012   Code   RO          455    i.RTC_Bcd2ToByte    stm32f1xx_hal_rtc.o
    0x08003a76   0x08003a76   0x00000034   Code   RO          458    i.RTC_EnterInitMode  stm32f1xx_hal_rtc.o
    0x08003aaa   0x08003aaa   0x00000002   PAD
    0x08003aac   0x08003aac   0x00000036   Code   RO          459    i.RTC_ExitInitMode  stm32f1xx_hal_rtc.o
    0x08003ae2   0x08003ae2   0x0000000e   Code   RO          460    i.RTC_ReadAlarmCounter  stm32f1xx_hal_rtc.o
    0x08003af0   0x08003af0   0x00000020   Code   RO          461    i.RTC_ReadTimeCounter  stm32f1xx_hal_rtc.o
    0x08003b10   0x08003b10   0x00000056   Code   RO          462    i.RTC_WeekDayNum    stm32f1xx_hal_rtc.o
    0x08003b66   0x08003b66   0x00000028   Code   RO          463    i.RTC_WriteAlarmCounter  stm32f1xx_hal_rtc.o
    0x08003b8e   0x08003b8e   0x00000028   Code   RO          464    i.RTC_WriteTimeCounter  stm32f1xx_hal_rtc.o
    0x08003bb6   0x08003bb6   0x00000002   Code   RO          302    i.SVC_Handler       stm32f1xx_it.o
    0x08003bb8   0x08003bb8   0x00000004   Code   RO          303    i.SysTick_Handler   stm32f1xx_it.o
    0x08003bbc   0x08003bbc   0x00000080   Code   RO           14    i.SystemClock_Config  main.o
    0x08003c3c   0x08003c3c   0x00000002   Code   RO         2661    i.SystemInit        system_stm32f1xx.o
    0x08003c3e   0x08003c3e   0x00000002   PAD
    0x08003c40   0x08003c40   0x0000000c   Code   RO          304    i.TIM2_IRQHandler   stm32f1xx_it.o
    0x08003c4c   0x08003c4c   0x00000078   Code   RO         1782    i.TIM_Base_SetConfig  stm32f1xx_hal_tim.o
    0x08003cc4   0x08003cc4   0x0000001a   Code   RO         1783    i.TIM_CCxChannelCmd  stm32f1xx_hal_tim.o
    0x08003cde   0x08003cde   0x00000014   Code   RO         1793    i.TIM_ETR_SetConfig  stm32f1xx_hal_tim.o
    0x08003cf2   0x08003cf2   0x00000010   Code   RO         1794    i.TIM_ITRx_SetConfig  stm32f1xx_hal_tim.o
    0x08003d02   0x08003d02   0x00000002   PAD
    0x08003d04   0x08003d04   0x00000050   Code   RO         1795    i.TIM_OC1_SetConfig  stm32f1xx_hal_tim.o
    0x08003d54   0x08003d54   0x00000058   Code   RO         1796    i.TIM_OC2_SetConfig  stm32f1xx_hal_tim.o
    0x08003dac   0x08003dac   0x00000058   Code   RO         1797    i.TIM_OC3_SetConfig  stm32f1xx_hal_tim.o
    0x08003e04   0x08003e04   0x00000044   Code   RO         1798    i.TIM_OC4_SetConfig  stm32f1xx_hal_tim.o
    0x08003e48   0x08003e48   0x00000022   Code   RO         1800    i.TIM_TI1_ConfigInputStage  stm32f1xx_hal_tim.o
    0x08003e6a   0x08003e6a   0x00000024   Code   RO         1802    i.TIM_TI2_ConfigInputStage  stm32f1xx_hal_tim.o
    0x08003e8e   0x08003e8e   0x00000002   Code   RO          305    i.UsageFault_Handler  stm32f1xx_it.o
    0x08003e90   0x08003e90   0x00000028   Code   RO         3785    i.__ARM_fpclassify  m_ws.l(fpclassify.o)
    0x08003eb8   0x08003eb8   0x00000020   Code   RO         1200    i.__NVIC_SetPriority  stm32f1xx_hal_cortex.o
    0x08003ed8   0x08003ed8   0x0000000e   Code   RO         3661    i._is_digit         c_w.l(__printf_wp.o)
    0x08003ee6   0x08003ee6   0x00000002   PAD
    0x08003ee8   0x08003ee8   0x0000001c   Code   RO         3306    i.change_RTC_time   settim.o
    0x08003f04   0x08003f04   0x00000024   Code   RO         2698    i.delay_init        delay.o
    0x08003f28   0x08003f28   0x00000028   Code   RO         2700    i.delay_us          delay.o
    0x08003f50   0x08003f50   0x00000014   Code   RO         3123    i.direction_move    menu.o
    0x08003f64   0x08003f64   0x00000006   Code   RO         3475    i.getID             mpu6050.o
    0x08003f6a   0x08003f6a   0x00000002   PAD
    0x08003f6c   0x08003f6c   0x00000084   Code   RO         3124    i.home_page         menu.o
    0x08003ff0   0x08003ff0   0x00000050   Code   RO         3281    i.led_control       led.o
    0x08004040   0x08004040   0x00000048   Code   RO         3125    i.light_ui          menu.o
    0x08004088   0x08004088   0x000000bc   Code   RO         3126    i.light_ui_select   menu.o
    0x08004144   0x08004144   0x00000064   Code   RO           15    i.main              main.o
    0x080041a8   0x080041a8   0x00000004   Code   RO         3127    i.menu_init         menu.o
    0x080041ac   0x080041ac   0x000000cc   Code   RO         3128    i.menu_ui           menu.o
    0x08004278   0x08004278   0x000000ec   Code   RO         3129    i.menuui_move       menu.o
    0x08004364   0x08004364   0x00000086   Code   RO         3476    i.mpu6050_GetValue  mpu6050.o
    0x080043ea   0x080043ea   0x0000003a   Code   RO         3477    i.mpu6050_init      mpu6050.o
    0x08004424   0x08004424   0x0000002c   Code   RO         3130    i.mpu6500_pages     menu.o
    0x08004450   0x08004450   0x000000c8   Code   RO         3131    i.mpu6500_ui        menu.o
    0x08004518   0x08004518   0x0000001c   Code   RO         3392    i.myi2c_R_SDA       myi2c.o
    0x08004534   0x08004534   0x00000024   Code   RO         3393    i.myi2c_W_SCL       myi2c.o
    0x08004558   0x08004558   0x00000024   Code   RO         3394    i.myi2c_W_SDA       myi2c.o
    0x0800457c   0x0800457c   0x0000003a   Code   RO         3396    i.myi2c_receiveByte  myi2c.o
    0x080045b6   0x080045b6   0x0000001e   Code   RO         3397    i.myi2c_receiveack  myi2c.o
    0x080045d4   0x080045d4   0x00000030   Code   RO         3398    i.myi2c_sendByte    myi2c.o
    0x08004604   0x08004604   0x00000016   Code   RO         3399    i.myi2c_sendack     myi2c.o
    0x0800461a   0x0800461a   0x0000001e   Code   RO         3400    i.myi2c_start       myi2c.o
    0x08004638   0x08004638   0x00000018   Code   RO         3401    i.myi2c_stop        myi2c.o
    0x08004650   0x08004650   0x00000070   Code   RO         3307    i.setDay            settim.o
    0x080046c0   0x080046c0   0x0000006c   Code   RO         3308    i.setHour           settim.o
    0x0800472c   0x0800472c   0x0000006c   Code   RO         3309    i.setMin            settim.o
    0x08004798   0x08004798   0x00000070   Code   RO         3310    i.setMonth          settim.o
    0x08004808   0x08004808   0x0000006c   Code   RO         3311    i.setSecond         settim.o
    0x08004874   0x08004874   0x00000050   Code   RO         3312    i.setYear           settim.o
    0x080048c4   0x080048c4   0x00000090   Code   RO         3132    i.set_page          menu.o
    0x08004954   0x08004954   0x00000038   Code   RO         3133    i.set_view_UI       menu.o
    0x0800498c   0x0800498c   0x00000068   Code   RO         3313    i.settim_first_page  settim.o
    0x080049f4   0x080049f4   0x00000054   Code   RO         3314    i.settim_second_page  settim.o
    0x08004a48   0x08004a48   0x00000114   Code   RO         3315    i.settim_view       settim.o
    0x08004b5c   0x08004b5c   0x00000084   Code   RO         3134    i.show_clock_UI     menu.o
    0x08004be0   0x08004be0   0x00000094   Code   RO         3135    i.watch_time_page   menu.o
    0x08004c74   0x08004c74   0x00000048   Code   RO         3136    i.watch_timer       menu.o
    0x08004cbc   0x08004cbc   0x00000084   Code   RO         3137    i.watch_timer_ui    menu.o
    0x08004d40   0x08004d40   0x0000002c   Code   RO         3829    locale$$code        c_w.l(lc_numeric_c.o)
    0x08004d6c   0x08004d6c   0x0000002c   Code   RO         3846    locale$$code        c_w.l(lc_ctype_c.o)
    0x08004d98   0x08004d98   0x00000150   Code   RO         3544    x$fpl$dadd          fz_ws.l(daddsub_clz.o)
    0x08004ee8   0x08004ee8   0x000002b0   Code   RO         3551    x$fpl$ddiv          fz_ws.l(ddiv.o)
    0x08005198   0x08005198   0x0000005e   Code   RO         3554    x$fpl$dfix          fz_ws.l(dfix.o)
    0x080051f6   0x080051f6   0x00000026   Code   RO         3562    x$fpl$dfltu         fz_ws.l(dflt_clz.o)
    0x0800521c   0x0800521c   0x0000009c   Code   RO         3701    x$fpl$dnaninf       fz_ws.l(dnaninf.o)
    0x080052b8   0x080052b8   0x0000000c   Code   RO         3703    x$fpl$dretinf       fz_ws.l(dretinf.o)
    0x080052c4   0x080052c4   0x000001d4   Code   RO         3546    x$fpl$dsub          fz_ws.l(daddsub_clz.o)
    0x08005498   0x08005498   0x00000004   Code   RO         3711    x$fpl$printf1       fz_ws.l(printf1.o)
    0x0800549c   0x0800549c   0x00000004   Code   RO         3713    x$fpl$printf2       fz_ws.l(printf2.o)
    0x080054a0   0x080054a0   0x00000000   Code   RO         3719    x$fpl$usenofp       fz_ws.l(usenofp.o)
    0x080054a0   0x080054a0   0x00000012   Data   RO          898    .constdata          stm32f1xx_hal_rcc.o
    0x080054b2   0x080054b2   0x00000012   Data   RO          990    .constdata          stm32f1xx_hal_rcc_ex.o
    0x080054c4   0x080054c4   0x00000010   Data   RO         2662    .constdata          system_stm32f1xx.o
    0x080054d4   0x080054d4   0x00000008   Data   RO         2663    .constdata          system_stm32f1xx.o
    0x080054dc   0x080054dc   0x000005f0   Data   RO         2800    .constdata          font.o
    0x08005acc   0x08005acc   0x0000023a   Data   RO         2801    .constdata          font.o
    0x08005d06   0x08005d06   0x00000d5c   Data   RO         2802    .constdata          font.o
    0x08006a62   0x08006a62   0x0000050f   Data   RO         2803    .constdata          font.o
    0x08006f71   0x08006f71   0x00000020   Data   RO         2805    .constdata          font.o
    0x08006f91   0x08006f91   0x00000400   Data   RO         2806    .constdata          font.o
    0x08007391   0x08007391   0x00000108   Data   RO         2807    .constdata          font.o
    0x08007499   0x08007499   0x00000003   PAD
    0x0800749c   0x0800749c   0x00000008   Data   RO         3620    .constdata          c_w.l(_printf_wctomb.o)
    0x080074a4   0x080074a4   0x00000028   Data   RO         3649    .constdata          c_w.l(_printf_hex_int_ll_ptr.o)
    0x080074cc   0x080074cc   0x00000011   Data   RO         3669    .constdata          c_w.l(__printf_flags_ss_wp.o)
    0x080074dd   0x080074dd   0x0000000c   Data   RO         3694    .constdata          c_w.l(_monlen.o)
    0x080074e9   0x080074e9   0x00000026   Data   RO         3772    .constdata          c_w.l(_printf_fp_hex.o)
    0x0800750f   0x0800750f   0x00000001   PAD
    0x08007510   0x08007510   0x00000094   Data   RO         3804    .constdata          c_w.l(bigflt0.o)
    0x080075a4   0x080075a4   0x00000020   Data   RO         3976    Region$$Table       anon$$obj.o
    0x080075c4   0x080075c4   0x0000001c   Data   RO         3828    locale$$data        c_w.l(lc_numeric_c.o)
    0x080075e0   0x080075e0   0x00000110   Data   RO         3845    locale$$data        c_w.l(lc_ctype_c.o)


    Execution Region RW_IRAM1 (Exec base: 0x20000000, Load base: 0x080076f0, Size: 0x00000b80, Max: 0x00005000, ABSOLUTE)

    Exec Addr    Load Addr    Size         Type   Attr      Idx    E Section Name        Object

    0x20000000   0x080076f0   0x0000000c   Data   RW          735    .data               stm32f1xx_hal.o
    0x2000000c   0x080076fc   0x00000004   Data   RW         2664    .data               system_stm32f1xx.o
    0x20000010   0x08007700   0x0000000c   Data   RW         2832    .data               myrtc.o
    0x2000001c   0x0800770c   0x00000010   Data   RW         3139    .data               menu.o
    0x2000002c   0x0800771c   0x00000004   Data   RW         3282    .data               led.o
    0x20000030   0x08007720   0x00000001   Data   RW         3316    .data               settim.o
    0x20000031   0x08007721   0x00000003   PAD
    0x20000034        -       0x00000014   Zero   RW          203    .bss                rtc.o
    0x20000048        -       0x00000090   Zero   RW          247    .bss                tim.o
    0x200000d8        -       0x00000400   Zero   RW         2910    .bss                oled.o
    0x200004d8        -       0x00000018   Zero   RW         3251    .bss                key.o
    0x200004f0        -       0x0000002c   Zero   RW         3534    .bss                c_w.l(localtime.o)
    0x2000051c        -       0x00000060   Zero   RW         3790    .bss                c_w.l(libspace.o)
    0x2000057c   0x08007721   0x00000004   PAD
    0x20000580        -       0x00000200   Zero   RW            2    HEAP                startup_stm32f103xb.o
    0x20000780        -       0x00000400   Zero   RW            1    STACK               startup_stm32f103xb.o


==============================================================================

Image component sizes


      Code (inc. data)   RO Data    RW Data    ZI Data      Debug   Object Name

        76         22          0          0          0       1140   delay.o
         0          0       8125          0          0       1482   font.o
       224         16          0          0          0        931   gpio.o
       164         12          0          0         24       1154   key.o
        80         10          0          4          0        558   led.o
       232         12          0          0          0     426952   main.o
      1784        228          0         16          0       9800   menu.o
       308          0          0          0          0       2799   mpu6050.o
       328         16          0          0          0       4940   myi2c.o
       240         26          0         12          0       2995   myrtc.o
      1380         60          0          0       1024      12722   oled.o
       176         20          0          0         20       1459   rtc.o
      1120        130          0          1          0       5900   settim.o
        64         26        236          0       1536        776   startup_stm32f103xb.o
       128         24          0         12          0       5061   stm32f1xx_hal.o
       198         14          0          0          0      28751   stm32f1xx_hal_cortex.o
       500         34          0          0          0       3383   stm32f1xx_hal_gpio.o
        60          8          0          0          0        806   stm32f1xx_hal_msp.o
        12          4          0          0          0        479   stm32f1xx_hal_pwr.o
      1208         72         18          0          0       4389   stm32f1xx_hal_rcc.o
       400         28         18          0          0       2369   stm32f1xx_hal_rcc_ex.o
       910         12          0          0          0       8944   stm32f1xx_hal_rtc.o
        32         10          0          0          0       1539   stm32f1xx_hal_rtc_ex.o
      1738         56          0          0          0      15374   stm32f1xx_hal_tim.o
       192         12          0          0          0       3029   stm32f1xx_hal_tim_ex.o
        32          6          0          0          0       3976   stm32f1xx_it.o
         2          0         24          4          0       1019   system_stm32f1xx.o
       460         34          0          0        144       2869   tim.o

    ----------------------------------------------------------------------
     12078        892       8456         52       2748     555596   Object Totals
         0          0         32          0          0          0   (incl. Generated)
        30          0          3          3          0          0   (incl. Padding)

    ----------------------------------------------------------------------

      Code (inc. data)   RO Data    RW Data    ZI Data      Debug   Library Member Name

         8          0          0          0          0         68   __main.o
       392          4         17          0          0         92   __printf_flags_ss_wp.o
        14          0          0          0          0         68   __printf_wp.o
         0          0          0          0          0          0   __rtentry.o
        12          0          0          0          0          0   __rtentry2.o
         6          0          0          0          0          0   __rtentry4.o
        52          8          0          0          0          0   __scatter.o
        26          0          0          0          0          0   __scatter_copy.o
        28          0          0          0          0          0   __scatter_zi.o
         0          0         12          0          0          0   _monlen.o
         6          0          0          0          0          0   _printf_a.o
         6          0          0          0          0          0   _printf_c.o
        44          0          0          0          0        108   _printf_char.o
        48          6          0          0          0         96   _printf_char_common.o
        40          0          0          0          0         68   _printf_charcount.o
         6          0          0          0          0          0   _printf_d.o
       120         16          0          0          0         92   _printf_dec.o
         6          0          0          0          0          0   _printf_e.o
         6          0          0          0          0          0   _printf_f.o
      1054          0          0          0          0        216   _printf_fp_dec.o
       764          8         38          0          0        100   _printf_fp_hex.o
       128         16          0          0          0         84   _printf_fp_infnan.o
         6          0          0          0          0          0   _printf_g.o
       148          4         40          0          0        160   _printf_hex_int_ll_ptr.o
         6          0          0          0          0          0   _printf_i.o
       178          0          0          0          0         88   _printf_intcommon.o
        10          0          0          0          0          0   _printf_l.o
         6          0          0          0          0          0   _printf_lc.o
        10          0          0          0          0          0   _printf_ll.o
         6          0          0          0          0          0   _printf_lld.o
         6          0          0          0          0          0   _printf_lli.o
         6          0          0          0          0          0   _printf_llo.o
         6          0          0          0          0          0   _printf_llu.o
         6          0          0          0          0          0   _printf_llx.o
       124         16          0          0          0         92   _printf_longlong_dec.o
         6          0          0          0          0          0   _printf_ls.o
         6          0          0          0          0          0   _printf_n.o
         6          0          0          0          0          0   _printf_o.o
       112         10          0          0          0        124   _printf_oct_int_ll.o
         6          0          0          0          0          0   _printf_p.o
        78          0          0          0          0        108   _printf_pad.o
         0          0          0          0          0          0   _printf_percent.o
         4          0          0          0          0          0   _printf_percent_end.o
         6          0          0          0          0          0   _printf_s.o
        82          0          0          0          0         80   _printf_str.o
        36          0          0          0          0         84   _printf_truncate.o
         6          0          0          0          0          0   _printf_u.o
        44          0          0          0          0        108   _printf_wchar.o
       188          6          8          0          0         92   _printf_wctomb.o
         6          0          0          0          0          0   _printf_x.o
        10          0          0          0          0         68   _sputc.o
        64          0          0          0          0         92   _wcrtomb.o
       228          4        148          0          0         96   bigflt0.o
      1936        128          0          0          0        672   btod.o
        18          0          0          0          0         80   exit.o
         6          0          0          0          0        152   heapauxi.o
         0          0          0          0          0          0   indicate_semi.o
        44         10        272          0          0         76   lc_ctype_c.o
        44         10         28          0          0         76   lc_numeric_c.o
         2          0          0          0          0          0   libinit.o
        30          0          0          0          0          0   libinit2.o
         2          0          0          0          0          0   libshutdown.o
         2          0          0          0          0          0   libshutdown2.o
         8          4          0          0         96         68   libspace.o
       138          0          0          0          0         80   lludiv10.o
        12          6          0          0         44         68   localtime.o
       184          6          0          0          0         80   localtime_internal.o
       428         10          0          0          0        116   mktime.o
        16          4          0          0          0         76   rt_ctype_table.o
         8          4          0          0          0         68   rt_locale_intlibspace.o
        78          0          0          0          0         80   rt_memclr_w.o
       100          0          0          0          0         80   rt_memcpy_w.o
         2          0          0          0          0          0   rtexit.o
        10          0          0          0          0          0   rtexit2.o
       128          0          0          0          0         68   strcmpv7m.o
        12          4          0          0          0         68   sys_exit.o
        74          0          0          0          0         80   sys_stackheap_outer.o
         2          0          0          0          0         68   use_no_semi.o
        36          4          0          0          0         76   vsprintf.o
       804         16          0          0          0        272   daddsub_clz.o
       688        140          0          0          0        208   ddiv.o
        94          4          0          0          0         92   dfix.o
        38          0          0          0          0         68   dflt_clz.o
       156          4          0          0          0         92   dnaninf.o
        12          0          0          0          0         68   dretinf.o
         4          0          0          0          0         68   printf1.o
         4          0          0          0          0         68   printf2.o
         0          0          0          0          0          0   usenofp.o
        40          0          0          0          0         68   fpclassify.o

    ----------------------------------------------------------------------
      9350        452        564          0        144       5320   Library Totals
        18          0          1          0          4          0   (incl. Padding)

    ----------------------------------------------------------------------

      Code (inc. data)   RO Data    RW Data    ZI Data      Debug   Library Name

      7492        288        563          0        140       4316   c_w.l
      1800        164          0          0          0        936   fz_ws.l
        40          0          0          0          0         68   m_ws.l

    ----------------------------------------------------------------------
      9350        452        564          0        144       5320   Library Totals

    ----------------------------------------------------------------------

==============================================================================


      Code (inc. data)   RO Data    RW Data    ZI Data      Debug   

     21428       1344       9020         52       2892     550616   Grand Totals
     21428       1344       9020         52       2892     550616   ELF Image Totals
     21428       1344       9020         52          0          0   ROM Totals

==============================================================================

    Total RO  Size (Code + RO Data)                30448 (  29.73kB)
    Total RW  Size (RW Data + ZI Data)              2944 (   2.88kB)
    Total ROM Size (Code + RO Data + RW Data)      30500 (  29.79kB)

==============================================================================

