Component: ARM Compiler 5.06 update 7 (build 960) Tool: armlink [4d3601]

==============================================================================

Section Cross References

    startup_stm32f103xb.o(STACK) refers (Special) to heapauxi.o(.text) for __use_two_region_memory
    startup_stm32f103xb.o(HEAP) refers (Special) to heapauxi.o(.text) for __use_two_region_memory
    startup_stm32f103xb.o(RESET) refers (Special) to heapauxi.o(.text) for __use_two_region_memory
    startup_stm32f103xb.o(RESET) refers to startup_stm32f103xb.o(STACK) for __initial_sp
    startup_stm32f103xb.o(RESET) refers to startup_stm32f103xb.o(.text) for Reset_Handler
    startup_stm32f103xb.o(RESET) refers to stm32f1xx_it.o(i.NMI_Handler) for NMI_Handler
    startup_stm32f103xb.o(RESET) refers to stm32f1xx_it.o(i.HardFault_Handler) for HardFault_Handler
    startup_stm32f103xb.o(RESET) refers to stm32f1xx_it.o(i.MemManage_Handler) for MemManage_Handler
    startup_stm32f103xb.o(RESET) refers to stm32f1xx_it.o(i.BusFault_Handler) for BusFault_Handler
    startup_stm32f103xb.o(RESET) refers to stm32f1xx_it.o(i.UsageFault_Handler) for UsageFault_Handler
    startup_stm32f103xb.o(RESET) refers to stm32f1xx_it.o(i.SVC_Handler) for SVC_Handler
    startup_stm32f103xb.o(RESET) refers to stm32f1xx_it.o(i.DebugMon_Handler) for DebugMon_Handler
    startup_stm32f103xb.o(RESET) refers to stm32f1xx_it.o(i.PendSV_Handler) for PendSV_Handler
    startup_stm32f103xb.o(RESET) refers to stm32f1xx_it.o(i.SysTick_Handler) for SysTick_Handler
    startup_stm32f103xb.o(RESET) refers to stm32f1xx_it.o(i.TIM2_IRQHandler) for TIM2_IRQHandler
    startup_stm32f103xb.o(RESET) refers to stm32f1xx_it.o(i.TIM3_IRQHandler) for TIM3_IRQHandler
    startup_stm32f103xb.o(.text) refers (Special) to heapauxi.o(.text) for __use_two_region_memory
    startup_stm32f103xb.o(.text) refers to system_stm32f1xx.o(i.SystemInit) for SystemInit
    startup_stm32f103xb.o(.text) refers to __main.o(!!!main) for __main
    startup_stm32f103xb.o(.text) refers to startup_stm32f103xb.o(HEAP) for Heap_Mem
    startup_stm32f103xb.o(.text) refers to startup_stm32f103xb.o(STACK) for Stack_Mem
    main.o(i.SystemClock_Config) refers to rt_memclr_w.o(.text) for __aeabi_memclr4
    main.o(i.SystemClock_Config) refers to stm32f1xx_hal_rcc.o(i.HAL_RCC_OscConfig) for HAL_RCC_OscConfig
    main.o(i.SystemClock_Config) refers to stm32f1xx_hal_rcc.o(i.HAL_RCC_ClockConfig) for HAL_RCC_ClockConfig
    main.o(i.SystemClock_Config) refers to stm32f1xx_hal_rcc_ex.o(i.HAL_RCCEx_PeriphCLKConfig) for HAL_RCCEx_PeriphCLKConfig
    main.o(i.main) refers to stm32f1xx_hal.o(i.HAL_Init) for HAL_Init
    main.o(i.main) refers to main.o(i.SystemClock_Config) for SystemClock_Config
    main.o(i.main) refers to gpio.o(i.MX_GPIO_Init) for MX_GPIO_Init
    main.o(i.main) refers to rtc.o(i.MX_RTC_Init) for MX_RTC_Init
    main.o(i.main) refers to tim.o(i.MX_TIM1_Init) for MX_TIM1_Init
    main.o(i.main) refers to tim.o(i.MX_TIM2_Init) for MX_TIM2_Init
    main.o(i.main) refers to tim.o(i.MX_TIM3_Init) for MX_TIM3_Init
    main.o(i.main) refers to i2c.o(i.MX_I2C2_Init) for MX_I2C2_Init
    main.o(i.main) refers to stm32f1xx_hal_tim.o(i.HAL_TIM_Base_Start_IT) for HAL_TIM_Base_Start_IT
    main.o(i.main) refers to stm32f1xx_hal_tim.o(i.HAL_TIM_PWM_Start) for HAL_TIM_PWM_Start
    main.o(i.main) refers to delay.o(i.delay_init) for delay_init
    main.o(i.main) refers to oled.o(i.OLED_Init) for OLED_Init
    main.o(i.main) refers to oled.o(i.OLED_Clear) for OLED_Clear
    main.o(i.main) refers to menu.o(i.menu_init) for menu_init
    main.o(i.main) refers to stm32f1xx_hal_gpio.o(i.HAL_GPIO_WritePin) for HAL_GPIO_WritePin
    main.o(i.main) refers to key.o(i.Key_Task) for Key_Task
    main.o(i.main) refers to menu.o(i.UI_Task) for UI_Task
    main.o(i.main) refers to menu.o(i.Sensor_Task) for Sensor_Task
    main.o(i.main) refers to menu.o(i.Led_Task) for Led_Task
    main.o(i.main) refers to tim.o(.bss) for htim2
    gpio.o(i.MX_GPIO_Init) refers to stm32f1xx_hal_gpio.o(i.HAL_GPIO_WritePin) for HAL_GPIO_WritePin
    gpio.o(i.MX_GPIO_Init) refers to stm32f1xx_hal_gpio.o(i.HAL_GPIO_Init) for HAL_GPIO_Init
    i2c.o(i.HAL_I2C_MspDeInit) refers to stm32f1xx_hal_gpio.o(i.HAL_GPIO_DeInit) for HAL_GPIO_DeInit
    i2c.o(i.HAL_I2C_MspInit) refers to stm32f1xx_hal_gpio.o(i.HAL_GPIO_Init) for HAL_GPIO_Init
    i2c.o(i.MX_I2C2_Init) refers to stm32f1xx_hal_i2c.o(i.HAL_I2C_Init) for HAL_I2C_Init
    i2c.o(i.MX_I2C2_Init) refers to main.o(i.Error_Handler) for Error_Handler
    i2c.o(i.MX_I2C2_Init) refers to i2c.o(.bss) for .bss
    rtc.o(i.HAL_RTC_MspInit) refers to stm32f1xx_hal_pwr.o(i.HAL_PWR_EnableBkUpAccess) for HAL_PWR_EnableBkUpAccess
    rtc.o(i.MX_RTC_Init) refers to stm32f1xx_hal_rtc.o(i.HAL_RTC_Init) for HAL_RTC_Init
    rtc.o(i.MX_RTC_Init) refers to main.o(i.Error_Handler) for Error_Handler
    rtc.o(i.MX_RTC_Init) refers to stm32f1xx_hal_rtc_ex.o(i.HAL_RTCEx_BKUPRead) for HAL_RTCEx_BKUPRead
[...]
    USB_HP_CAN1_TX_IRQHandler                0x0800024f   Thumb Code     0  startup_stm32f103xb.o(.text)
    USB_LP_CAN1_RX0_IRQHandler               0x0800024f   Thumb Code     0  startup_stm32f103xb.o(.text)
    WWDG_IRQHandler                          0x0800024f   Thumb Code     0  startup_stm32f103xb.o(.text)
    __user_initial_stackheap                 0x08000251   Thumb Code     0  startup_stm32f103xb.o(.text)
    vsprintf                                 0x08000275   Thumb Code    32  vsprintf.o(.text)
    __aeabi_memcpy4                          0x08000299   Thumb Code     0  rt_memcpy_w.o(.text)
    __aeabi_memcpy8                          0x08000299   Thumb Code     0  rt_memcpy_w.o(.text)
    __rt_memcpy_w                            0x08000299   Thumb Code   100  rt_memcpy_w.o(.text)
    _memcpy_lastbytes_aligned                0x080002e1   Thumb Code     0  rt_memcpy_w.o(.text)
    __aeabi_memclr4                          0x080002fd   Thumb Code     0  rt_memclr_w.o(.text)
    __aeabi_memclr8                          0x080002fd   Thumb Code     0  rt_memclr_w.o(.text)
    __rt_memclr_w                            0x080002fd   Thumb Code    78  rt_memclr_w.o(.text)
    _memset_w                                0x08000301   Thumb Code     0  rt_memclr_w.o(.text)
    strcmp                                   0x0800034d   Thumb Code   128  strcmpv7m.o(.text)
    localtime                                0x080003cd   Thumb Code     6  localtime.o(.text)
    mktime                                   0x08000417   Thumb Code   356  mktime.o(.text)
    __use_two_region_memory                  0x08000585   Thumb Code     2  heapauxi.o(.text)
    __rt_heap_escrow$2region                 0x08000587   Thumb Code     2  heapauxi.o(.text)
    __rt_heap_expand$2region                 0x08000589   Thumb Code     2  heapauxi.o(.text)
    __read_errno                             0x0800058b   Thumb Code    10  _rserrno.o(.text)
    __set_errno                              0x08000595   Thumb Code    12  _rserrno.o(.text)
    _printf_pre_padding                      0x080005a1   Thumb Code    44  _printf_pad.o(.text)
    _printf_post_padding                     0x080005cd   Thumb Code    34  _printf_pad.o(.text)
    _printf_truncate_signed                  0x080005ef   Thumb Code    18  _printf_truncate.o(.text)
    _printf_truncate_unsigned                0x08000601   Thumb Code    18  _printf_truncate.o(.text)
    _printf_str                              0x08000613   Thumb Code    82  _printf_str.o(.text)
    _printf_int_dec                          0x08000665   Thumb Code   104  _printf_dec.o(.text)
    _printf_charcount                        0x080006dd   Thumb Code    40  _printf_charcount.o(.text)
    _printf_char_common                      0x0800070f   Thumb Code    32  _printf_char_common.o(.text)
    _sputc                                   0x08000735   Thumb Code    10  _sputc.o(.text)
    _printf_wctomb                           0x08000741   Thumb Code   182  _printf_wctomb.o(.text)
    _printf_longlong_dec                     0x080007fd   Thumb Code   108  _printf_longlong_dec.o(.text)
    _printf_longlong_oct                     0x08000879   Thumb Code    66  _printf_oct_int_ll.o(.text)
    _printf_int_oct                          0x080008bb   Thumb Code    24  _printf_oct_int_ll.o(.text)
    _printf_ll_oct                           0x080008d3   Thumb Code    12  _printf_oct_int_ll.o(.text)
    _printf_longlong_hex                     0x080008e9   Thumb Code    86  _printf_hex_int_ll_ptr.o(.text)
    _printf_int_hex                          0x0800093f   Thumb Code    28  _printf_hex_int_ll_ptr.o(.text)
    _printf_ll_hex                           0x0800095b   Thumb Code    12  _printf_hex_int_ll_ptr.o(.text)
    _printf_hex_ptr                          0x08000967   Thumb Code    18  _printf_hex_int_ll_ptr.o(.text)
    __printf                                 0x0800097d   Thumb Code   388  __printf_flags_ss_wp.o(.text)
    _localtime_r                             0x08000b05   Thumb Code   178  localtime_internal.o(.text)
    _n$localtime_r                           0x08000b05   Thumb Code     0  localtime_internal.o(.text)
    __aeabi_errno_addr                       0x08000bbd   Thumb Code     8  rt_errno_addr_intlibspace.o(.text)
    __errno$intlibspace                      0x08000bbd   Thumb Code     0  rt_errno_addr_intlibspace.o(.text)
    __rt_errno_addr$intlibspace              0x08000bbd   Thumb Code     0  rt_errno_addr_intlibspace.o(.text)
    _ll_udiv10                               0x08000bc5   Thumb Code   138  lludiv10.o(.text)
    _printf_int_common                       0x08000c4f   Thumb Code   178  _printf_intcommon.o(.text)
    __lib_sel_fp_printf                      0x08000d01   Thumb Code     2  _printf_fp_dec.o(.text)
    _printf_fp_dec_real                      0x08000eb3   Thumb Code   620  _printf_fp_dec.o(.text)
    _printf_fp_hex_real                      0x08001121   Thumb Code   756  _printf_fp_hex.o(.text)
    _printf_cs_common                        0x0800141d   Thumb Code    20  _printf_char.o(.text)
    _printf_char                             0x08001431   Thumb Code    16  _printf_char.o(.text)
    _printf_string                           0x08001441   Thumb Code     8  _printf_char.o(.text)
    _printf_lcs_common                       0x08001449   Thumb Code    20  _printf_wchar.o(.text)
    _printf_wchar                            0x0800145d   Thumb Code    16  _printf_wchar.o(.text)
    _printf_wstring                          0x0800146d   Thumb Code     8  _printf_wchar.o(.text)
    _wcrtomb                                 0x08001475   Thumb Code    64  _wcrtomb.o(.text)
    __user_libspace                          0x080014b5   Thumb Code     8  libspace.o(.text)
    __user_perproc_libspace                  0x080014b5   Thumb Code     0  libspace.o(.text)
    __user_perthread_libspace                0x080014b5   Thumb Code     0  libspace.o(.text)
    __user_setup_stackheap                   0x080014bd   Thumb Code    74  sys_stackheap_outer.o(.text)
    __rt_ctype_table                         0x08001509   Thumb Code    16  rt_ctype_table.o(.text)
    __rt_locale                              0x08001519   Thumb Code     8  rt_locale_intlibspace.o(.text)
    _printf_fp_infnan                        0x08001521   Thumb Code   112  _printf_fp_infnan.o(.text)
    _btod_etento                             0x080015a1   Thumb Code   224  bigflt0.o(.text)
    exit                                     0x08001685   Thumb Code    18  exit.o(.text)
    _sys_exit                                0x08001699   Thumb Code     8  sys_exit.o(.text)
    __I$use$semihosting                      0x080016a5   Thumb Code     0  use_no_semi.o(.text)
    __use_no_semihosting_swi                 0x080016a5   Thumb Code     2  use_no_semi.o(.text)
    __semihosting_library_function           0x080016a7   Thumb Code     0  indicate_semi.o(.text)
    _btod_d2e                                0x080016a7   Thumb Code    62  btod.o(CL$$btod_d2e)
    _d2e_denorm_low                          0x080016e5   Thumb Code    70  btod.o(CL$$btod_d2e_denorm_low)
    _d2e_norm_op1                            0x0800172b   Thumb Code    96  btod.o(CL$$btod_d2e_norm_op1)
    __btod_div_common                        0x0800178b   Thumb Code   696  btod.o(CL$$btod_div_common)
    _e2e                                     0x08001ac3   Thumb Code   220  btod.o(CL$$btod_e2e)
    _btod_ediv                               0x08001b9f   Thumb Code    42  btod.o(CL$$btod_ediv)
    _btod_emul                               0x08001bc9   Thumb Code    42  btod.o(CL$$btod_emul)
    __btod_mult_common                       0x08001bf3   Thumb Code   580  btod.o(CL$$btod_mult_common)
    BusFault_Handler                         0x08001e37   Thumb Code     2  stm32f1xx_it.o(i.BusFault_Handler)
    DebugMon_Handler                         0x08001e39   Thumb Code     2  stm32f1xx_it.o(i.DebugMon_Handler)
    Error_Handler                            0x08001e3b   Thumb Code     4  main.o(i.Error_Handler)
    HAL_Delay                                0x08001e41   Thumb Code    32  stm32f1xx_hal.o(i.HAL_Delay)
    HAL_GPIO_Init                            0x08001e65   Thumb Code   446  stm32f1xx_hal_gpio.o(i.HAL_GPIO_Init)
    HAL_GPIO_ReadPin                         0x08002045   Thumb Code    10  stm32f1xx_hal_gpio.o(i.HAL_GPIO_ReadPin)
    HAL_GPIO_WritePin                        0x0800204f   Thumb Code    10  stm32f1xx_hal_gpio.o(i.HAL_GPIO_WritePin)
    HAL_GetTick                              0x08002059   Thumb Code     6  stm32f1xx_hal.o(i.HAL_GetTick)
    HAL_I2C_Init                             0x08002065   Thumb Code   376  stm32f1xx_hal_i2c.o(i.HAL_I2C_Init)
    HAL_I2C_Mem_Read                         0x080021ed   Thumb Code   586  stm32f1xx_hal_i2c.o(i.HAL_I2C_Mem_Read)
    HAL_I2C_Mem_Write                        0x08002449   Thumb Code   294  stm32f1xx_hal_i2c.o(i.HAL_I2C_Mem_Write)
    HAL_I2C_MspInit                          0x08002579   Thumb Code    82  i2c.o(i.HAL_I2C_MspInit)
    HAL_IncTick                              0x080025d9   Thumb Code    12  stm32f1xx_hal.o(i.HAL_IncTick)
    HAL_Init                                 0x080025e9   Thumb Code    32  stm32f1xx_hal.o(i.HAL_Init)
    HAL_InitTick                             0x0800260d   Thumb Code    54  stm32f1xx_hal.o(i.HAL_InitTick)
    HAL_MspInit                              0x0800264d   Thumb Code    52  stm32f1xx_hal_msp.o(i.HAL_MspInit)
    HAL_NVIC_EnableIRQ                       0x08002689   Thumb Code    26  stm32f1xx_hal_cortex.o(i.HAL_NVIC_EnableIRQ)
    HAL_NVIC_SetPriority                     0x080026a5   Thumb Code    60  stm32f1xx_hal_cortex.o(i.HAL_NVIC_SetPriority)
    HAL_NVIC_SetPriorityGrouping             0x080026e5   Thumb Code    26  stm32f1xx_hal_cortex.o(i.HAL_NVIC_SetPriorityGrouping)
    HAL_PWR_EnableBkUpAccess                 0x08002709   Thumb Code     8  stm32f1xx_hal_pwr.o(i.HAL_PWR_EnableBkUpAccess)
    HAL_RCCEx_GetPeriphCLKFreq               0x08002715   Thumb Code   148  stm32f1xx_hal_rcc_ex.o(i.HAL_RCCEx_GetPeriphCLKFreq)
    HAL_RCCEx_PeriphCLKConfig                0x080027b9   Thumb Code   224  stm32f1xx_hal_rcc_ex.o(i.HAL_RCCEx_PeriphCLKConfig)
    HAL_RCC_ClockConfig                      0x080028a5   Thumb Code   280  stm32f1xx_hal_rcc.o(i.HAL_RCC_ClockConfig)
    HAL_RCC_GetPCLK1Freq                     0x080029d1   Thumb Code    20  stm32f1xx_hal_rcc.o(i.HAL_RCC_GetPCLK1Freq)
    HAL_RCC_GetPCLK2Freq                     0x080029f1   Thumb Code    20  stm32f1xx_hal_rcc.o(i.HAL_RCC_GetPCLK2Freq)
    HAL_RCC_GetSysClockFreq                  0x08002a11   Thumb Code    58  stm32f1xx_hal_rcc.o(i.HAL_RCC_GetSysClockFreq)
    HAL_RCC_OscConfig                        0x08002a5d   Thumb Code   778  stm32f1xx_hal_rcc.o(i.HAL_RCC_OscConfig)
    HAL_RTCEx_BKUPRead                       0x08002d7d   Thumb Code    10  stm32f1xx_hal_rtc_ex.o(i.HAL_RTCEx_BKUPRead)
    HAL_RTCEx_BKUPWrite                      0x08002d8d   Thumb Code    12  stm32f1xx_hal_rtc_ex.o(i.HAL_RTCEx_BKUPWrite)
    HAL_RTC_Init                             0x08002d9d   Thumb Code   144  stm32f1xx_hal_rtc.o(i.HAL_RTC_Init)
    HAL_RTC_MspInit                          0x08002e31   Thumb Code    40  rtc.o(i.HAL_RTC_MspInit)
    HAL_RTC_SetDate                          0x08002e65   Thumb Code   192  stm32f1xx_hal_rtc.o(i.HAL_RTC_SetDate)
    HAL_RTC_SetTime                          0x08002f29   Thumb Code   168  stm32f1xx_hal_rtc.o(i.HAL_RTC_SetTime)
    HAL_RTC_WaitForSynchro                   0x08002fd5   Thumb Code    58  stm32f1xx_hal_rtc.o(i.HAL_RTC_WaitForSynchro)
    HAL_SYSTICK_Config                       0x0800300f   Thumb Code    40  stm32f1xx_hal_cortex.o(i.HAL_SYSTICK_Config)
    HAL_TIMEx_BreakCallback                  0x08003037   Thumb Code     2  stm32f1xx_hal_tim_ex.o(i.HAL_TIMEx_BreakCallback)
    HAL_TIMEx_CommutCallback                 0x08003039   Thumb Code     2  stm32f1xx_hal_tim_ex.o(i.HAL_TIMEx_CommutCallback)
    HAL_TIMEx_ConfigBreakDeadTime            0x0800303b   Thumb Code    84  stm32f1xx_hal_tim_ex.o(i.HAL_TIMEx_ConfigBreakDeadTime)
    HAL_TIMEx_MasterConfigSynchronization    0x08003091   Thumb Code    92  stm32f1xx_hal_tim_ex.o(i.HAL_TIMEx_MasterConfigSynchronization)
    HAL_TIM_Base_Init                        0x080030f9   Thumb Code    90  stm32f1xx_hal_tim.o(i.HAL_TIM_Base_Init)
    HAL_TIM_Base_MspInit                     0x08003155   Thumb Code   108  tim.o(i.HAL_TIM_Base_MspInit)
    HAL_TIM_Base_Start_IT                    0x080031cd   Thumb Code    76  stm32f1xx_hal_tim.o(i.HAL_TIM_Base_Start_IT)
    HAL_TIM_ConfigClockSource                0x08003225   Thumb Code   220  stm32f1xx_hal_tim.o(i.HAL_TIM_ConfigClockSource)
    HAL_TIM_IC_CaptureCallback               0x08003301   Thumb Code     2  stm32f1xx_hal_tim.o(i.HAL_TIM_IC_CaptureCallback)
    HAL_TIM_IRQHandler                       0x08003303   Thumb Code   304  stm32f1xx_hal_tim.o(i.HAL_TIM_IRQHandler)
    HAL_TIM_MspPostInit                      0x08003435   Thumb Code    64  tim.o(i.HAL_TIM_MspPostInit)
    HAL_TIM_OC_DelayElapsedCallback          0x08003481   Thumb Code     2  stm32f1xx_hal_tim.o(i.HAL_TIM_OC_DelayElapsedCallback)
    HAL_TIM_PWM_ConfigChannel                0x08003483   Thumb Code   204  stm32f1xx_hal_tim.o(i.HAL_TIM_PWM_ConfigChannel)
    HAL_TIM_PWM_Init                         0x0800354f   Thumb Code    90  stm32f1xx_hal_tim.o(i.HAL_TIM_PWM_Init)
    HAL_TIM_PWM_MspInit                      0x080035a9   Thumb Code     2  stm32f1xx_hal_tim.o(i.HAL_TIM_PWM_MspInit)
    HAL_TIM_PWM_PulseFinishedCallback        0x080035ab   Thumb Code     2  stm32f1xx_hal_tim.o(i.HAL_TIM_PWM_PulseFinishedCallback)
    HAL_TIM_PWM_Start                        0x080035ad   Thumb Code   144  stm32f1xx_hal_tim.o(i.HAL_TIM_PWM_Start)
    HAL_TIM_PeriodElapsedCallback            0x08003649   Thumb Code   152  key.o(i.HAL_TIM_PeriodElapsedCallback)
    HAL_TIM_TriggerCallback                  0x080036ed   Thumb Code     2  stm32f1xx_hal_tim.o(i.HAL_TIM_TriggerCallback)
    HardFault_Handler                        0x080036ef   Thumb Code     2  stm32f1xx_it.o(i.HardFault_Handler)
    Key_GetEvent                             0x08003b31   Thumb Code    10  key.o(i.Key_GetEvent)
    Key_Task                                 0x08003b41   Thumb Code    44  key.o(i.Key_Task)
    Led_Task                                 0x08003b75   Thumb Code    28  menu.o(i.Led_Task)
    MX_GPIO_Init                             0x08003b95   Thumb Code   208  gpio.o(i.MX_GPIO_Init)
    MX_I2C2_Init                             0x08003c75   Thumb Code    50  i2c.o(i.MX_I2C2_Init)
    MX_RTC_Init                              0x08003cb5   Thumb Code   116  rtc.o(i.MX_RTC_Init)
    MX_TIM1_Init                             0x08003d31   Thumb Code   192  tim.o(i.MX_TIM1_Init)
    MX_TIM2_Init                             0x08003df9   Thumb Code    98  tim.o(i.MX_TIM2_Init)
    MX_TIM3_Init                             0x08003e61   Thumb Code    94  tim.o(i.MX_TIM3_Init)
    MemManage_Handler                        0x08003ec9   Thumb Code     2  stm32f1xx_it.o(i.MemManage_Handler)
    Menu_Index                               0x08003ecb   Thumb Code    20  menu.o(i.Menu_Index)
    MyRTC_Init                               0x08003ee1   Thumb Code    38  myrtc.o(i.MyRTC_Init)
    MyRTC_ReadTime                           0x08003f0d   Thumb Code    76  myrtc.o(i.MyRTC_ReadTime)
    MyRTC_SetTime                            0x08003f61   Thumb Code   100  myrtc.o(i.MyRTC_SetTime)
    NMI_Handler                              0x08003fd1   Thumb Code     2  stm32f1xx_it.o(i.NMI_Handler)
    OLED_Clear                               0x08003fd5   Thumb Code    34  oled.o(i.OLED_Clear)
    OLED_ClearArea                           0x08003ffd   Thumb Code    86  oled.o(i.OLED_ClearArea)
    OLED_DrawCircle                          0x08004059   Thumb Code   318  oled.o(i.OLED_DrawCircle)
    OLED_DrawPoint                           0x08004199   Thumb Code    48  oled.o(i.OLED_DrawPoint)
    OLED_GPIO_Init                           0x080041cd   Thumb Code    38  oled.o(i.OLED_GPIO_Init)
    OLED_I2C_SendByte                        0x080041f3   Thumb Code    58  oled.o(i.OLED_I2C_SendByte)
    OLED_I2C_Start                           0x0800422d   Thumb Code    30  oled.o(i.OLED_I2C_Start)
    OLED_I2C_Stop                            0x0800424b   Thumb Code    24  oled.o(i.OLED_I2C_Stop)
    OLED_Init                                0x08004263   Thumb Code   156  oled.o(i.OLED_Init)
    OLED_Pow                                 0x080042ff   Thumb Code    14  oled.o(i.OLED_Pow)
    OLED_Printf                              0x0800430d   Thumb Code    42  oled.o(i.OLED_Printf)
    OLED_ReverseArea                         0x08004339   Thumb Code    84  oled.o(i.OLED_ReverseArea)
    OLED_SetCursor                           0x08004391   Thumb Code    34  oled.o(i.OLED_SetCursor)
    OLED_ShowChar                            0x080043b5   Thumb Code    78  oled.o(i.OLED_ShowChar)
    OLED_ShowImage                           0x08004411   Thumb Code   182  oled.o(i.OLED_ShowImage)
    OLED_ShowSignedNum                       0x080044cd   Thumb Code    94  oled.o(i.OLED_ShowSignedNum)
    OLED_ShowString                          0x0800452d   Thumb Code   210  oled.o(i.OLED_ShowString)
    OLED_Update                              0x08004609   Thumb Code    34  oled.o(i.OLED_Update)
    OLED_W_SCL                               0x08004631   Thumb Code    18  oled.o(i.OLED_W_SCL)
    OLED_W_SDA                               0x08004649   Thumb Code    18  oled.o(i.OLED_W_SDA)
    OLED_WriteCommand                        0x08004661   Thumb Code    34  oled.o(i.OLED_WriteCommand)
    OLED_WriteData                           0x08004683   Thumb Code    48  oled.o(i.OLED_WriteData)
    PendSV_Handler                           0x080046b3   Thumb Code     2  stm32f1xx_it.o(i.PendSV_Handler)
    SVC_Handler                              0x08004807   Thumb Code     2  stm32f1xx_it.o(i.SVC_Handler)
    Sensor_ReadReg                           0x08004809   Thumb Code    30  mpu6050.o(i.Sensor_ReadReg)
    Sensor_Task                              0x0800482d   Thumb Code    68  menu.o(i.Sensor_Task)
    Sensor_WriteReg                          0x08004875   Thumb Code    28  mpu6050.o(i.Sensor_WriteReg)
    SysTick_Handler                          0x08004895   Thumb Code     4  stm32f1xx_it.o(i.SysTick_Handler)
    SystemClock_Config                       0x08004899   Thumb Code   128  main.o(i.SystemClock_Config)
    SystemInit                               0x08004919   Thumb Code     2  system_stm32f1xx.o(i.SystemInit)
    TIM2_IRQHandler                          0x0800491d   Thumb Code     6  stm32f1xx_it.o(i.TIM2_IRQHandler)
    TIM3_IRQHandler                          0x08004929   Thumb Code     6  stm32f1xx_it.o(i.TIM3_IRQHandler)
    TIM_Base_SetConfig                       0x08004935   Thumb Code   108  stm32f1xx_hal_tim.o(i.TIM_Base_SetConfig)
    TIM_CCxChannelCmd                        0x080049ad   Thumb Code    26  stm32f1xx_hal_tim.o(i.TIM_CCxChannelCmd)
    TIM_ETR_SetConfig                        0x080049c7   Thumb Code    20  stm32f1xx_hal_tim.o(i.TIM_ETR_SetConfig)
    TIM_OC2_SetConfig                        0x08004a3d   Thumb Code    84  stm32f1xx_hal_tim.o(i.TIM_OC2_SetConfig)
    UI_Task                                  0x08004b79   Thumb Code    64  menu.o(i.UI_Task)
    UsageFault_Handler                       0x08004bbd   Thumb Code     2  stm32f1xx_it.o(i.UsageFault_Handler)
    __ARM_fpclassify                         0x08004bbf   Thumb Code    40  fpclassify.o(i.__ARM_fpclassify)
    __kernel_poly                            0x08004c07   Thumb Code   170  poly.o(i.__kernel_poly)
    __mathlib_dbl_infnan                     0x08004cb1   Thumb Code     6  dunder.o(i.__mathlib_dbl_infnan)
    __mathlib_dbl_infnan2                    0x08004cb7   Thumb Code     4  dunder.o(i.__mathlib_dbl_infnan2)
    __mathlib_dbl_underflow                  0x08004cbd   Thumb Code    10  dunder.o(i.__mathlib_dbl_underflow)
    _is_digit                                0x08004ccd   Thumb Code    14  __printf_wp.o(i._is_digit)
    atan                                     0x08004cdd   Thumb Code   474  atan.o(i.atan)
    atan2                                    0x08004efd   Thumb Code   374  atan2.o(i.atan2)
    delay_init                               0x08005099   Thumb Code    26  delay.o(i.delay_init)
    direction_move                           0x080050bd   Thumb Code    14  menu.o(i.direction_move)
    home_page                                0x080050d1   Thumb Code   114  menu.o(i.home_page)
    led_control                              0x08005149   Thumb Code    70  led.o(i.led_control)
    light_ui                                 0x08005199   Thumb Code    52  menu.o(i.light_ui)
    light_ui_select                          0x080051e1   Thumb Code   182  menu.o(i.light_ui_select)
    main                                     0x0800529d   Thumb Code    98  main.o(i.main)
    max30102_GetValue                        0x08005311   Thumb Code   154  mpu6050.o(i.max30102_GetValue)
    max30102_algorithm_reset                 0x080053b5   Thumb Code    46  menu.o(i.max30102_algorithm_reset)
    max30102_clear_fifo                      0x0800552d   Thumb Code    36  mpu6050.o(i.max30102_clear_fifo)
    max30102_data_proc                       0x08005551   Thumb Code   238  menu.o(i.max30102_data_proc)
    max30102_getID                           0x08005655   Thumb Code     8  mpu6050.o(i.max30102_getID)
    max30102_init                            0x0800565d   Thumb Code   122  mpu6050.o(i.max30102_init)
    max30102_stop                            0x080056d7   Thumb Code    10  mpu6050.o(i.max30102_stop)
    max30102_ui                              0x080056e1   Thumb Code   202  menu.o(i.max30102_ui)
    menu_init                                0x0800581d   Thumb Code    18  menu.o(i.menu_init)
    menu_ui                                  0x08005831   Thumb Code   178  menu.o(i.menu_ui)
    menuui_move                              0x080058e9   Thumb Code   232  menu.o(i.menuui_move)
    mpu6050_GetValue                         0x080059dd   Thumb Code    96  mpu6050.o(i.mpu6050_GetValue)
    mpu6050_getID                            0x08005a41   Thumb Code     8  mpu6050.o(i.mpu6050_getID)
    mpu6050_init                             0x08005a49   Thumb Code    66  mpu6050.o(i.mpu6050_init)
    mpu6050_ui                               0x08005a8d   Thumb Code   162  menu.o(i.mpu6050_ui)
    mpu6500_GetValue                         0x08005b6d   Thumb Code   368  menu.o(i.mpu6500_GetValue)
    mpu6500_pages                            0x08005cf5   Thumb Code   148  menu.o(i.mpu6500_pages)
    pinghengyi_ui                            0x08005d8d   Thumb Code    94  menu.o(i.pinghengyi_ui)
    select_mpu6050_ui                        0x08005df5   Thumb Code    52  menu.o(i.select_mpu6050_ui)
    set_page                                 0x08005e3d   Thumb Code   130  menu.o(i.set_page)
    set_view_UI                              0x08005ec5   Thumb Code    36  menu.o(i.set_view_UI)
    settim_UI_Task                           0x08005efd   Thumb Code    40  settim.o(i.settim_UI_Task)
    settim_draw                              0x08005f29   Thumb Code   152  settim.o(i.settim_draw)
    settim_edit                              0x08005fc5   Thumb Code   316  settim.o(i.settim_edit)
    settim_first_page                        0x08006109   Thumb Code    70  settim.o(i.settim_first_page)
    settim_second_page                       0x08006171   Thumb Code    54  settim.o(i.settim_second_page)
    settim_select                            0x080061c5   Thumb Code    64  settim.o(i.settim_select)
    show_clock_UI                            0x0800620d   Thumb Code    82  menu.o(i.show_clock_UI)
    watch_time_page                          0x08006291   Thumb Code   130  menu.o(i.watch_time_page)
    watch_timer                              0x08006319   Thumb Code    68  menu.o(i.watch_timer)
    watch_timer_ui                           0x08006361   Thumb Code    84  menu.o(i.watch_timer_ui)
    _get_lc_numeric                          0x080063e5   Thumb Code    44  lc_numeric_c.o(locale$$code)
    _get_lc_ctype                            0x08006411   Thumb Code    44  lc_ctype_c.o(locale$$code)
    __aeabi_d2f                              0x0800643d   Thumb Code     0  d2f.o(x$fpl$d2f)
    _d2f                                     0x0800643d   Thumb Code    98  d2f.o(x$fpl$d2f)
    __aeabi_dadd                             0x080064a1   Thumb Code     0  daddsub_clz.o(x$fpl$dadd)
    _dadd                                    0x080064a1   Thumb Code   332  daddsub_clz.o(x$fpl$dadd)
    __fpl_dcheck_NaN1                        0x080065f1   Thumb Code    10  dcheck1.o(x$fpl$dcheck1)
    __fpl_dcmp_Inf                           0x08006601   Thumb Code    24  dcmpi.o(x$fpl$dcmpinf)
    __aeabi_ddiv                             0x08006619   Thumb Code     0  ddiv.o(x$fpl$ddiv)
    _ddiv                                    0x08006619   Thumb Code   552  ddiv.o(x$fpl$ddiv)
    __aeabi_cdcmpeq                          0x080068c9   Thumb Code     0  deqf.o(x$fpl$deqf)
    _dcmpeq                                  0x080068c9   Thumb Code   120  deqf.o(x$fpl$deqf)
    __aeabi_d2iz                             0x08006941   Thumb Code     0  dfix.o(x$fpl$dfix)
    _dfix                                    0x08006941   Thumb Code    94  dfix.o(x$fpl$dfix)
    __aeabi_i2d                              0x0800699f   Thumb Code     0  dflt_clz.o(x$fpl$dflt)
    _dflt                                    0x0800699f   Thumb Code    46  dflt_clz.o(x$fpl$dflt)
    __aeabi_dmul                             0x080069cd   Thumb Code     0  dmul.o(x$fpl$dmul)
    _dmul                                    0x080069cd   Thumb Code   332  dmul.o(x$fpl$dmul)
    __fpl_dnaninf                            0x08006b21   Thumb Code   156  dnaninf.o(x$fpl$dnaninf)
    __fpl_dretinf                            0x08006bbd   Thumb Code    12  dretinf.o(x$fpl$dretinf)
    __aeabi_drsub                            0x08006bc9   Thumb Code     0  daddsub_clz.o(x$fpl$drsb)
    _drsb                                    0x08006bc9   Thumb Code    22  daddsub_clz.o(x$fpl$drsb)
    __aeabi_dsub                             0x08006be1   Thumb Code     0  daddsub_clz.o(x$fpl$dsub)
    _dsub                                    0x08006be1   Thumb Code   464  daddsub_clz.o(x$fpl$dsub)
    __aeabi_f2d                              0x08006db5   Thumb Code     0  f2d.o(x$fpl$f2d)
    _f2d                                     0x08006db5   Thumb Code    86  f2d.o(x$fpl$f2d)
    __aeabi_fadd                             0x08006e0d   Thumb Code     0  faddsub_clz.o(x$fpl$fadd)
    _fadd                                    0x08006e0d   Thumb Code   196  faddsub_clz.o(x$fpl$fadd)
    __aeabi_fdiv                             0x08006ed1   Thumb Code     0  fdiv.o(x$fpl$fdiv)
    _fdiv                                    0x08006ed1   Thumb Code   384  fdiv.o(x$fpl$fdiv)
    __aeabi_f2iz                             0x08007055   Thumb Code     0  ffix.o(x$fpl$ffix)
    _ffix                                    0x08007055   Thumb Code    54  ffix.o(x$fpl$ffix)
    __aeabi_f2uiz                            0x0800708d   Thumb Code     0  ffixu.o(x$fpl$ffixu)
    _ffixu                                   0x0800708d   Thumb Code    62  ffixu.o(x$fpl$ffixu)
    __aeabi_i2f                              0x080070cd   Thumb Code     0  fflt_clz.o(x$fpl$fflt)
    _fflt                                    0x080070cd   Thumb Code    48  fflt_clz.o(x$fpl$fflt)
    __aeabi_ui2f                             0x080070fd   Thumb Code     0  fflt_clz.o(x$fpl$ffltu)
    _ffltu                                   0x080070fd   Thumb Code    38  fflt_clz.o(x$fpl$ffltu)
    __aeabi_fmul                             0x08007125   Thumb Code     0  fmul.o(x$fpl$fmul)
    _fmul                                    0x08007125   Thumb Code   258  fmul.o(x$fpl$fmul)
    __fpl_fnaninf                            0x08007227   Thumb Code   140  fnaninf.o(x$fpl$fnaninf)
    __fpl_fretinf                            0x080072b3   Thumb Code    10  fretinf.o(x$fpl$fretinf)
    __aeabi_frsub                            0x080072bd   Thumb Code     0  faddsub_clz.o(x$fpl$frsb)
    _frsb                                    0x080072bd   Thumb Code    20  faddsub_clz.o(x$fpl$frsb)
    __aeabi_fsub                             0x080072d1   Thumb Code     0  faddsub_clz.o(x$fpl$fsub)
    _fsub                                    0x080072d1   Thumb Code   234  faddsub_clz.o(x$fpl$fsub)
    _printf_fp_dec                           0x080073bb   Thumb Code     4  printf1.o(x$fpl$printf1)
    _printf_fp_hex                           0x080073bf   Thumb Code     4  printf2.o(x$fpl$printf2)
    __fpl_return_NaN                         0x080073c3   Thumb Code   100  retnan.o(x$fpl$retnan)
    __ARM_scalbn                             0x08007427   Thumb Code    92  scalbn.o(x$fpl$scalbn)
    __fpl_cmpreturn                          0x08007483   Thumb Code    48  trapv.o(x$fpl$trapveneer)
    __I$use$fp                               0x080074b2   Number         0  usenofp.o(x$fpl$usenofp)
    AHBPrescTable                            0x080074d6   Data          16  system_stm32f1xx.o(.constdata)
    APBPrescTable                            0x080074e6   Data           8  system_stm32f1xx.o(.constdata)
    OLED_F8x16                               0x080074ee   Data        1520  font.o(.constdata)
    OLED_F6x8                                0x08007ade   Data         570  font.o(.constdata)
    OLED_F12x24                              0x08007d18   Data        3420  font.o(.constdata)
    OLED_CF16x16                             0x08008a74   Data        1470  font.o(.constdata)
    Return                                   0x08009032   Data          32  font.o(.constdata)
    Menu_Graph                               0x08009052   Data         896  font.o(.constdata)
    Frame                                    0x080093d2   Data         264  font.o(.constdata)
    _monlen                                  0x0800951d   Data          12  _monlen.o(.constdata)
    __mathlib_zero                           0x080095c8   Data           8  qnan.o(.constdata)
    Region$$Table$$Base                      0x0800968c   Number         0  anon$$obj.o(Region$$Table)
    Region$$Table$$Limit                     0x080096ac   Number         0  anon$$obj.o(Region$$Table)
    __ctype                                  0x080096d5   Data           0  lc_ctype_c.o(locale$$data)
    uwTickFreq                               0x20000000   Data           1  stm32f1xx_hal.o(.data)
    uwTickPrio                               0x20000004   Data           4  stm32f1xx_hal.o(.data)
    uwTick                                   0x20000008   Data           4  stm32f1xx_hal.o(.data)
    SystemCoreClock                          0x2000000c   Data           4  system_stm32f1xx.o(.data)
    MyRTC_Time                               0x20000010   Data          12  myrtc.o(.data)
    select_flag                              0x2000001c   Data           1  menu.o(.data)
    mpu6050_flag                             0x2000001d   Data           1  menu.o(.data)
    max30102_flag                            0x2000001e   Data           1  menu.o(.data)
    page_current                             0x2000001f   Data           1  menu.o(.data)
    set_flag                                 0x20000020   Data           1  menu.o(.data)
    now_selection                            0x20000021   Data           1  menu.o(.data)
    new_selection                            0x20000022   Data           1  menu.o(.data)
    speed_move                               0x20000023   Data           1  menu.o(.data)
    x_now                                    0x20000024   Data           1  menu.o(.data)
    move_flag                                0x20000025   Data           1  menu.o(.data)
    menu_flag                                0x20000026   Data           1  menu.o(.data)
    second                                   0x20000027   Data           1  menu.o(.data)
    min                                      0x20000028   Data           1  menu.o(.data)
    hour                                     0x20000029   Data           1  menu.o(.data)
    watch_timer_flag                         0x2000002a   Data           1  menu.o(.data)
    time_start                               0x2000002b   Data           1  menu.o(.data)
    reset_flag                               0x2000002c   Data           1  menu.o(.data)
    light_select                             0x2000002d   Data           1  menu.o(.data)
    light_select_temp                        0x2000002e   Data           1  menu.o(.data)
    led_flag                                 0x2000002f   Data           1  menu.o(.data)
    mpu6050_pages_flag                       0x20000030   Data           1  menu.o(.data)
    pulse_flag                               0x20000031   Data           1  menu.o(.data)
    spo2                                     0x20000032   Data           1  menu.o(.data)
    spo2_valid                               0x20000033   Data           1  menu.o(.data)
    spo2_buf_full                            0x20000034   Data           1  menu.o(.data)
    spo2_window_count                        0x20000035   Data           1  menu.o(.data)
    max30102_finger_detected                 0x20000036   Data           1  menu.o(.data)
    max30102_beat_count                      0x20000037   Data           1  menu.o(.data)
    heart_rate_valid                         0x20000038   Data           1  menu.o(.data)
    count                                    0x2000003c   Data           2  menu.o(.data)
    spo2_index                               0x2000003e   Data           2  menu.o(.data)
    max30102_valid_samples                   0x20000040   Data           2  menu.o(.data)
    max30102_r_x100                          0x20000042   Data           2  menu.o(.data)
    roll                                     0x20000044   Data           4  menu.o(.data)
    pitch                                    0x20000048   Data           4  menu.o(.data)
    yaw                                      0x2000004c   Data           4  menu.o(.data)
    ir_dc                                    0x20000050   Data           4  menu.o(.data)
    ir_ac                                    0x20000054   Data           4  menu.o(.data)
    last_beat_tick                           0x20000058   Data           4  menu.o(.data)
    interval                                 0x2000005c   Data           4  menu.o(.data)
    heart_rate                               0x20000060   Data           4  menu.o(.data)
    ir_ac_prev                               0x20000064   Data           4  menu.o(.data)
    ir_ac_abs_avg                            0x20000068   Data           4  menu.o(.data)
    max30102_red_ac_dbg                      0x2000006c   Data           4  menu.o(.data)
    max30102_ir_ac_dbg                       0x20000070   Data           4  menu.o(.data)
    count_mpu6050                            0x20000088   Data           2  key.o(.data)
    key_event                                0x2000008a   Data           1  key.o(.data)
    settime_current                          0x20000090   Data           1  settim.o(.data)
    settime_mode                             0x20000091   Data           1  settim.o(.data)
    max30102_sample_valid                    0x20000094   Data           1  mpu6050.o(.data)
    max30102_status1                         0x20000095   Data           1  mpu6050.o(.data)
    max30102_mode_reg                        0x20000096   Data           1  mpu6050.o(.data)
    ir                                       0x20000098   Data           4  mpu6050.o(.data)
    red                                      0x2000009c   Data           4  mpu6050.o(.data)
    num                                      0x200000a0   Data           4  mpu6050.o(.data)
    max30102_wr_ptr                          0x200000a4   Data           4  mpu6050.o(.data)
    max30102_rd_ptr                          0x200000a8   Data           4  mpu6050.o(.data)
    hi2c2                                    0x200000ac   Data          84  i2c.o(.bss)
    hrtc                                     0x20000100   Data          20  rtc.o(.bss)
    htim1                                    0x20000114   Data          72  tim.o(.bss)
    htim2                                    0x2000015c   Data          72  tim.o(.bss)
    htim3                                    0x200001a4   Data          72  tim.o(.bss)
    OLED_DisplayBuf                          0x200001ec   Data        1024  oled.o(.bss)
    mpu6050_out                              0x200005f0   Data          24  menu.o(.bss)
    red_buf                                  0x20000608   Data         600  menu.o(.bss)
    ir_buf                                   0x20000860   Data         600  menu.o(.bss)
    key                                      0x20000ab8   Data          24  key.o(.bss)
    __libspace_start                         0x20000afc   Data          96  libspace.o(.bss)
    __temporary_stack_top$libspace           0x20000b5c   Data           0  libspace.o(.bss)



==============================================================================

Memory Map of the image

  Image Entry point : 0x080000ed

  Load Region LR_IROM1 (Base: 0x08000000, Size: 0x00009884, Max: 0x00010000, ABSOLUTE)

    Execution Region ER_IROM1 (Exec base: 0x08000000, Load base: 0x08000000, Size: 0x000097d8, Max: 0x00010000, ABSOLUTE)

    Exec Addr    Load Addr    Size         Type   Attr      Idx    E Section Name        Object

    0x08000000   0x08000000   0x000000ec   Data   RO            3    RESET               startup_stm32f103xb.o
    0x080000ec   0x080000ec   0x00000008   Code   RO         4166  * !!!main             c_w.l(__main.o)
    0x080000f4   0x080000f4   0x00000034   Code   RO         4616    !!!scatter          c_w.l(__scatter.o)
    0x08000128   0x08000128   0x0000001a   Code   RO         4618    !!handler_copy      c_w.l(__scatter_copy.o)
    0x08000142   0x08000142   0x00000002   PAD
    0x08000144   0x08000144   0x0000001c   Code   RO         4620    !!handler_zi        c_w.l(__scatter_zi.o)
    0x08000160   0x08000160   0x00000000   Code   RO         4322    .ARM.Collect$$_printf_percent$$00000000  c_w.l(_printf_percent.o)
    0x08000160   0x08000160   0x00000006   Code   RO         4311    .ARM.Collect$$_printf_percent$$00000001  c_w.l(_printf_n.o)
    0x08000166   0x08000166   0x00000006   Code   RO         4313    .ARM.Collect$$_printf_percent$$00000002  c_w.l(_printf_p.o)
    0x0800016c   0x0800016c   0x00000006   Code   RO         4318    .ARM.Collect$$_printf_percent$$00000003  c_w.l(_printf_f.o)
    0x08000172   0x08000172   0x00000006   Code   RO         4319    .ARM.Collect$$_printf_percent$$00000004  c_w.l(_printf_e.o)
    0x08000178   0x08000178   0x00000006   Code   RO         4320    .ARM.Collect$$_printf_percent$$00000005  c_w.l(_printf_g.o)
    0x0800017e   0x0800017e   0x00000006   Code   RO         4321    .ARM.Collect$$_printf_percent$$00000006  c_w.l(_printf_a.o)
    0x08000184   0x08000184   0x0000000a   Code   RO         4326    .ARM.Collect$$_printf_percent$$00000007  c_w.l(_printf_ll.o)
    0x0800018e   0x0800018e   0x00000006   Code   RO         4315    .ARM.Collect$$_printf_percent$$00000008  c_w.l(_printf_i.o)
    0x08000194   0x08000194   0x00000006   Code   RO         4316    .ARM.Collect$$_printf_percent$$00000009  c_w.l(_printf_d.o)
    0x0800019a   0x0800019a   0x00000006   Code   RO         4317    .ARM.Collect$$_printf_percent$$0000000A  c_w.l(_printf_u.o)
    0x080001a0   0x080001a0   0x00000006   Code   RO         4314    .ARM.Collect$$_printf_percent$$0000000B  c_w.l(_printf_o.o)
    0x080001a6   0x080001a6   0x00000006   Code   RO         4312    .ARM.Collect$$_printf_percent$$0000000C  c_w.l(_printf_x.o)
    0x080001ac   0x080001ac   0x00000006   Code   RO         4323    .ARM.Collect$$_printf_percent$$0000000D  c_w.l(_printf_lli.o)
    0x080001b2   0x080001b2   0x00000006   Code   RO         4324    .ARM.Collect$$_printf_percent$$0000000E  c_w.l(_printf_lld.o)
    0x080001b8   0x080001b8   0x00000006   Code   RO         4325    .ARM.Collect$$_printf_percent$$0000000F  c_w.l(_printf_llu.o)
    0x080001be   0x080001be   0x00000006   Code   RO         4330    .ARM.Collect$$_printf_percent$$00000010  c_w.l(_printf_llo.o)
    0x080001c4   0x080001c4   0x00000006   Code   RO         4331    .ARM.Collect$$_printf_percent$$00000011  c_w.l(_printf_llx.o)
    0x080001ca   0x080001ca   0x0000000a   Code   RO         4327    .ARM.Collect$$_printf_percent$$00000012  c_w.l(_printf_l.o)
    0x080001d4   0x080001d4   0x00000006   Code   RO         4309    .ARM.Collect$$_printf_percent$$00000013  c_w.l(_printf_c.o)
    0x080001da   0x080001da   0x00000006   Code   RO         4310    .ARM.Collect$$_printf_percent$$00000014  c_w.l(_printf_s.o)
    0x080001e0   0x080001e0   0x00000006   Code   RO         4328    .ARM.Collect$$_printf_percent$$00000015  c_w.l(_printf_lc.o)
    0x080001e6   0x080001e6   0x00000006   Code   RO         4329    .ARM.Collect$$_printf_percent$$00000016  c_w.l(_printf_ls.o)
    0x080001ec   0x080001ec   0x00000004   Code   RO         4418    .ARM.Collect$$_printf_percent$$00000017  c_w.l(_printf_percent_end.o)
    0x080001f0   0x080001f0   0x00000002   Code   RO         4476    .ARM.Collect$$libinit$$00000000  c_w.l(libinit.o)
    0x080001f2   0x080001f2   0x00000000   Code   RO         4487    .ARM.Collect$$libinit$$00000002  c_w.l(libinit2.o)
    0x080001f2   0x080001f2   0x00000000   Code   RO         4489    .ARM.Collect$$libinit$$00000004  c_w.l(libinit2.o)
    0x080001f2   0x080001f2   0x00000000   Code   RO         4492    .ARM.Collect$$libinit$$0000000A  c_w.l(libinit2.o)
    0x080001f2   0x080001f2   0x00000000   Code   RO         4494    .ARM.Collect$$libinit$$0000000C  c_w.l(libinit2.o)
    0x080001f2   0x080001f2   0x00000000   Code   RO         4496    .ARM.Collect$$libinit$$0000000E  c_w.l(libinit2.o)
    0x080001f2   0x080001f2   0x00000006   Code   RO         4497    .ARM.Collect$$libinit$$0000000F  c_w.l(libinit2.o)
    0x080001f8   0x080001f8   0x00000000   Code   RO         4499    .ARM.Collect$$libinit$$00000011  c_w.l(libinit2.o)
    0x080001f8   0x080001f8   0x0000000c   Code   RO         4500    .ARM.Collect$$libinit$$00000012  c_w.l(libinit2.o)
    0x08000204   0x08000204   0x00000000   Code   RO         4501    .ARM.Collect$$libinit$$00000013  c_w.l(libinit2.o)
    0x08000204   0x08000204   0x00000000   Code   RO         4503    .ARM.Collect$$libinit$$00000015  c_w.l(libinit2.o)
    0x08000204   0x08000204   0x0000000a   Code   RO         4504    .ARM.Collect$$libinit$$00000016  c_w.l(libinit2.o)
    0x0800020e   0x0800020e   0x00000000   Code   RO         4505    .ARM.Collect$$libinit$$00000017  c_w.l(libinit2.o)
    0x0800020e   0x0800020e   0x00000000   Code   RO         4507    .ARM.Collect$$libinit$$00000019  c_w.l(libinit2.o)
    0x0800020e   0x0800020e   0x00000000   Code   RO         4509    .ARM.Collect$$libinit$$0000001B  c_w.l(libinit2.o)
    0x0800020e   0x0800020e   0x00000000   Code   RO         4511    .ARM.Collect$$libinit$$0000001D  c_w.l(libinit2.o)
    0x0800020e   0x0800020e   0x00000000   Code   RO         4513    .ARM.Collect$$libinit$$0000001F  c_w.l(libinit2.o)
    0x0800020e   0x0800020e   0x00000000   Code   RO         4515    .ARM.Collect$$libinit$$00000021  c_w.l(libinit2.o)
    0x0800020e   0x0800020e   0x00000000   Code   RO         4517    .ARM.Collect$$libinit$$00000023  c_w.l(libinit2.o)
    0x0800020e   0x0800020e   0x00000000   Code   RO         4519    .ARM.Collect$$libinit$$00000025  c_w.l(libinit2.o)
    0x0800020e   0x0800020e   0x00000000   Code   RO         4523    .ARM.Collect$$libinit$$0000002C  c_w.l(libinit2.o)
    0x0800020e   0x0800020e   0x00000000   Code   RO         4525    .ARM.Collect$$libinit$$0000002E  c_w.l(libinit2.o)
    0x0800020e   0x0800020e   0x00000000   Code   RO         4527    .ARM.Collect$$libinit$$00000030  c_w.l(libinit2.o)
    0x0800020e   0x0800020e   0x00000000   Code   RO         4529    .ARM.Collect$$libinit$$00000032  c_w.l(libinit2.o)
    0x0800020e   0x0800020e   0x00000002   Code   RO         4530    .ARM.Collect$$libinit$$00000033  c_w.l(libinit2.o)
    0x08000210   0x08000210   0x00000002   Code   RO         4554    .ARM.Collect$$libshutdown$$00000000  c_w.l(libshutdown.o)
    0x08000212   0x08000212   0x00000000   Code   RO         4567    .ARM.Collect$$libshutdown$$00000002  c_w.l(libshutdown2.o)
    0x08000212   0x08000212   0x00000000   Code   RO         4569    .ARM.Collect$$libshutdown$$00000004  c_w.l(libshutdown2.o)
    0x08000212   0x08000212   0x00000000   Code   RO         4571    .ARM.Collect$$libshutdown$$00000006  c_w.l(libshutdown2.o)
    0x08000212   0x08000212   0x00000000   Code   RO         4574    .ARM.Collect$$libshutdown$$00000009  c_w.l(libshutdown2.o)
    0x08000212   0x08000212   0x00000000   Code   RO         4577    .ARM.Collect$$libshutdown$$0000000C  c_w.l(libshutdown2.o)
    0x08000212   0x08000212   0x00000000   Code   RO         4579    .ARM.Collect$$libshutdown$$0000000E  c_w.l(libshutdown2.o)
    0x08000212   0x08000212   0x00000000   Code   RO         4582    .ARM.Collect$$libshutdown$$00000011  c_w.l(libshutdown2.o)
    0x08000212   0x08000212   0x00000002   Code   RO         4583    .ARM.Collect$$libshutdown$$00000012  c_w.l(libshutdown2.o)
    0x08000214   0x08000214   0x00000000   Code   RO         4238    .ARM.Collect$$rtentry$$00000000  c_w.l(__rtentry.o)
    0x08000214   0x08000214   0x00000000   Code   RO         4384    .ARM.Collect$$rtentry$$00000002  c_w.l(__rtentry2.o)
    0x08000214   0x08000214   0x00000006   Code   RO         4396    .ARM.Collect$$rtentry$$00000004  c_w.l(__rtentry4.o)
    0x0800021a   0x0800021a   0x00000000   Code   RO         4386    .ARM.Collect$$rtentry$$00000009  c_w.l(__rtentry2.o)
    0x0800021a   0x0800021a   0x00000004   Code   RO         4387    .ARM.Collect$$rtentry$$0000000A  c_w.l(__rtentry2.o)
    0x0800021e   0x0800021e   0x00000000   Code   RO         4389    .ARM.Collect$$rtentry$$0000000C  c_w.l(__rtentry2.o)
    0x0800021e   0x0800021e   0x00000008   Code   RO         4390    .ARM.Collect$$rtentry$$0000000D  c_w.l(__rtentry2.o)
    0x08000226   0x08000226   0x00000002   Code   RO         4481    .ARM.Collect$$rtexit$$00000000  c_w.l(rtexit.o)
    0x08000228   0x08000228   0x00000000   Code   RO         4534    .ARM.Collect$$rtexit$$00000002  c_w.l(rtexit2.o)
    0x08000228   0x08000228   0x00000004   Code   RO         4535    .ARM.Collect$$rtexit$$00000003  c_w.l(rtexit2.o)
    0x0800022c   0x0800022c   0x00000006   Code   RO         4536    .ARM.Collect$$rtexit$$00000004  c_w.l(rtexit2.o)
    0x08000232   0x08000232   0x00000002   PAD
    0x08000234   0x08000234   0x00000040   Code   RO            4    .text               startup_stm32f103xb.o
    0x08000274   0x08000274   0x00000024   Code   RO         4151    .text               c_w.l(vsprintf.o)
    0x08000298   0x08000298   0x00000064   Code   RO         4153    .text               c_w.l(rt_memcpy_w.o)
    0x080002fc   0x080002fc   0x0000004e   Code   RO         4155    .text               c_w.l(rt_memclr_w.o)
    0x0800034a   0x0800034a   0x00000002   PAD
    0x0800034c   0x0800034c   0x00000080   Code   RO         4157    .text               c_w.l(strcmpv7m.o)
    0x080003cc   0x080003cc   0x0000000c   Code   RO         4159    .text               c_w.l(localtime.o)
    0x080003d8   0x080003d8   0x000001ac   Code   RO         4162    .text               c_w.l(mktime.o)
    0x08000584   0x08000584   0x00000006   Code   RO         4164    .text               c_w.l(heapauxi.o)
    0x0800058a   0x0800058a   0x00000016   Code   RO         4239    .text               c_w.l(_rserrno.o)
    0x080005a0   0x080005a0   0x0000004e   Code   RO         4243    .text               c_w.l(_printf_pad.o)
    0x080005ee   0x080005ee   0x00000024   Code   RO         4245    .text               c_w.l(_printf_truncate.o)
    0x08000612   0x08000612   0x00000052   Code   RO         4247    .text               c_w.l(_printf_str.o)
    0x08000664   0x08000664   0x00000078   Code   RO         4249    .text               c_w.l(_printf_dec.o)
    0x080006dc   0x080006dc   0x00000028   Code   RO         4251    .text               c_w.l(_printf_charcount.o)
    0x08000704   0x08000704   0x00000030   Code   RO         4253    .text               c_w.l(_printf_char_common.o)
    0x08000734   0x08000734   0x0000000a   Code   RO         4255    .text               c_w.l(_sputc.o)
    0x0800073e   0x0800073e   0x00000002   PAD
    0x08000740   0x08000740   0x000000bc   Code   RO         4257    .text               c_w.l(_printf_wctomb.o)
    0x080007fc   0x080007fc   0x0000007c   Code   RO         4260    .text               c_w.l(_printf_longlong_dec.o)
    0x08000878   0x08000878   0x00000070   Code   RO         4266    .text               c_w.l(_printf_oct_int_ll.o)
    0x080008e8   0x080008e8   0x00000094   Code   RO         4286    .text               c_w.l(_printf_hex_int_ll_ptr.o)
    0x0800097c   0x0800097c   0x00000188   Code   RO         4306    .text               c_w.l(__printf_flags_ss_wp.o)
    0x08000b04   0x08000b04   0x000000b8   Code   RO         4333    .text               c_w.l(localtime_internal.o)
    0x08000bbc   0x08000bbc   0x00000008   Code   RO         4401    .text               c_w.l(rt_errno_addr_intlibspace.o)
    0x08000bc4   0x08000bc4   0x0000008a   Code   RO         4403    .text               c_w.l(lludiv10.o)
    0x08000c4e   0x08000c4e   0x000000b2   Code   RO         4405    .text               c_w.l(_printf_intcommon.o)
    0x08000d00   0x08000d00   0x0000041e   Code   RO         4407    .text               c_w.l(_printf_fp_dec.o)
    0x0800111e   0x0800111e   0x00000002   PAD
    0x08001120   0x08001120   0x000002fc   Code   RO         4409    .text               c_w.l(_printf_fp_hex.o)
    0x0800141c   0x0800141c   0x0000002c   Code   RO         4414    .text               c_w.l(_printf_char.o)
    0x08001448   0x08001448   0x0000002c   Code   RO         4416    .text               c_w.l(_printf_wchar.o)
    0x08001474   0x08001474   0x00000040   Code   RO         4419    .text               c_w.l(_wcrtomb.o)
    0x080014b4   0x080014b4   0x00000008   Code   RO         4427    .text               c_w.l(libspace.o)
    0x080014bc   0x080014bc   0x0000004a   Code   RO         4430    .text               c_w.l(sys_stackheap_outer.o)
    0x08001506   0x08001506   0x00000002   PAD
    0x08001508   0x08001508   0x00000010   Code   RO         4432    .text               c_w.l(rt_ctype_table.o)
    0x08001518   0x08001518   0x00000008   Code   RO         4437    .text               c_w.l(rt_locale_intlibspace.o)
    0x08001520   0x08001520   0x00000080   Code   RO         4439    .text               c_w.l(_printf_fp_infnan.o)
    0x080015a0   0x080015a0   0x000000e4   Code   RO         4441    .text               c_w.l(bigflt0.o)
    0x08001684   0x08001684   0x00000012   Code   RO         4469    .text               c_w.l(exit.o)
    0x08001696   0x08001696   0x00000002   PAD
    0x08001698   0x08001698   0x0000000c   Code   RO         4546    .text               c_w.l(sys_exit.o)
    0x080016a4   0x080016a4   0x00000002   Code   RO         4557    .text               c_w.l(use_no_semi.o)
    0x080016a6   0x080016a6   0x00000000   Code   RO         4559    .text               c_w.l(indicate_semi.o)
    0x080016a6   0x080016a6   0x0000003e   Code   RO         4444    CL$$btod_d2e        c_w.l(btod.o)
    0x080016e4   0x080016e4   0x00000046   Code   RO         4446    CL$$btod_d2e_denorm_low  c_w.l(btod.o)
    0x0800172a   0x0800172a   0x00000060   Code   RO         4445    CL$$btod_d2e_norm_op1  c_w.l(btod.o)
    0x0800178a   0x0800178a   0x00000338   Code   RO         4454    CL$$btod_div_common  c_w.l(btod.o)
    0x08001ac2   0x08001ac2   0x000000dc   Code   RO         4451    CL$$btod_e2e        c_w.l(btod.o)
    0x08001b9e   0x08001b9e   0x0000002a   Code   RO         4448    CL$$btod_ediv       c_w.l(btod.o)
    0x08001bc8   0x08001bc8   0x0000002a   Code   RO         4447    CL$$btod_emul       c_w.l(btod.o)
    0x08001bf2   0x08001bf2   0x00000244   Code   RO         4453    CL$$btod_mult_common  c_w.l(btod.o)
    0x08001e36   0x08001e36   0x00000002   Code   RO          443    i.BusFault_Handler  stm32f1xx_it.o
    0x08001e38   0x08001e38   0x00000002   Code   RO          444    i.DebugMon_Handler  stm32f1xx_it.o
    0x08001e3a   0x08001e3a   0x00000004   Code   RO           13    i.Error_Handler     main.o
    0x08001e3e   0x08001e3e   0x00000002   PAD
    0x08001e40   0x08001e40   0x00000024   Code   RO         1035    i.HAL_Delay         stm32f1xx_hal.o
    0x08001e64   0x08001e64   0x000001e0   Code   RO         1345    i.HAL_GPIO_Init     stm32f1xx_hal_gpio.o
    0x08002044   0x08002044   0x0000000a   Code   RO         1347    i.HAL_GPIO_ReadPin  stm32f1xx_hal_gpio.o
    0x0800204e   0x0800204e   0x0000000a   Code   RO         1349    i.HAL_GPIO_WritePin  stm32f1xx_hal_gpio.o
    0x08002058   0x08002058   0x0000000c   Code   RO         1039    i.HAL_GetTick       stm32f1xx_hal.o
    0x08002064   0x08002064   0x00000188   Code   RO          602    i.HAL_I2C_Init      stm32f1xx_hal_i2c.o
    0x080021ec   0x080021ec   0x0000025c   Code   RO          620    i.HAL_I2C_Mem_Read  stm32f1xx_hal_i2c.o
    0x08002448   0x08002448   0x00000130   Code   RO          623    i.HAL_I2C_Mem_Write  stm32f1xx_hal_i2c.o
    0x08002578   0x08002578   0x00000060   Code   RO          300    i.HAL_I2C_MspInit   i2c.o
    0x080025d8   0x080025d8   0x00000010   Code   RO         1045    i.HAL_IncTick       stm32f1xx_hal.o
    0x080025e8   0x080025e8   0x00000024   Code   RO         1046    i.HAL_Init          stm32f1xx_hal.o
    0x0800260c   0x0800260c   0x00000040   Code   RO         1047    i.HAL_InitTick      stm32f1xx_hal.o
    0x0800264c   0x0800264c   0x0000003c   Code   RO          531    i.HAL_MspInit       stm32f1xx_hal_msp.o
    0x08002688   0x08002688   0x0000001a   Code   RO         1505    i.HAL_NVIC_EnableIRQ  stm32f1xx_hal_cortex.o
    0x080026a2   0x080026a2   0x00000002   PAD
    0x080026a4   0x080026a4   0x00000040   Code   RO         1511    i.HAL_NVIC_SetPriority  stm32f1xx_hal_cortex.o
    0x080026e4   0x080026e4   0x00000024   Code   RO         1512    i.HAL_NVIC_SetPriorityGrouping  stm32f1xx_hal_cortex.o
    0x08002708   0x08002708   0x0000000c   Code   RO         1627    i.HAL_PWR_EnableBkUpAccess  stm32f1xx_hal_pwr.o
    0x08002714   0x08002714   0x000000a4   Code   RO         1306    i.HAL_RCCEx_GetPeriphCLKFreq  stm32f1xx_hal_rcc_ex.o
    0x080027b8   0x080027b8   0x000000ec   Code   RO         1307    i.HAL_RCCEx_PeriphCLKConfig  stm32f1xx_hal_rcc_ex.o
    0x080028a4   0x080028a4   0x0000012c   Code   RO         1203    i.HAL_RCC_ClockConfig  stm32f1xx_hal_rcc.o
    0x080029d0   0x080029d0   0x00000020   Code   RO         1210    i.HAL_RCC_GetPCLK1Freq  stm32f1xx_hal_rcc.o
    0x080029f0   0x080029f0   0x00000020   Code   RO         1211    i.HAL_RCC_GetPCLK2Freq  stm32f1xx_hal_rcc.o
    0x08002a10   0x08002a10   0x0000004c   Code   RO         1212    i.HAL_RCC_GetSysClockFreq  stm32f1xx_hal_rcc.o
    0x08002a5c   0x08002a5c   0x00000320   Code   RO         1215    i.HAL_RCC_OscConfig  stm32f1xx_hal_rcc.o
    0x08002d7c   0x08002d7c   0x00000010   Code   RO         2175    i.HAL_RTCEx_BKUPRead  stm32f1xx_hal_rtc_ex.o
    0x08002d8c   0x08002d8c   0x00000010   Code   RO         2176    i.HAL_RTCEx_BKUPWrite  stm32f1xx_hal_rtc_ex.o
    0x08002d9c   0x08002d9c   0x00000094   Code   RO         2013    i.HAL_RTC_Init      stm32f1xx_hal_rtc.o
    0x08002e30   0x08002e30   0x00000034   Code   RO          342    i.HAL_RTC_MspInit   rtc.o
    0x08002e64   0x08002e64   0x000000c4   Code   RO         2019    i.HAL_RTC_SetDate   stm32f1xx_hal_rtc.o
    0x08002f28   0x08002f28   0x000000ac   Code   RO         2020    i.HAL_RTC_SetTime   stm32f1xx_hal_rtc.o
    0x08002fd4   0x08002fd4   0x0000003a   Code   RO         2021    i.HAL_RTC_WaitForSynchro  stm32f1xx_hal_rtc.o
    0x0800300e   0x0800300e   0x00000028   Code   RO         1516    i.HAL_SYSTICK_Config  stm32f1xx_hal_cortex.o
    0x08003036   0x08003036   0x00000002   Code   RO         2983    i.HAL_TIMEx_BreakCallback  stm32f1xx_hal_tim_ex.o
    0x08003038   0x08003038   0x00000002   Code   RO         2984    i.HAL_TIMEx_CommutCallback  stm32f1xx_hal_tim_ex.o
    0x0800303a   0x0800303a   0x00000054   Code   RO         2986    i.HAL_TIMEx_ConfigBreakDeadTime  stm32f1xx_hal_tim_ex.o
    0x0800308e   0x0800308e   0x00000002   PAD
    0x08003090   0x08003090   0x00000068   Code   RO         3002    i.HAL_TIMEx_MasterConfigSynchronization  stm32f1xx_hal_tim_ex.o
    0x080030f8   0x080030f8   0x0000005a   Code   RO         2279    i.HAL_TIM_Base_Init  stm32f1xx_hal_tim.o
    0x08003152   0x08003152   0x00000002   PAD
    0x08003154   0x08003154   0x00000078   Code   RO          384    i.HAL_TIM_Base_MspInit  tim.o
    0x080031cc   0x080031cc   0x00000058   Code   RO         2284    i.HAL_TIM_Base_Start_IT  stm32f1xx_hal_tim.o
    0x08003224   0x08003224   0x000000dc   Code   RO         2288    i.HAL_TIM_ConfigClockSource  stm32f1xx_hal_tim.o
    0x08003300   0x08003300   0x00000002   Code   RO         2313    i.HAL_TIM_IC_CaptureCallback  stm32f1xx_hal_tim.o
    0x08003302   0x08003302   0x00000130   Code   RO         2327    i.HAL_TIM_IRQHandler  stm32f1xx_hal_tim.o
    0x08003432   0x08003432   0x00000002   PAD
    0x08003434   0x08003434   0x0000004c   Code   RO          385    i.HAL_TIM_MspPostInit  tim.o
    0x08003480   0x08003480   0x00000002   Code   RO         2330    i.HAL_TIM_OC_DelayElapsedCallback  stm32f1xx_hal_tim.o
    0x08003482   0x08003482   0x000000cc   Code   RO         2351    i.HAL_TIM_PWM_ConfigChannel  stm32f1xx_hal_tim.o
    0x0800354e   0x0800354e   0x0000005a   Code   RO         2354    i.HAL_TIM_PWM_Init  stm32f1xx_hal_tim.o
    0x080035a8   0x080035a8   0x00000002   Code   RO         2356    i.HAL_TIM_PWM_MspInit  stm32f1xx_hal_tim.o
    0x080035aa   0x080035aa   0x00000002   Code   RO         2357    i.HAL_TIM_PWM_PulseFinishedCallback  stm32f1xx_hal_tim.o
    0x080035ac   0x080035ac   0x0000009c   Code   RO         2359    i.HAL_TIM_PWM_Start  stm32f1xx_hal_tim.o
    0x08003648   0x08003648   0x000000a4   Code   RO         3923    i.HAL_TIM_PeriodElapsedCallback  key.o
    0x080036ec   0x080036ec   0x00000002   Code   RO         2370    i.HAL_TIM_TriggerCallback  stm32f1xx_hal_tim.o
    0x080036ee   0x080036ee   0x00000002   Code   RO          445    i.HardFault_Handler  stm32f1xx_it.o
    0x080036f0   0x080036f0   0x0000002e   Code   RO          645    i.I2C_IsAcknowledgeFailed  stm32f1xx_hal_i2c.o
    0x0800371e   0x0800371e   0x00000002   PAD
    0x08003720   0x08003720   0x000000fc   Code   RO          655    i.I2C_RequestMemoryRead  stm32f1xx_hal_i2c.o
    0x0800381c   0x0800381c   0x000000a8   Code   RO          656    i.I2C_RequestMemoryWrite  stm32f1xx_hal_i2c.o
    0x080038c4   0x080038c4   0x00000056   Code   RO          660    i.I2C_WaitOnBTFFlagUntilTimeout  stm32f1xx_hal_i2c.o
    0x0800391a   0x0800391a   0x00000002   PAD
    0x0800391c   0x0800391c   0x00000090   Code   RO          661    i.I2C_WaitOnFlagUntilTimeout  stm32f1xx_hal_i2c.o
    0x080039ac   0x080039ac   0x000000bc   Code   RO          662    i.I2C_WaitOnMasterAddressFlagUntilTimeout  stm32f1xx_hal_i2c.o
    0x08003a68   0x08003a68   0x00000070   Code   RO          663    i.I2C_WaitOnRXNEFlagUntilTimeout  stm32f1xx_hal_i2c.o
    0x08003ad8   0x08003ad8   0x00000056   Code   RO          664    i.I2C_WaitOnTXEFlagUntilTimeout  stm32f1xx_hal_i2c.o
    0x08003b2e   0x08003b2e   0x00000002   PAD
    0x08003b30   0x08003b30   0x00000010   Code   RO         3924    i.Key_GetEvent      key.o
    0x08003b40   0x08003b40   0x00000034   Code   RO         3925    i.Key_Task          key.o
    0x08003b74   0x08003b74   0x00000020   Code   RO         3717    i.Led_Task          menu.o
    0x08003b94   0x08003b94   0x000000e0   Code   RO          185    i.MX_GPIO_Init      gpio.o
    0x08003c74   0x08003c74   0x00000040   Code   RO          301    i.MX_I2C2_Init      i2c.o
    0x08003cb4   0x08003cb4   0x0000007c   Code   RO          343    i.MX_RTC_Init       rtc.o
    0x08003d30   0x08003d30   0x000000c8   Code   RO          386    i.MX_TIM1_Init      tim.o
    0x08003df8   0x08003df8   0x00000068   Code   RO          387    i.MX_TIM2_Init      tim.o
    0x08003e60   0x08003e60   0x00000068   Code   RO          388    i.MX_TIM3_Init      tim.o
    0x08003ec8   0x08003ec8   0x00000002   Code   RO          446    i.MemManage_Handler  stm32f1xx_it.o
    0x08003eca   0x08003eca   0x00000014   Code   RO         3718    i.Menu_Index        menu.o
    0x08003ede   0x08003ede   0x00000002   PAD
    0x08003ee0   0x08003ee0   0x0000002c   Code   RO         3419    i.MyRTC_Init        myrtc.o
    0x08003f0c   0x08003f0c   0x00000054   Code   RO         3420    i.MyRTC_ReadTime    myrtc.o
    0x08003f60   0x08003f60   0x00000070   Code   RO         3421    i.MyRTC_SetTime     myrtc.o
    0x08003fd0   0x08003fd0   0x00000002   Code   RO          447    i.NMI_Handler       stm32f1xx_it.o
    0x08003fd2   0x08003fd2   0x00000002   PAD
    0x08003fd4   0x08003fd4   0x00000028   Code   RO         3468    i.OLED_Clear        oled.o
    0x08003ffc   0x08003ffc   0x0000005c   Code   RO         3469    i.OLED_ClearArea    oled.o
    0x08004058   0x08004058   0x0000013e   Code   RO         3471    i.OLED_DrawCircle   oled.o
    0x08004196   0x08004196   0x00000002   PAD
    0x08004198   0x08004198   0x00000034   Code   RO         3474    i.OLED_DrawPoint    oled.o
    0x080041cc   0x080041cc   0x00000026   Code   RO         3477    i.OLED_GPIO_Init    oled.o
    0x080041f2   0x080041f2   0x0000003a   Code   RO         3479    i.OLED_I2C_SendByte  oled.o
    0x0800422c   0x0800422c   0x0000001e   Code   RO         3480    i.OLED_I2C_Start    oled.o
    0x0800424a   0x0800424a   0x00000018   Code   RO         3481    i.OLED_I2C_Stop     oled.o
    0x08004262   0x08004262   0x0000009c   Code   RO         3482    i.OLED_Init         oled.o
    0x080042fe   0x080042fe   0x0000000e   Code   RO         3484    i.OLED_Pow          oled.o
    0x0800430c   0x0800430c   0x0000002a   Code   RO         3485    i.OLED_Printf       oled.o
    0x08004336   0x08004336   0x00000002   PAD
    0x08004338   0x08004338   0x00000058   Code   RO         3487    i.OLED_ReverseArea  oled.o
    0x08004390   0x08004390   0x00000022   Code   RO         3488    i.OLED_SetCursor    oled.o
    0x080043b2   0x080043b2   0x00000002   PAD
    0x080043b4   0x080043b4   0x0000005c   Code   RO         3490    i.OLED_ShowChar     oled.o
    0x08004410   0x08004410   0x000000bc   Code   RO         3493    i.OLED_ShowImage    oled.o
    0x080044cc   0x080044cc   0x0000005e   Code   RO         3495    i.OLED_ShowSignedNum  oled.o
    0x0800452a   0x0800452a   0x00000002   PAD
    0x0800452c   0x0800452c   0x000000dc   Code   RO         3496    i.OLED_ShowString   oled.o
    0x08004608   0x08004608   0x00000028   Code   RO         3497    i.OLED_Update       oled.o
    0x08004630   0x08004630   0x00000018   Code   RO         3499    i.OLED_W_SCL        oled.o
    0x08004648   0x08004648   0x00000018   Code   RO         3500    i.OLED_W_SDA        oled.o
    0x08004660   0x08004660   0x00000022   Code   RO         3501    i.OLED_WriteCommand  oled.o
    0x08004682   0x08004682   0x00000030   Code   RO         3502    i.OLED_WriteData    oled.o
    0x080046b2   0x080046b2   0x00000002   Code   RO          448    i.PendSV_Handler    stm32f1xx_it.o
    0x080046b4   0x080046b4   0x00000012   Code   RO         2022    i.RTC_Bcd2ToByte    stm32f1xx_hal_rtc.o
    0x080046c6   0x080046c6   0x00000034   Code   RO         2025    i.RTC_EnterInitMode  stm32f1xx_hal_rtc.o
    0x080046fa   0x080046fa   0x00000002   PAD
    0x080046fc   0x080046fc   0x00000036   Code   RO         2026    i.RTC_ExitInitMode  stm32f1xx_hal_rtc.o
    0x08004732   0x08004732   0x0000000e   Code   RO         2027    i.RTC_ReadAlarmCounter  stm32f1xx_hal_rtc.o
    0x08004740   0x08004740   0x00000020   Code   RO         2028    i.RTC_ReadTimeCounter  stm32f1xx_hal_rtc.o
    0x08004760   0x08004760   0x00000056   Code   RO         2029    i.RTC_WeekDayNum    stm32f1xx_hal_rtc.o
    0x080047b6   0x080047b6   0x00000028   Code   RO         2030    i.RTC_WriteAlarmCounter  stm32f1xx_hal_rtc.o
    0x080047de   0x080047de   0x00000028   Code   RO         2031    i.RTC_WriteTimeCounter  stm32f1xx_hal_rtc.o
    0x08004806   0x08004806   0x00000002   Code   RO          449    i.SVC_Handler       stm32f1xx_it.o
    0x08004808   0x08004808   0x00000024   Code   RO         4059    i.Sensor_ReadReg    mpu6050.o
    0x0800482c   0x0800482c   0x00000048   Code   RO         3719    i.Sensor_Task       menu.o
    0x08004874   0x08004874   0x00000020   Code   RO         4060    i.Sensor_WriteReg   mpu6050.o
    0x08004894   0x08004894   0x00000004   Code   RO          450    i.SysTick_Handler   stm32f1xx_it.o
    0x08004898   0x08004898   0x00000080   Code   RO           14    i.SystemClock_Config  main.o
    0x08004918   0x08004918   0x00000002   Code   RO         3251    i.SystemInit        system_stm32f1xx.o
    0x0800491a   0x0800491a   0x00000002   PAD
    0x0800491c   0x0800491c   0x0000000c   Code   RO          451    i.TIM2_IRQHandler   stm32f1xx_it.o
    0x08004928   0x08004928   0x0000000c   Code   RO          452    i.TIM3_IRQHandler   stm32f1xx_it.o
    0x08004934   0x08004934   0x00000078   Code   RO         2372    i.TIM_Base_SetConfig  stm32f1xx_hal_tim.o
    0x080049ac   0x080049ac   0x0000001a   Code   RO         2373    i.TIM_CCxChannelCmd  stm32f1xx_hal_tim.o
    0x080049c6   0x080049c6   0x00000014   Code   RO         2383    i.TIM_ETR_SetConfig  stm32f1xx_hal_tim.o
    0x080049da   0x080049da   0x00000010   Code   RO         2384    i.TIM_ITRx_SetConfig  stm32f1xx_hal_tim.o
    0x080049ea   0x080049ea   0x00000002   PAD
    0x080049ec   0x080049ec   0x00000050   Code   RO         2385    i.TIM_OC1_SetConfig  stm32f1xx_hal_tim.o
    0x08004a3c   0x08004a3c   0x00000058   Code   RO         2386    i.TIM_OC2_SetConfig  stm32f1xx_hal_tim.o
    0x08004a94   0x08004a94   0x00000058   Code   RO         2387    i.TIM_OC3_SetConfig  stm32f1xx_hal_tim.o
    0x08004aec   0x08004aec   0x00000044   Code   RO         2388    i.TIM_OC4_SetConfig  stm32f1xx_hal_tim.o
    0x08004b30   0x08004b30   0x00000022   Code   RO         2390    i.TIM_TI1_ConfigInputStage  stm32f1xx_hal_tim.o
    0x08004b52   0x08004b52   0x00000024   Code   RO         2392    i.TIM_TI2_ConfigInputStage  stm32f1xx_hal_tim.o
    0x08004b76   0x08004b76   0x00000002   PAD
    0x08004b78   0x08004b78   0x00000044   Code   RO         3720    i.UI_Task           menu.o
    0x08004bbc   0x08004bbc   0x00000002   Code   RO          453    i.UsageFault_Handler  stm32f1xx_it.o
    0x08004bbe   0x08004bbe   0x00000028   Code   RO         4423    i.__ARM_fpclassify  m_ws.l(fpclassify.o)
    0x08004be6   0x08004be6   0x00000020   Code   RO         1518    i.__NVIC_SetPriority  stm32f1xx_hal_cortex.o
    0x08004c06   0x08004c06   0x000000aa   Code   RO         4425    i.__kernel_poly     m_ws.l(poly.o)
    0x08004cb0   0x08004cb0   0x00000006   Code   RO         4369    i.__mathlib_dbl_infnan  m_ws.l(dunder.o)
    0x08004cb6   0x08004cb6   0x00000004   Code   RO         4370    i.__mathlib_dbl_infnan2  m_ws.l(dunder.o)
    0x08004cba   0x08004cba   0x00000002   PAD
    0x08004cbc   0x08004cbc   0x00000010   Code   RO         4374    i.__mathlib_dbl_underflow  m_ws.l(dunder.o)
    0x08004ccc   0x08004ccc   0x0000000e   Code   RO         4299    i._is_digit         c_w.l(__printf_wp.o)
    0x08004cda   0x08004cda   0x00000002   PAD
    0x08004cdc   0x08004cdc   0x00000220   Code   RO         4359    i.atan              m_ws.l(atan.o)
    0x08004efc   0x08004efc   0x0000019c   Code   RO         4229    i.atan2             m_ws.l(atan2.o)
    0x08005098   0x08005098   0x00000024   Code   RO         3288    i.delay_init        delay.o
    0x080050bc   0x080050bc   0x00000014   Code   RO         3721    i.direction_move    menu.o
    0x080050d0   0x080050d0   0x00000078   Code   RO         3722    i.home_page         menu.o
    0x08005148   0x08005148   0x00000050   Code   RO         3969    i.led_control       led.o
    0x08005198   0x08005198   0x00000048   Code   RO         3723    i.light_ui          menu.o
    0x080051e0   0x080051e0   0x000000bc   Code   RO         3724    i.light_ui_select   menu.o
    0x0800529c   0x0800529c   0x00000074   Code   RO           15    i.main              main.o
    0x08005310   0x08005310   0x000000a4   Code   RO         4061    i.max30102_GetValue  mpu6050.o
    0x080053b4   0x080053b4   0x00000034   Code   RO         3725    i.max30102_algorithm_reset  menu.o
    0x080053e8   0x080053e8   0x00000144   Code   RO         3726    i.max30102_calc_spo2  menu.o
    0x0800552c   0x0800552c   0x00000024   Code   RO         4062    i.max30102_clear_fifo  mpu6050.o
    0x08005550   0x08005550   0x00000104   Code   RO         3727    i.max30102_data_proc  menu.o
    0x08005654   0x08005654   0x00000008   Code   RO         4063    i.max30102_getID    mpu6050.o
    0x0800565c   0x0800565c   0x0000007a   Code   RO         4064    i.max30102_init     mpu6050.o
    0x080056d6   0x080056d6   0x0000000a   Code   RO         4065    i.max30102_stop     mpu6050.o
    0x080056e0   0x080056e0   0x0000013c   Code   RO         3728    i.max30102_ui       menu.o
    0x0800581c   0x0800581c   0x00000012   Code   RO         3729    i.menu_init         menu.o
    0x0800582e   0x0800582e   0x00000002   PAD
    0x08005830   0x08005830   0x000000b8   Code   RO         3730    i.menu_ui           menu.o
    0x080058e8   0x080058e8   0x000000f4   Code   RO         3731    i.menuui_move       menu.o
    0x080059dc   0x080059dc   0x00000064   Code   RO         4066    i.mpu6050_GetValue  mpu6050.o
    0x08005a40   0x08005a40   0x00000008   Code   RO         4067    i.mpu6050_getID     mpu6050.o
    0x08005a48   0x08005a48   0x00000042   Code   RO         4068    i.mpu6050_init      mpu6050.o
    0x08005a8a   0x08005a8a   0x00000002   PAD
    0x08005a8c   0x08005a8c   0x000000e0   Code   RO         3732    i.mpu6050_ui        menu.o
    0x08005b6c   0x08005b6c   0x00000188   Code   RO         3733    i.mpu6500_GetValue  menu.o
    0x08005cf4   0x08005cf4   0x00000098   Code   RO         3734    i.mpu6500_pages     menu.o
    0x08005d8c   0x08005d8c   0x00000068   Code   RO         3735    i.pinghengyi_ui     menu.o
    0x08005df4   0x08005df4   0x00000048   Code   RO         3736    i.select_mpu6050_ui  menu.o
    0x08005e3c   0x08005e3c   0x00000088   Code   RO         3737    i.set_page          menu.o
    0x08005ec4   0x08005ec4   0x00000038   Code   RO         3738    i.set_view_UI       menu.o
    0x08005efc   0x08005efc   0x0000002c   Code   RO         3997    i.settim_UI_Task    settim.o
    0x08005f28   0x08005f28   0x0000009c   Code   RO         3998    i.settim_draw       settim.o
    0x08005fc4   0x08005fc4   0x00000144   Code   RO         3999    i.settim_edit       settim.o
    0x08006108   0x08006108   0x00000068   Code   RO         4000    i.settim_first_page  settim.o
    0x08006170   0x08006170   0x00000054   Code   RO         4001    i.settim_second_page  settim.o
    0x080061c4   0x080061c4   0x00000048   Code   RO         4002    i.settim_select     settim.o
    0x0800620c   0x0800620c   0x00000084   Code   RO         3739    i.show_clock_UI     menu.o
    0x08006290   0x08006290   0x00000088   Code   RO         3740    i.watch_time_page   menu.o
    0x08006318   0x08006318   0x00000048   Code   RO         3741    i.watch_timer       menu.o
    0x08006360   0x08006360   0x00000084   Code   RO         3742    i.watch_timer_ui    menu.o
    0x080063e4   0x080063e4   0x0000002c   Code   RO         4467    locale$$code        c_w.l(lc_numeric_c.o)
    0x08006410   0x08006410   0x0000002c   Code   RO         4484    locale$$code        c_w.l(lc_ctype_c.o)
    0x0800643c   0x0800643c   0x00000062   Code   RO         4168    x$fpl$d2f           fz_ws.l(d2f.o)
    0x0800649e   0x0800649e   0x00000002   PAD
    0x080064a0   0x080064a0   0x00000150   Code   RO         4170    x$fpl$dadd          fz_ws.l(daddsub_clz.o)
    0x080065f0   0x080065f0   0x00000010   Code   RO         4477    x$fpl$dcheck1       fz_ws.l(dcheck1.o)
    0x08006600   0x08006600   0x00000018   Code   RO         4335    x$fpl$dcmpinf       fz_ws.l(dcmpi.o)
    0x08006618   0x08006618   0x000002b0   Code   RO         4177    x$fpl$ddiv          fz_ws.l(ddiv.o)
    0x080068c8   0x080068c8   0x00000078   Code   RO         4337    x$fpl$deqf          fz_ws.l(deqf.o)
    0x08006940   0x08006940   0x0000005e   Code   RO         4180    x$fpl$dfix          fz_ws.l(dfix.o)
    0x0800699e   0x0800699e   0x0000002e   Code   RO         4189    x$fpl$dflt          fz_ws.l(dflt_clz.o)
    0x080069cc   0x080069cc   0x00000154   Code   RO         4196    x$fpl$dmul          fz_ws.l(dmul.o)
    0x08006b20   0x08006b20   0x0000009c   Code   RO         4339    x$fpl$dnaninf       fz_ws.l(dnaninf.o)
    0x08006bbc   0x08006bbc   0x0000000c   Code   RO         4341    x$fpl$dretinf       fz_ws.l(dretinf.o)
    0x08006bc8   0x08006bc8   0x00000016   Code   RO         4171    x$fpl$drsb          fz_ws.l(daddsub_clz.o)
    0x08006bde   0x08006bde   0x00000002   PAD
    0x08006be0   0x08006be0   0x000001d4   Code   RO         4172    x$fpl$dsub          fz_ws.l(daddsub_clz.o)
    0x08006db4   0x08006db4   0x00000056   Code   RO         4200    x$fpl$f2d           fz_ws.l(f2d.o)
    0x08006e0a   0x08006e0a   0x00000002   PAD
    0x08006e0c   0x08006e0c   0x000000c4   Code   RO         4202    x$fpl$fadd          fz_ws.l(faddsub_clz.o)
    0x08006ed0   0x08006ed0   0x00000184   Code   RO         4209    x$fpl$fdiv          fz_ws.l(fdiv.o)
    0x08007054   0x08007054   0x00000036   Code   RO         4212    x$fpl$ffix          fz_ws.l(ffix.o)
    0x0800708a   0x0800708a   0x00000002   PAD
    0x0800708c   0x0800708c   0x0000003e   Code   RO         4216    x$fpl$ffixu         fz_ws.l(ffixu.o)
    0x080070ca   0x080070ca   0x00000002   PAD
    0x080070cc   0x080070cc   0x00000030   Code   RO         4221    x$fpl$fflt          fz_ws.l(fflt_clz.o)
    0x080070fc   0x080070fc   0x00000026   Code   RO         4220    x$fpl$ffltu         fz_ws.l(fflt_clz.o)
    0x08007122   0x08007122   0x00000002   PAD
    0x08007124   0x08007124   0x00000102   Code   RO         4226    x$fpl$fmul          fz_ws.l(fmul.o)
    0x08007226   0x08007226   0x0000008c   Code   RO         4345    x$fpl$fnaninf       fz_ws.l(fnaninf.o)
    0x080072b2   0x080072b2   0x0000000a   Code   RO         4347    x$fpl$fretinf       fz_ws.l(fretinf.o)
    0x080072bc   0x080072bc   0x00000014   Code   RO         4203    x$fpl$frsb          fz_ws.l(faddsub_clz.o)
    0x080072d0   0x080072d0   0x000000ea   Code   RO         4204    x$fpl$fsub          fz_ws.l(faddsub_clz.o)
    0x080073ba   0x080073ba   0x00000004   Code   RO         4349    x$fpl$printf1       fz_ws.l(printf1.o)
    0x080073be   0x080073be   0x00000004   Code   RO         4351    x$fpl$printf2       fz_ws.l(printf2.o)
    0x080073c2   0x080073c2   0x00000064   Code   RO         4531    x$fpl$retnan        fz_ws.l(retnan.o)
    0x08007426   0x08007426   0x0000005c   Code   RO         4421    x$fpl$scalbn        fz_ws.l(scalbn.o)
    0x08007482   0x08007482   0x00000030   Code   RO         4544    x$fpl$trapveneer    fz_ws.l(trapv.o)
    0x080074b2   0x080074b2   0x00000000   Code   RO         4357    x$fpl$usenofp       fz_ws.l(usenofp.o)
    0x080074b2   0x080074b2   0x00000012   Data   RO         1216    .constdata          stm32f1xx_hal_rcc.o
    0x080074c4   0x080074c4   0x00000012   Data   RO         1308    .constdata          stm32f1xx_hal_rcc_ex.o
    0x080074d6   0x080074d6   0x00000010   Data   RO         3252    .constdata          system_stm32f1xx.o
    0x080074e6   0x080074e6   0x00000008   Data   RO         3253    .constdata          system_stm32f1xx.o
    0x080074ee   0x080074ee   0x000005f0   Data   RO         3390    .constdata          font.o
    0x08007ade   0x08007ade   0x0000023a   Data   RO         3391    .constdata          font.o
    0x08007d18   0x08007d18   0x00000d5c   Data   RO         3392    .constdata          font.o
    0x08008a74   0x08008a74   0x000005be   Data   RO         3393    .constdata          font.o
    0x08009032   0x08009032   0x00000020   Data   RO         3395    .constdata          font.o
    0x08009052   0x08009052   0x00000380   Data   RO         3396    .constdata          font.o
    0x080093d2   0x080093d2   0x00000108   Data   RO         3397    .constdata          font.o
    0x080094da   0x080094da   0x00000002   PAD
    0x080094dc   0x080094dc   0x00000008   Data   RO         4258    .constdata          c_w.l(_printf_wctomb.o)
    0x080094e4   0x080094e4   0x00000028   Data   RO         4287    .constdata          c_w.l(_printf_hex_int_ll_ptr.o)
    0x0800950c   0x0800950c   0x00000011   Data   RO         4307    .constdata          c_w.l(__printf_flags_ss_wp.o)
    0x0800951d   0x0800951d   0x0000000c   Data   RO         4332    .constdata          c_w.l(_monlen.o)
    0x08009529   0x08009529   0x00000007   PAD
    0x08009530   0x08009530   0x00000098   Data   RO         4360    .constdata          m_ws.l(atan.o)
    0x080095c8   0x080095c8   0x00000008   Data   RO         4382    .constdata          m_ws.l(qnan.o)
    0x080095d0   0x080095d0   0x00000026   Data   RO         4410    .constdata          c_w.l(_printf_fp_hex.o)
    0x080095f6   0x080095f6   0x00000002   PAD
    0x080095f8   0x080095f8   0x00000094   Data   RO         4442    .constdata          c_w.l(bigflt0.o)
    0x0800968c   0x0800968c   0x00000020   Data   RO         4614    Region$$Table       anon$$obj.o
    0x080096ac   0x080096ac   0x0000001c   Data   RO         4466    locale$$data        c_w.l(lc_numeric_c.o)
    0x080096c8   0x080096c8   0x00000110   Data   RO         4483    locale$$data        c_w.l(lc_ctype_c.o)


    Execution Region RW_IRAM1 (Exec base: 0x20000000, Load base: 0x080097d8, Size: 0x00001160, Max: 0x00005000, ABSOLUTE)

    Exec Addr    Load Addr    Size         Type   Attr      Idx    E Section Name        Object

    0x20000000   0x080097d8   0x0000000c   Data   RW         1053    .data               stm32f1xx_hal.o
    0x2000000c   0x080097e4   0x00000004   Data   RW         3254    .data               system_stm32f1xx.o
    0x20000010   0x080097e8   0x0000000c   Data   RW         3422    .data               myrtc.o
    0x2000001c   0x080097f4   0x0000006c   Data   RW         3745    .data               menu.o
    0x20000088   0x08009860   0x00000002   Data   RW         3927    .data               key.o
    0x2000008a   0x08009862   0x00000001   Data   RW         3928    .data               key.o
    0x2000008b   0x08009863   0x00000001   PAD
    0x2000008c   0x08009864   0x00000004   Data   RW         3970    .data               led.o
    0x20000090   0x08009868   0x00000002   Data   RW         4003    .data               settim.o
    0x20000092   0x0800986a   0x00000002   PAD
    0x20000094   0x0800986c   0x00000018   Data   RW         4069    .data               mpu6050.o
    0x200000ac        -       0x00000054   Zero   RW          302    .bss                i2c.o
    0x20000100        -       0x00000014   Zero   RW          344    .bss                rtc.o
    0x20000114        -       0x000000d8   Zero   RW          389    .bss                tim.o
    0x200001ec        -       0x00000400   Zero   RW         3504    .bss                oled.o
    0x200005ec   0x08009884   0x00000004   PAD
    0x200005f0        -       0x000004c8   Zero   RW         3743    .bss                menu.o
    0x20000ab8        -       0x00000018   Zero   RW         3926    .bss                key.o
    0x20000ad0        -       0x0000002c   Zero   RW         4160    .bss                c_w.l(localtime.o)
    0x20000afc        -       0x00000060   Zero   RW         4428    .bss                c_w.l(libspace.o)
    0x20000b5c   0x08009884   0x00000004   PAD
    0x20000b60        -       0x00000200   Zero   RW            2    HEAP                startup_stm32f103xb.o
    0x20000d60        -       0x00000400   Zero   RW            1    STACK               startup_stm32f103xb.o


==============================================================================

Image component sizes


      Code (inc. data)   RO Data    RW Data    ZI Data      Debug   Object Name

        36         10          0          0          0        389   delay.o
         0          0       8172          0          0       1500   font.o
       224         16          0          0          0     429203   gpio.o
       160         28          0          0         84       1497   i2c.o
       232         26          0          3         24       2088   key.o
        80         10          0          4          0        558   led.o
       248         18          0          0          0     412836   main.o
      3598        498          0        108       1224      18998   menu.o
       582         24          0         24          0       6210   mpu6050.o
       240         26          0         12          0       2995   myrtc.o
      1750         68          0          0       1024      14221   oled.o
       176         20          0          0         20       1459   rtc.o
       784        120          0          2          0       4275   settim.o
        64         26        236          0       1536        776   startup_stm32f103xb.o
       164         28          0         12          0       5633   stm32f1xx_hal.o
       198         14          0          0          0      28751   stm32f1xx_hal_cortex.o
       500         34          0          0          0       3383   stm32f1xx_hal_gpio.o
      2382         56          0          0          0      12606   stm32f1xx_hal_i2c.o
        60          8          0          0          0        806   stm32f1xx_hal_msp.o
        12          4          0          0          0        479   stm32f1xx_hal_pwr.o
      1240         84         18          0          0       4920   stm32f1xx_hal_rcc.o
       400         28         18          0          0       2369   stm32f1xx_hal_rcc_ex.o
       910         12          0          0          0       8944   stm32f1xx_hal_rtc.o
        32         10          0          0          0       1539   stm32f1xx_hal_rtc_ex.o
      1738         56          0          0          0      15374   stm32f1xx_hal_tim.o
       192         12          0          0          0       3029   stm32f1xx_hal_tim_ex.o
        44         12          0          0          0       4374   stm32f1xx_it.o
         2          0         24          4          0       1019   system_stm32f1xx.o
       604         48          0          0        216       3530   tim.o

    ----------------------------------------------------------------------
     16692       1296       8502        172       4132     993761   Object Totals
         0          0         32          0          0          0   (incl. Generated)
        40          0          2          3          4          0   (incl. Padding)

    ----------------------------------------------------------------------

      Code (inc. data)   RO Data    RW Data    ZI Data      Debug   Library Member Name

         8          0          0          0          0         68   __main.o
       392          4         17          0          0         92   __printf_flags_ss_wp.o
        14          0          0          0          0         68   __printf_wp.o
         0          0          0          0          0          0   __rtentry.o
        12          0          0          0          0          0   __rtentry2.o
         6          0          0          0          0          0   __rtentry4.o
        52          8          0          0          0          0   __scatter.o
        26          0          0          0          0          0   __scatter_copy.o
        28          0          0          0          0          0   __scatter_zi.o
         0          0         12          0          0          0   _monlen.o
         6          0          0          0          0          0   _printf_a.o
         6          0          0          0          0          0   _printf_c.o
        44          0          0          0          0        108   _printf_char.o
        48          6          0          0          0         96   _printf_char_common.o
        40          0          0          0          0         68   _printf_charcount.o
         6          0          0          0          0          0   _printf_d.o
       120         16          0          0          0         92   _printf_dec.o
         6          0          0          0          0          0   _printf_e.o
         6          0          0          0          0          0   _printf_f.o
      1054          0          0          0          0        216   _printf_fp_dec.o
       764          8         38          0          0        100   _printf_fp_hex.o
       128         16          0          0          0         84   _printf_fp_infnan.o
         6          0          0          0          0          0   _printf_g.o
       148          4         40          0          0        160   _printf_hex_int_ll_ptr.o
         6          0          0          0          0          0   _printf_i.o
       178          0          0          0          0         88   _printf_intcommon.o
        10          0          0          0          0          0   _printf_l.o
         6          0          0          0          0          0   _printf_lc.o
        10          0          0          0          0          0   _printf_ll.o
         6          0          0          0          0          0   _printf_lld.o
         6          0          0          0          0          0   _printf_lli.o
         6          0          0          0          0          0   _printf_llo.o
         6          0          0          0          0          0   _printf_llu.o
         6          0          0          0          0          0   _printf_llx.o
       124         16          0          0          0         92   _printf_longlong_dec.o
         6          0          0          0          0          0   _printf_ls.o
         6          0          0          0          0          0   _printf_n.o
         6          0          0          0          0          0   _printf_o.o
       112         10          0          0          0        124   _printf_oct_int_ll.o
         6          0          0          0          0          0   _printf_p.o
        78          0          0          0          0        108   _printf_pad.o
         0          0          0          0          0          0   _printf_percent.o
         4          0          0          0          0          0   _printf_percent_end.o
         6          0          0          0          0          0   _printf_s.o
        82          0          0          0          0         80   _printf_str.o
        36          0          0          0          0         84   _printf_truncate.o
         6          0          0          0          0          0   _printf_u.o
        44          0          0          0          0        108   _printf_wchar.o
       188          6          8          0          0         92   _printf_wctomb.o
         6          0          0          0          0          0   _printf_x.o
        22          0          0          0          0        100   _rserrno.o
        10          0          0          0          0         68   _sputc.o
        64          0          0          0          0         92   _wcrtomb.o
       228          4        148          0          0         96   bigflt0.o
      1936        128          0          0          0        672   btod.o
        18          0          0          0          0         80   exit.o
         6          0          0          0          0        152   heapauxi.o
         0          0          0          0          0          0   indicate_semi.o
        44         10        272          0          0         76   lc_ctype_c.o
        44         10         28          0          0         76   lc_numeric_c.o
         2          0          0          0          0          0   libinit.o
        30          0          0          0          0          0   libinit2.o
         2          0          0          0          0          0   libshutdown.o
         2          0          0          0          0          0   libshutdown2.o
         8          4          0          0         96         68   libspace.o
       138          0          0          0          0         80   lludiv10.o
        12          6          0          0         44         68   localtime.o
       184          6          0          0          0         80   localtime_internal.o
       428         10          0          0          0        116   mktime.o
        16          4          0          0          0         76   rt_ctype_table.o
         8          4          0          0          0         68   rt_errno_addr_intlibspace.o
         8          4          0          0          0         68   rt_locale_intlibspace.o
        78          0          0          0          0         80   rt_memclr_w.o
       100          0          0          0          0         80   rt_memcpy_w.o
         2          0          0          0          0          0   rtexit.o
        10          0          0          0          0          0   rtexit2.o
       128          0          0          0          0         68   strcmpv7m.o
        12          4          0          0          0         68   sys_exit.o
        74          0          0          0          0         80   sys_stackheap_outer.o
         2          0          0          0          0         68   use_no_semi.o
        36          4          0          0          0         76   vsprintf.o
        98          4          0          0          0         92   d2f.o
       826         16          0          0          0        348   daddsub_clz.o
        16          4          0          0          0         68   dcheck1.o
        24          0          0          0          0         68   dcmpi.o
       688        140          0          0          0        208   ddiv.o
       120          4          0          0          0         92   deqf.o
        94          4          0          0          0         92   dfix.o
        46          0          0          0          0         68   dflt_clz.o
       340         12          0          0          0        104   dmul.o
       156          4          0          0          0         92   dnaninf.o
        12          0          0          0          0         68   dretinf.o
        86          4          0          0          0         84   f2d.o
       450          8          0          0          0        236   faddsub_clz.o
       388         76          0          0          0         96   fdiv.o
        54          4          0          0          0         84   ffix.o
        62          4          0          0          0         84   ffixu.o
        86          0          0          0          0        136   fflt_clz.o
       258          4          0          0          0         84   fmul.o
       140          4          0          0          0         84   fnaninf.o
        10          0          0          0          0         68   fretinf.o
         4          0          0          0          0         68   printf1.o
         4          0          0          0          0         68   printf2.o
       100          0          0          0          0         68   retnan.o
        92          0          0          0          0         68   scalbn.o
        48          0          0          0          0         68   trapv.o
         0          0          0          0          0          0   usenofp.o
       544         70        152          0          0        124   atan.o
       412         38          0          0          0        144   atan2.o
        26          6          0          0          0        204   dunder.o
        40          0          0          0          0         68   fpclassify.o
       170          0          0          0          0         96   poly.o
         0          0          8          0          0          0   qnan.o

    ----------------------------------------------------------------------
     12946        698        732          0        144       7716   Library Totals
        30          0          9          0          4          0   (incl. Padding)

    ----------------------------------------------------------------------

      Code (inc. data)   RO Data    RW Data    ZI Data      Debug   Library Name

      7522        292        563          0        140       4484   c_w.l
      4202        292          0          0          0       2596   fz_ws.l
      1192        114        160          0          0        636   m_ws.l

    ----------------------------------------------------------------------
     12946        698        732          0        144       7716   Library Totals

    ----------------------------------------------------------------------

==============================================================================


      Code (inc. data)   RO Data    RW Data    ZI Data      Debug   

     29638       1994       9234        172       4276     988577   Grand Totals
     29638       1994       9234        172       4276     988577   ELF Image Totals
     29638       1994       9234        172          0          0   ROM Totals

==============================================================================

    Total RO  Size (Code + RO Data)                38872 (  37.96kB)
    Total RW  Size (RW Data + ZI Data)              4448 (   4.34kB)
    Total ROM Size (Code + RO Data + RW Data)      39044 (  38.13kB)

==============================================================================

